Archive member included to satisfy reference by file (symbol)

C:/ST/STM32CubeCLT_1.17.0/GNU-tools-for-STM32/bin/../lib/gcc/arm-none-eabi/12.3.1/../../../../arm-none-eabi/lib/thumb/v7e-m+fp/hard\libc_nano.a(libc_a-exit.o)
                              C:/ST/STM32CubeCLT_1.17.0/GNU-tools-for-STM32/bin/../lib/gcc/arm-none-eabi/12.3.1/../../../../arm-none-eabi/lib/thumb/v7e-m+fp/hard/crt0.o (exit)
C:/ST/STM32CubeCLT_1.17.0/GNU-tools-for-STM32/bin/../lib/gcc/arm-none-eabi/12.3.1/../../../../arm-none-eabi/lib/thumb/v7e-m+fp/hard\libc_nano.a(libc_a-nano-vfprintf_float.o)
                              (_printf_float)
C:/ST/STM32CubeCLT_1.17.0/GNU-tools-for-STM32/bin/../lib/gcc/arm-none-eabi/12.3.1/../../../../arm-none-eabi/lib/thumb/v7e-m+fp/hard\libc_nano.a(libc_a-nano-vfprintf_i.o)
                              C:/ST/STM32CubeCLT_1.17.0/GNU-tools-for-STM32/bin/../lib/gcc/arm-none-eabi/12.3.1/../../../../arm-none-eabi/lib/thumb/v7e-m+fp/hard\libc_nano.a(libc_a-nano-vfprintf_float.o) (_printf_common)
C:/ST/STM32CubeCLT_1.17.0/GNU-tools-for-STM32/bin/../lib/gcc/arm-none-eabi/12.3.1/../../../../arm-none-eabi/lib/thumb/v7e-m+fp/hard\libc_nano.a(libc_a-findfp.o)
                              C:/ST/STM32CubeCLT_1.17.0/GNU-tools-for-STM32/bin/../lib/gcc/arm-none-eabi/12.3.1/../../../../arm-none-eabi/lib/thumb/v7e-m+fp/hard\libc_nano.a(libc_a-exit.o) (__stdio_exit_handler)
C:/ST/STM32CubeCLT_1.17.0/GNU-tools-for-STM32/bin/../lib/gcc/arm-none-eabi/12.3.1/../../../../arm-none-eabi/lib/thumb/v7e-m+fp/hard\libc_nano.a(libc_a-fwalk.o)
                              C:/ST/STM32CubeCLT_1.17.0/GNU-tools-for-STM32/bin/../lib/gcc/arm-none-eabi/12.3.1/../../../../arm-none-eabi/lib/thumb/v7e-m+fp/hard\libc_nano.a(libc_a-findfp.o) (_fwalk_sglue)
C:/ST/STM32CubeCLT_1.17.0/GNU-tools-for-STM32/bin/../lib/gcc/arm-none-eabi/12.3.1/../../../../arm-none-eabi/lib/thumb/v7e-m+fp/hard\libc_nano.a(libc_a-stdio.o)
                              C:/ST/STM32CubeCLT_1.17.0/GNU-tools-for-STM32/bin/../lib/gcc/arm-none-eabi/12.3.1/../../../../arm-none-eabi/lib/thumb/v7e-m+fp/hard\libc_nano.a(libc_a-findfp.o) (__sread)
C:/ST/STM32CubeCLT_1.17.0/GNU-tools-for-STM32/bin/../lib/gcc/arm-none-eabi/12.3.1/../../../../arm-none-eabi/lib/thumb/v7e-m+fp/hard\libc_nano.a(libc_a-memset.o)
                              C:/ST/STM32CubeCLT_1.17.0/GNU-tools-for-STM32/bin/../lib/gcc/arm-none-eabi/12.3.1/../../../../arm-none-eabi/lib/thumb/v7e-m+fp/hard/crt0.o (memset)
C:/ST/STM32CubeCLT_1.17.0/GNU-tools-for-STM32/bin/../lib/gcc/arm-none-eabi/12.3.1/../../../../arm-none-eabi/lib/thumb/v7e-m+fp/hard\libc_nano.a(libc_a-localeconv.o)
                              C:/ST/STM32CubeCLT_1.17.0/GNU-tools-for-STM32/bin/../lib/gcc/arm-none-eabi/12.3.1/../../../../arm-none-eabi/lib/thumb/v7e-m+fp/hard\libc_nano.a(libc_a-nano-vfprintf_float.o) (_localeconv_r)
C:/ST/STM32CubeCLT_1.17.0/GNU-tools-for-STM32/bin/../lib/gcc/arm-none-eabi/12.3.1/../../../../arm-none-eabi/lib/thumb/v7e-m+fp/hard\libc_nano.a(libc_a-closer.o)
                              C:/ST/STM32CubeCLT_1.17.0/GNU-tools-for-STM32/bin/../lib/gcc/arm-none-eabi/12.3.1/../../../../arm-none-eabi/lib/thumb/v7e-m+fp/hard\libc_nano.a(libc_a-stdio.o) (_close_r)
C:/ST/STM32CubeCLT_1.17.0/GNU-tools-for-STM32/bin/../lib/gcc/arm-none-eabi/12.3.1/../../../../arm-none-eabi/lib/thumb/v7e-m+fp/hard\libc_nano.a(libc_a-reent.o)
                              C:/ST/STM32CubeCLT_1.17.0/GNU-tools-for-STM32/bin/../lib/gcc/arm-none-eabi/12.3.1/../../../../arm-none-eabi/lib/thumb/v7e-m+fp/hard\libc_nano.a(libc_a-closer.o) (errno)
C:/ST/STM32CubeCLT_1.17.0/GNU-tools-for-STM32/bin/../lib/gcc/arm-none-eabi/12.3.1/../../../../arm-none-eabi/lib/thumb/v7e-m+fp/hard\libc_nano.a(libc_a-impure.o)
                              C:/ST/STM32CubeCLT_1.17.0/GNU-tools-for-STM32/bin/../lib/gcc/arm-none-eabi/12.3.1/../../../../arm-none-eabi/lib/thumb/v7e-m+fp/hard\libc_nano.a(libc_a-reent.o) (_impure_ptr)
C:/ST/STM32CubeCLT_1.17.0/GNU-tools-for-STM32/bin/../lib/gcc/arm-none-eabi/12.3.1/../../../../arm-none-eabi/lib/thumb/v7e-m+fp/hard\libc_nano.a(libc_a-lseekr.o)
                              C:/ST/STM32CubeCLT_1.17.0/GNU-tools-for-STM32/bin/../lib/gcc/arm-none-eabi/12.3.1/../../../../arm-none-eabi/lib/thumb/v7e-m+fp/hard\libc_nano.a(libc_a-stdio.o) (_lseek_r)
C:/ST/STM32CubeCLT_1.17.0/GNU-tools-for-STM32/bin/../lib/gcc/arm-none-eabi/12.3.1/../../../../arm-none-eabi/lib/thumb/v7e-m+fp/hard\libc_nano.a(libc_a-readr.o)
                              C:/ST/STM32CubeCLT_1.17.0/GNU-tools-for-STM32/bin/../lib/gcc/arm-none-eabi/12.3.1/../../../../arm-none-eabi/lib/thumb/v7e-m+fp/hard\libc_nano.a(libc_a-stdio.o) (_read_r)
C:/ST/STM32CubeCLT_1.17.0/GNU-tools-for-STM32/bin/../lib/gcc/arm-none-eabi/12.3.1/../../../../arm-none-eabi/lib/thumb/v7e-m+fp/hard\libc_nano.a(libc_a-writer.o)
[...]
Memory Configuration

Name             Origin             Length             Attributes
RAM              0x20000000         0x00020000         xrw
FLASH            0x08000000         0x00080000         xr
*default*        0x00000000         0xffffffff

Linker script and memory map

LOAD C:/ST/STM32CubeCLT_1.17.0/GNU-tools-for-STM32/bin/../lib/gcc/arm-none-eabi/12.3.1/thumb/v7e-m+fp/hard/crti.o
LOAD C:/ST/STM32CubeCLT_1.17.0/GNU-tools-for-STM32/bin/../lib/gcc/arm-none-eabi/12.3.1/thumb/v7e-m+fp/hard/crtbegin.o
LOAD C:/ST/STM32CubeCLT_1.17.0/GNU-tools-for-STM32/bin/../lib/gcc/arm-none-eabi/12.3.1/../../../../arm-none-eabi/lib/thumb/v7e-m+fp/hard/crt0.o
START GROUP
LOAD C:/ST/STM32CubeCLT_1.17.0/GNU-tools-for-STM32/bin/../lib/gcc/arm-none-eabi/12.3.1/../../../../arm-none-eabi/lib/thumb/v7e-m+fp/hard\libc_nano.a
LOAD C:/ST/STM32CubeCLT_1.17.0/GNU-tools-for-STM32/bin/../lib/gcc/arm-none-eabi/12.3.1/../../../../arm-none-eabi/lib/thumb/v7e-m+fp/hard\libm.a
END GROUP
LOAD CMakeFiles/Kalman_Filter_Comparison_Project_STM32.dir/Core/Src/mpu6050.c.obj
LOAD CMakeFiles/Kalman_Filter_Comparison_Project_STM32.dir/Core/Src/gps_neo6.c.obj
LOAD CMakeFiles/Kalman_Filter_Comparison_Project_STM32.dir/Core/Src/data_gps.c.obj
LOAD CMakeFiles/Kalman_Filter_Comparison_Project_STM32.dir/Core/Src/data_imu.c.obj
LOAD CMakeFiles/Kalman_Filter_Comparison_Project_STM32.dir/Core/Src/MPU9250-DMP.c.obj
LOAD CMakeFiles/Kalman_Filter_Comparison_Project_STM32.dir/Core/Src/stm32_mpu9250_clk.c.obj
LOAD CMakeFiles/Kalman_Filter_Comparison_Project_STM32.dir/Core/Src/stm32_mpu9250_i2c.c.obj
LOAD CMakeFiles/Kalman_Filter_Comparison_Project_STM32.dir/Core/Src/inv_mpu.c.obj
LOAD CMakeFiles/Kalman_Filter_Comparison_Project_STM32.dir/Core/Src/inv_mpu_dmp_motion_driver.c.obj
LOAD CMakeFiles/Kalman_Filter_Comparison_Project_STM32.dir/Core/Src/eekf_mat.c.obj
LOAD CMakeFiles/Kalman_Filter_Comparison_Project_STM32.dir/Core/Src/eekf.c.obj
LOAD CMakeFiles/Kalman_Filter_Comparison_Project_STM32.dir/Core/Src/kf_1.c.obj
LOAD CMakeFiles/Kalman_Filter_Comparison_Project_STM32.dir/Core/Src/ekf_1.c.obj
LOAD CMakeFiles/Kalman_Filter_Comparison_Project_STM32.dir/Core/Src/ekf_2.c.obj
LOAD CMakeFiles/Kalman_Filter_Comparison_Project_STM32.dir/Core/Src/yafl_math.c.obj
LOAD CMakeFiles/Kalman_Filter_Comparison_Project_STM32.dir/Core/Src/yafl.c.obj
LOAD CMakeFiles/Kalman_Filter_Comparison_Project_STM32.dir/Core/Src/ukf_1.c.obj
LOAD CMakeFiles/Kalman_Filter_Comparison_Project_STM32.dir/Core/Src/main.c.obj
LOAD CMakeFiles/Kalman_Filter_Comparison_Project_STM32.dir/Core/Src/gpio.c.obj
LOAD CMakeFiles/Kalman_Filter_Comparison_Project_STM32.dir/Core/Src/i2c.c.obj
LOAD CMakeFiles/Kalman_Filter_Comparison_Project_STM32.dir/Core/Src/usart.c.obj
LOAD CMakeFiles/Kalman_Filter_Comparison_Project_STM32.dir/Core/Src/stm32f4xx_it.c.obj
LOAD CMakeFiles/Kalman_Filter_Comparison_Project_STM32.dir/Core/Src/stm32f4xx_hal_msp.c.obj
LOAD CMakeFiles/Kalman_Filter_Comparison_Project_STM32.dir/Drivers/STM32F4xx_HAL_Driver/Src/stm32f4xx_hal_i2c.c.obj
LOAD CMakeFiles/Kalman_Filter_Comparison_Project_STM32.dir/Drivers/STM32F4xx_HAL_Driver/Src/stm32f4xx_hal_i2c_ex.c.obj
LOAD CMakeFiles/Kalman_Filter_Comparison_Project_STM32.dir/Drivers/STM32F4xx_HAL_Driver/Src/stm32f4xx_hal_rcc.c.obj
LOAD CMakeFiles/Kalman_Filter_Comparison_Project_STM32.dir/Drivers/STM32F4xx_HAL_Driver/Src/stm32f4xx_hal_rcc_ex.c.obj
LOAD CMakeFiles/Kalman_Filter_Comparison_Project_STM32.dir/Drivers/STM32F4xx_HAL_Driver/Src/stm32f4xx_hal_flash.c.obj
LOAD CMakeFiles/Kalman_Filter_Comparison_Project_STM32.dir/Drivers/STM32F4xx_HAL_Driver/Src/stm32f4xx_hal_flash_ex.c.obj
LOAD CMakeFiles/Kalman_Filter_Comparison_Project_STM32.dir/Drivers/STM32F4xx_HAL_Driver/Src/stm32f4xx_hal_flash_ramfunc.c.obj
LOAD CMakeFiles/Kalman_Filter_Comparison_Project_STM32.dir/Drivers/STM32F4xx_HAL_Driver/Src/stm32f4xx_hal_gpio.c.obj
LOAD CMakeFiles/Kalman_Filter_Comparison_Project_STM32.dir/Drivers/STM32F4xx_HAL_Driver/Src/stm32f4xx_hal_dma_ex.c.obj
LOAD CMakeFiles/Kalman_Filter_Comparison_Project_STM32.dir/Drivers/STM32F4xx_HAL_Driver/Src/stm32f4xx_hal_dma.c.obj
LOAD CMakeFiles/Kalman_Filter_Comparison_Project_STM32.dir/Drivers/STM32F4xx_HAL_Driver/Src/stm32f4xx_hal_pwr.c.obj
LOAD CMakeFiles/Kalman_Filter_Comparison_Project_STM32.dir/Drivers/STM32F4xx_HAL_Driver/Src/stm32f4xx_hal_pwr_ex.c.obj
LOAD CMakeFiles/Kalman_Filter_Comparison_Project_STM32.dir/Drivers/STM32F4xx_HAL_Driver/Src/stm32f4xx_hal_cortex.c.obj
LOAD CMakeFiles/Kalman_Filter_Comparison_Project_STM32.dir/Drivers/STM32F4xx_HAL_Driver/Src/stm32f4xx_hal.c.obj
LOAD CMakeFiles/Kalman_Filter_Comparison_Project_STM32.dir/Drivers/STM32F4xx_HAL_Driver/Src/stm32f4xx_hal_exti.c.obj
LOAD CMakeFiles/Kalman_Filter_Comparison_Project_STM32.dir/Drivers/STM32F4xx_HAL_Driver/Src/stm32f4xx_hal_uart.c.obj
LOAD CMakeFiles/Kalman_Filter_Comparison_Project_STM32.dir/Core/Src/system_stm32f4xx.c.obj
LOAD CMakeFiles/Kalman_Filter_Comparison_Project_STM32.dir/Core/Src/sysmem.c.obj
LOAD CMakeFiles/Kalman_Filter_Comparison_Project_STM32.dir/Core/Src/syscalls.c.obj
LOAD CMakeFiles/Kalman_Filter_Comparison_Project_STM32.dir/startup_stm32f446xx.s.obj
START GROUP
LOAD C:/ST/STM32CubeCLT_1.17.0/GNU-tools-for-STM32/bin/../lib/gcc/arm-none-eabi/12.3.1/thumb/v7e-m+fp/hard\libgcc.a
LOAD C:/ST/STM32CubeCLT_1.17.0/GNU-tools-for-STM32/bin/../lib/gcc/arm-none-eabi/12.3.1/../../../../arm-none-eabi/lib/thumb/v7e-m+fp/hard\libg_nano.a
LOAD C:/ST/STM32CubeCLT_1.17.0/GNU-tools-for-STM32/bin/../lib/gcc/arm-none-eabi/12.3.1/../../../../arm-none-eabi/lib/thumb/v7e-m+fp/hard\libc_nano.a
END GROUP
START GROUP
LOAD C:/ST/STM32CubeCLT_1.17.0/GNU-tools-for-STM32/bin/../lib/gcc/arm-none-eabi/12.3.1/thumb/v7e-m+fp/hard\libgcc.a
LOAD C:/ST/STM32CubeCLT_1.17.0/GNU-tools-for-STM32/bin/../lib/gcc/arm-none-eabi/12.3.1/../../../../arm-none-eabi/lib/thumb/v7e-m+fp/hard\libc_nano.a
END GROUP
LOAD C:/ST/STM32CubeCLT_1.17.0/GNU-tools-for-STM32/bin/../lib/gcc/arm-none-eabi/12.3.1/thumb/v7e-m+fp/hard/crtend.o
LOAD C:/ST/STM32CubeCLT_1.17.0/GNU-tools-for-STM32/bin/../lib/gcc/arm-none-eabi/12.3.1/thumb/v7e-m+fp/hard/crtn.o
                0x20020000                        _estack = (ORIGIN (RAM) + LENGTH (RAM))
                0x00000200                        _Min_Heap_Size = 0x200
                0x00000400                        _Min_Stack_Size = 0x400

.isr_vector     0x08000000      0x1c4
                0x08000000                        . = ALIGN (0x4)
 *(.isr_vector)
 .isr_vector    0x08000000      0x1c4 CMakeFiles/Kalman_Filter_Comparison_Project_STM32.dir/startup_stm32f446xx.s.obj
                0x08000000                g_pfnVectors
                0x080001c4                        . = ALIGN (0x4)

.text           0x080001d0    0x113e8
                0x080001d0                        . = ALIGN (0x4)
 *(.text)
 .text          0x080001d0       0x40 C:/ST/STM32CubeCLT_1.17.0/GNU-tools-for-STM32/bin/../lib/gcc/arm-none-eabi/12.3.1/thumb/v7e-m+fp/hard/crtbegin.o
 .text          0x08000210       0xa0 C:/ST/STM32CubeCLT_1.17.0/GNU-tools-for-STM32/bin/../lib/gcc/arm-none-eabi/12.3.1/../../../../arm-none-eabi/lib/thumb/v7e-m+fp/hard\libc_nano.a(libc_a-memchr.o)
                0x08000210                memchr
 .text          0x080002b0       0x10 C:/ST/STM32CubeCLT_1.17.0/GNU-tools-for-STM32/bin/../lib/gcc/arm-none-eabi/12.3.1/../../../../arm-none-eabi/lib/thumb/v7e-m+fp/hard\libc_nano.a(libc_a-strlen.o)
                0x080002b0                strlen
 .text          0x080002c0       0x14 C:/ST/STM32CubeCLT_1.17.0/GNU-tools-for-STM32/bin/../lib/gcc/arm-none-eabi/12.3.1/../../../../arm-none-eabi/lib/thumb/v7e-m+fp/hard\libc_nano.a(libc_a-strcmp.o)
                0x080002c0                strcmp
 .text          0x080002d4      0x378 C:/ST/STM32CubeCLT_1.17.0/GNU-tools-for-STM32/bin/../lib/gcc/arm-none-eabi/12.3.1/thumb/v7e-m+fp/hard\libgcc.a(_arm_addsubdf3.o)
                0x080002d4                __aeabi_drsub
                0x080002dc                __aeabi_dsub
                0x080002dc                __subdf3
                0x080002e0                __aeabi_dadd
                0x080002e0                __adddf3
                0x08000558                __floatunsidf
                0x08000558                __aeabi_ui2d
                0x08000578                __floatsidf
                0x08000578                __aeabi_i2d
                0x0800059c                __aeabi_f2d
                0x0800059c                __extendsfdf2
                0x080005e0                __floatundidf
                0x080005e0                __aeabi_ul2d
                0x080005f0                __floatdidf
                0x080005f0                __aeabi_l2d
 .text          0x0800064c      0x424 C:/ST/STM32CubeCLT_1.17.0/GNU-tools-for-STM32/bin/../lib/gcc/arm-none-eabi/12.3.1/thumb/v7e-m+fp/hard\libgcc.a(_arm_muldivdf3.o)
                0x0800064c                __aeabi_dmul
                0x0800064c                __muldf3
                0x080008a0                __divdf3
                0x080008a0                __aeabi_ddiv
 .text          0x08000a70      0x110 C:/ST/STM32CubeCLT_1.17.0/GNU-tools-for-STM32/bin/../lib/gcc/arm-none-eabi/12.3.1/thumb/v7e-m+fp/hard\libgcc.a(_arm_cmpdf2.o)
                0x08000a70                __gtdf2
                0x08000a70                __gedf2
                0x08000a78                __ltdf2
                0x08000a78                __ledf2
                0x08000a80                __nedf2
                0x08000a80                __eqdf2
                0x08000a80                __cmpdf2
                0x08000afc                __aeabi_cdrcmple
                0x08000b0c                __aeabi_cdcmpeq
                0x08000b0c                __aeabi_cdcmple
                0x08000b1c                __aeabi_dcmpeq
                0x08000b30                __aeabi_dcmplt
                0x08000b44                __aeabi_dcmple
                0x08000b58                __aeabi_dcmpge
                0x08000b6c                __aeabi_dcmpgt
 .text          0x08000b80       0x2c C:/ST/STM32CubeCLT_1.17.0/GNU-tools-for-STM32/bin/../lib/gcc/arm-none-eabi/12.3.1/thumb/v7e-m+fp/hard\libgcc.a(_arm_unorddf2.o)
                0x08000b80                __unorddf2
                0x08000b80                __aeabi_dcmpun
 .text          0x08000bac       0x50 C:/ST/STM32CubeCLT_1.17.0/GNU-tools-for-STM32/bin/../lib/gcc/arm-none-eabi/12.3.1/thumb/v7e-m+fp/hard\libgcc.a(_arm_fixdfsi.o)
                0x08000bac                __aeabi_d2iz
                0x08000bac                __fixdfsi
 .text          0x08000bfc       0xa0 C:/ST/STM32CubeCLT_1.17.0/GNU-tools-for-STM32/bin/../lib/gcc/arm-none-eabi/12.3.1/thumb/v7e-m+fp/hard\libgcc.a(_arm_truncdfsf2.o)
                0x08000bfc                __truncdfsf2
                0x08000bfc                __aeabi_d2f
 .text          0x08000c9c       0x30 C:/ST/STM32CubeCLT_1.17.0/GNU-tools-for-STM32/bin/../lib/gcc/arm-none-eabi/12.3.1/thumb/v7e-m+fp/hard\libgcc.a(_aeabi_uldivmod.o)
                0x08000c9c                __aeabi_uldivmod
 .text          0x08000ccc      0x2bc C:/ST/STM32CubeCLT_1.17.0/GNU-tools-for-STM32/bin/../lib/gcc/arm-none-eabi/12.3.1/thumb/v7e-m+fp/hard\libgcc.a(_udivmoddi4.o)
                0x08000ccc                __udivmoddi4
 .text          0x08000f88        0x4 C:/ST/STM32CubeCLT_1.17.0/GNU-tools-for-STM32/bin/../lib/gcc/arm-none-eabi/12.3.1/thumb/v7e-m+fp/hard\libgcc.a(_dvmd_tls.o)
                0x08000f88                __aeabi_idiv0
                0x08000f88                __aeabi_ldiv0
 .text          0x08000f8c       0x40 C:/ST/STM32CubeCLT_1.17.0/GNU-tools-for-STM32/bin/../lib/gcc/arm-none-eabi/12.3.1/thumb/v7e-m+fp/hard\libgcc.a(_arm_fixunsdfsi.o)
                0x08000f8c                __aeabi_d2uiz
                0x08000f8c                __fixunsdfsi
 .text          0x08000fcc       0x30 C:/ST/STM32CubeCLT_1.17.0/GNU-tools-for-STM32/bin/../lib/gcc/arm-none-eabi/12.3.1/thumb/v7e-m+fp/hard\libgcc.a(_fixdfdi.o)
                0x08000fcc                __fixdfdi
                0x08000fcc                __aeabi_d2lz
 .text          0x08000ffc       0x3c C:/ST/STM32CubeCLT_1.17.0/GNU-tools-for-STM32/bin/../lib/gcc/arm-none-eabi/12.3.1/thumb/v7e-m+fp/hard\libgcc.a(_fixunsdfdi.o)
                0x08000ffc                __fixunsdfdi
                0x08000ffc                __aeabi_d2ulz
 *(.text*)
 .text.__cvt    0x08001038       0xca C:/ST/STM32CubeCLT_1.17.0/GNU-tools-for-STM32/bin/../lib/gcc/arm-none-eabi/12.3.1/../../../../arm-none-eabi/lib/thumb/v7e-m+fp/hard\libc_nano.a(libc_a-nano-vfprintf_float.o)
                0x08001038                __cvt
 .text.__exponent
                0x08001102       0x74 C:/ST/STM32CubeCLT_1.17.0/GNU-tools-for-STM32/bin/../lib/gcc/arm-none-eabi/12.3.1/../../../../arm-none-eabi/lib/thumb/v7e-m+fp/hard\libc_nano.a(libc_a-nano-vfprintf_float.o)
                0x08001102                __exponent
 *fill*         0x08001176        0x2 
 .text._printf_float
                0x08001178      0x454 C:/ST/STM32CubeCLT_1.17.0/GNU-tools-for-STM32/bin/../lib/gcc/arm-none-eabi/12.3.1/../../../../arm-none-eabi/lib/thumb/v7e-m+fp/hard\libc_nano.a(libc_a-nano-vfprintf_float.o)
                0x08001178                _printf_float
 .text._printf_common
                0x080015cc       0xda C:/ST/STM32CubeCLT_1.17.0/GNU-tools-for-STM32/bin/../lib/gcc/arm-none-eabi/12.3.1/../../../../arm-none-eabi/lib/thumb/v7e-m+fp/hard\libc_nano.a(libc_a-nano-vfprintf_i.o)
                0x080015cc                _printf_common
 *fill*         0x080016a6        0x2 
 .text._printf_i
                0x080016a8      0x240 C:/ST/STM32CubeCLT_1.17.0/GNU-tools-for-STM32/bin/../lib/gcc/arm-none-eabi/12.3.1/../../../../arm-none-eabi/lib/thumb/v7e-m+fp/hard\libc_nano.a(libc_a-nano-vfprintf_i.o)
                0x080016a8                _printf_i
 .text.std      0x080018e8       0x6c C:/ST/STM32CubeCLT_1.17.0/GNU-tools-for-STM32/bin/../lib/gcc/arm-none-eabi/12.3.1/../../../../arm-none-eabi/lib/thumb/v7e-m+fp/hard\libc_nano.a(libc_a-findfp.o)
 .text.stdio_exit_handler
                0x08001954       0x18 C:/ST/STM32CubeCLT_1.17.0/GNU-tools-for-STM32/bin/../lib/gcc/arm-none-eabi/12.3.1/../../../../arm-none-eabi/lib/thumb/v7e-m+fp/hard\libc_nano.a(libc_a-findfp.o)
 .text.cleanup_stdio
                0x0800196c       0x40 C:/ST/STM32CubeCLT_1.17.0/GNU-tools-for-STM32/bin/../lib/gcc/arm-none-eabi/12.3.1/../../../../arm-none-eabi/lib/thumb/v7e-m+fp/hard\libc_nano.a(libc_a-findfp.o)
 .text.global_stdio_init.part.0
                0x080019ac       0x3c C:/ST/STM32CubeCLT_1.17.0/GNU-tools-for-STM32/bin/../lib/gcc/arm-none-eabi/12.3.1/../../../../arm-none-eabi/lib/thumb/v7e-m+fp/hard\libc_nano.a(libc_a-findfp.o)
 .text.__sfp_lock_acquire
                0x080019e8        0xc C:/ST/STM32CubeCLT_1.17.0/GNU-tools-for-STM32/bin/../lib/gcc/arm-none-eabi/12.3.1/../../../../arm-none-eabi/lib/thumb/v7e-m+fp/hard\libc_nano.a(libc_a-findfp.o)
                0x080019e8                __sfp_lock_acquire
 .text.__sfp_lock_release
                0x080019f4        0xc C:/ST/STM32CubeCLT_1.17.0/GNU-tools-for-STM32/bin/../lib/gcc/arm-none-eabi/12.3.1/../../../../arm-none-eabi/lib/thumb/v7e-m+fp/hard\libc_nano.a(libc_a-findfp.o)
                0x080019f4                __sfp_lock_release
 .text.__sinit  0x08001a00       0x30 C:/ST/STM32CubeCLT_1.17.0/GNU-tools-for-STM32/bin/../lib/gcc/arm-none-eabi/12.3.1/../../../../arm-none-eabi/lib/thumb/v7e-m+fp/hard\libc_nano.a(libc_a-findfp.o)
                0x08001a00                __sinit
 .text._fwalk_sglue
                0x08001a30       0x3c C:/ST/STM32CubeCLT_1.17.0/GNU-tools-for-STM32/bin/../lib/gcc/arm-none-eabi/12.3.1/../../../../arm-none-eabi/lib/thumb/v7e-m+fp/hard\libc_nano.a(libc_a-fwalk.o)
                0x08001a30                _fwalk_sglue
 .text.__sread  0x08001a6c       0x22 C:/ST/STM32CubeCLT_1.17.0/GNU-tools-for-STM32/bin/../lib/gcc/arm-none-eabi/12.3.1/../../../../arm-none-eabi/lib/thumb/v7e-m+fp/hard\libc_nano.a(libc_a-stdio.o)
                0x08001a6c                __sread
 .text.__swrite
                0x08001a8e       0x38 C:/ST/STM32CubeCLT_1.17.0/GNU-tools-for-STM32/bin/../lib/gcc/arm-none-eabi/12.3.1/../../../../arm-none-eabi/lib/thumb/v7e-m+fp/hard\libc_nano.a(libc_a-stdio.o)
                0x08001a8e                __swrite
 .text.__sseek  0x08001ac6       0x24 C:/ST/STM32CubeCLT_1.17.0/GNU-tools-for-STM32/bin/../lib/gcc/arm-none-eabi/12.3.1/../../../../arm-none-eabi/lib/thumb/v7e-m+fp/hard\libc_nano.a(libc_a-stdio.o)
                0x08001ac6                __sseek
 .text.__sclose
                0x08001aea        0x8 C:/ST/STM32CubeCLT_1.17.0/GNU-tools-for-STM32/bin/../lib/gcc/arm-none-eabi/12.3.1/../../../../arm-none-eabi/lib/thumb/v7e-m+fp/hard\libc_nano.a(libc_a-stdio.o)
                0x08001aea                __sclose
 .text.memset   0x08001af2       0x10 C:/ST/STM32CubeCLT_1.17.0/GNU-tools-for-STM32/bin/../lib/gcc/arm-none-eabi/12.3.1/../../../../arm-none-eabi/lib/thumb/v7e-m+fp/hard\libc_nano.a(libc_a-memset.o)
                0x08001af2                memset
 *fill*         0x08001b02        0x2 
 .text._localeconv_r
                0x08001b04        0x8 C:/ST/STM32CubeCLT_1.17.0/GNU-tools-for-STM32/bin/../lib/gcc/arm-none-eabi/12.3.1/../../../../arm-none-eabi/lib/thumb/v7e-m+fp/hard\libc_nano.a(libc_a-localeconv.o)
                0x08001b04                _localeconv_r
 .text._close_r
                0x08001b0c       0x20 C:/ST/STM32CubeCLT_1.17.0/GNU-tools-for-STM32/bin/../lib/gcc/arm-none-eabi/12.3.1/../../../../arm-none-eabi/lib/thumb/v7e-m+fp/hard\libc_nano.a(libc_a-closer.o)
                0x08001b0c                _close_r
 .text._lseek_r
                0x08001b2c       0x24 C:/ST/STM32CubeCLT_1.17.0/GNU-tools-for-STM32/bin/../lib/gcc/arm-none-eabi/12.3.1/../../../../arm-none-eabi/lib/thumb/v7e-m+fp/hard\libc_nano.a(libc_a-lseekr.o)
                0x08001b2c                _lseek_r
 .text._read_r  0x08001b50       0x24 C:/ST/STM32CubeCLT_1.17.0/GNU-tools-for-STM32/bin/../lib/gcc/arm-none-eabi/12.3.1/../../../../arm-none-eabi/lib/thumb/v7e-m+fp/hard\libc_nano.a(libc_a-readr.o)
                0x08001b50                _read_r
 .text._write_r
                0x08001b74       0x24 C:/ST/STM32CubeCLT_1.17.0/GNU-tools-for-STM32/bin/../lib/gcc/arm-none-eabi/12.3.1/../../../../arm-none-eabi/lib/thumb/v7e-m+fp/hard\libc_nano.a(libc_a-writer.o)
                0x08001b74                _write_r
 .text.__libc_init_array
                0x08001b98       0x48 C:/ST/STM32CubeCLT_1.17.0/GNU-tools-for-STM32/bin/../lib/gcc/arm-none-eabi/12.3.1/../../../../arm-none-eabi/lib/thumb/v7e-m+fp/hard\libc_nano.a(libc_a-init.o)
                0x08001b98                __libc_init_array
 .text.__retarget_lock_init_recursive
                0x08001be0        0x2 C:/ST/STM32CubeCLT_1.17.0/GNU-tools-for-STM32/bin/../lib/gcc/arm-none-eabi/12.3.1/../../../../arm-none-eabi/lib/thumb/v7e-m+fp/hard\libc_nano.a(libc_a-lock.o)
                0x08001be0                __retarget_lock_init_recursive
 .text.__retarget_lock_acquire_recursive
                0x08001be2        0x2 C:/ST/STM32CubeCLT_1.17.0/GNU-tools-for-STM32/bin/../lib/gcc/arm-none-eabi/12.3.1/../../../../arm-none-eabi/lib/thumb/v7e-m+fp/hard\libc_nano.a(libc_a-lock.o)
                0x08001be2                __retarget_lock_acquire_recursive
 .text.__retarget_lock_release_recursive
                0x08001be4        0x2 C:/ST/STM32CubeCLT_1.17.0/GNU-tools-for-STM32/bin/../lib/gcc/arm-none-eabi/12.3.1/../../../../arm-none-eabi/lib/thumb/v7e-m+fp/hard\libc_nano.a(libc_a-lock.o)
                0x08001be4                __retarget_lock_release_recursive
 .text.quorem   0x08001be6      0x110 C:/ST/STM32CubeCLT_1.17.0/GNU-tools-for-STM32/bin/../lib/gcc/arm-none-eabi/12.3.1/../../../../arm-none-eabi/lib/thumb/v7e-m+fp/hard\libc_nano.a(libc_a-dtoa.o)
 *fill*         0x08001cf6        0x2 
 .text._dtoa_r  0x08001cf8      0xb88 C:/ST/STM32CubeCLT_1.17.0/GNU-tools-for-STM32/bin/../lib/gcc/arm-none-eabi/12.3.1/../../../../arm-none-eabi/lib/thumb/v7e-m+fp/hard\libc_nano.a(libc_a-dtoa.o)
                0x08001cf8                _dtoa_r
 .text._free_r  0x08002880       0x94 C:/ST/STM32CubeCLT_1.17.0/GNU-tools-for-STM32/bin/../lib/gcc/arm-none-eabi/12.3.1/../../../../arm-none-eabi/lib/thumb/v7e-m+fp/hard\libc_nano.a(libc_a-freer.o)
                0x08002880                _free_r
 .text.malloc   0x08002914       0x10 C:/ST/STM32CubeCLT_1.17.0/GNU-tools-for-STM32/bin/../lib/gcc/arm-none-eabi/12.3.1/../../../../arm-none-eabi/lib/thumb/v7e-m+fp/hard\libc_nano.a(libc_a-malloc.o)
                0x08002914                malloc
 .text.sbrk_aligned
                0x08002924       0x44 C:/ST/STM32CubeCLT_1.17.0/GNU-tools-for-STM32/bin/../lib/gcc/arm-none-eabi/12.3.1/../../../../arm-none-eabi/lib/thumb/v7e-m+fp/hard\libc_nano.a(libc_a-mallocr.o)
 .text._malloc_r
                0x08002968      0x100 C:/ST/STM32CubeCLT_1.17.0/GNU-tools-for-STM32/bin/../lib/gcc/arm-none-eabi/12.3.1/../../../../arm-none-eabi/lib/thumb/v7e-m+fp/hard\libc_nano.a(libc_a-mallocr.o)
                0x08002968                _malloc_r
 .text.__malloc_lock
                0x08002a68        0xc C:/ST/STM32CubeCLT_1.17.0/GNU-tools-for-STM32/bin/../lib/gcc/arm-none-eabi/12.3.1/../../../../arm-none-eabi/lib/thumb/v7e-m+fp/hard\libc_nano.a(libc_a-mlock.o)
                0x08002a68                __malloc_lock
 .text.__malloc_unlock
                0x08002a74        0xc C:/ST/STM32CubeCLT_1.17.0/GNU-tools-for-STM32/bin/../lib/gcc/arm-none-eabi/12.3.1/../../../../arm-none-eabi/lib/thumb/v7e-m+fp/hard\libc_nano.a(libc_a-mlock.o)
                0x08002a74                __malloc_unlock
 .text._Balloc  0x08002a80       0x80 C:/ST/STM32CubeCLT_1.17.0/GNU-tools-for-STM32/bin/../lib/gcc/arm-none-eabi/12.3.1/../../../../arm-none-eabi/lib/thumb/v7e-m+fp/hard\libc_nano.a(libc_a-mprec.o)
                0x08002a80                _Balloc
 .text._Bfree   0x08002b00       0x44 C:/ST/STM32CubeCLT_1.17.0/GNU-tools-for-STM32/bin/../lib/gcc/arm-none-eabi/12.3.1/../../../../arm-none-eabi/lib/thumb/v7e-m+fp/hard\libc_nano.a(libc_a-mprec.o)
                0x08002b00                _Bfree
 .text.__multadd
                0x08002b44       0x8c C:/ST/STM32CubeCLT_1.17.0/GNU-tools-for-STM32/bin/../lib/gcc/arm-none-eabi/12.3.1/../../../../arm-none-eabi/lib/thumb/v7e-m+fp/hard\libc_nano.a(libc_a-mprec.o)
                0x08002b44                __multadd
 .text.__s2b    0x08002bd0       0x94 C:/ST/STM32CubeCLT_1.17.0/GNU-tools-for-STM32/bin/../lib/gcc/arm-none-eabi/12.3.1/../../../../arm-none-eabi/lib/thumb/v7e-m+fp/hard\libc_nano.a(libc_a-mprec.o)
                0x08002bd0                __s2b
 .text.__hi0bits
                0x08002c64       0x3e C:/ST/STM32CubeCLT_1.17.0/GNU-tools-for-STM32/bin/../lib/gcc/arm-none-eabi/12.3.1/../../../../arm-none-eabi/lib/thumb/v7e-m+fp/hard\libc_nano.a(libc_a-mprec.o)
                0x08002c64                __hi0bits
 .text.__lo0bits
                0x08002ca2       0x5a C:/ST/STM32CubeCLT_1.17.0/GNU-tools-for-STM32/bin/../lib/gcc/arm-none-eabi/12.3.1/../../../../arm-none-eabi/lib/thumb/v7e-m+fp/hard\libc_nano.a(libc_a-mprec.o)
                0x08002ca2                __lo0bits
 .text.__i2b    0x08002cfc       0x2c C:/ST/STM32CubeCLT_1.17.0/GNU-tools-for-STM32/bin/../lib/gcc/arm-none-eabi/12.3.1/../../../../arm-none-eabi/lib/thumb/v7e-m+fp/hard\libc_nano.a(libc_a-mprec.o)
                0x08002cfc                __i2b
 .text.__multiply
                0x08002d28      0x154 C:/ST/STM32CubeCLT_1.17.0/GNU-tools-for-STM32/bin/../lib/gcc/arm-none-eabi/12.3.1/../../../../arm-none-eabi/lib/thumb/v7e-m+fp/hard\libc_nano.a(libc_a-mprec.o)
                0x08002d28                __multiply
 .text.__pow5mult
                0x08002e7c       0xb4 C:/ST/STM32CubeCLT_1.17.0/GNU-tools-for-STM32/bin/../lib/gcc/arm-none-eabi/12.3.1/../../../../arm-none-eabi/lib/thumb/v7e-m+fp/hard\libc_nano.a(libc_a-mprec.o)
                0x08002e7c                __pow5mult
 .text.__lshift
                0x08002f30       0xd8 C:/ST/STM32CubeCLT_1.17.0/GNU-tools-for-STM32/bin/../lib/gcc/arm-none-eabi/12.3.1/../../../../arm-none-eabi/lib/thumb/v7e-m+fp/hard\libc_nano.a(libc_a-mprec.o)
                0x08002f30                __lshift
 .text.__mcmp   0x08003008       0x36 C:/ST/STM32CubeCLT_1.17.0/GNU-tools-for-STM32/bin/../lib/gcc/arm-none-eabi/12.3.1/../../../../arm-none-eabi/lib/thumb/v7e-m+fp/hard\libc_nano.a(libc_a-mprec.o)
                0x08003008                __mcmp
 *fill*         0x0800303e        0x2 
 .text.__mdiff  0x08003040      0x128 C:/ST/STM32CubeCLT_1.17.0/GNU-tools-for-STM32/bin/../lib/gcc/arm-none-eabi/12.3.1/../../../../arm-none-eabi/lib/thumb/v7e-m+fp/hard\libc_nano.a(libc_a-mprec.o)
                0x08003040                __mdiff
 .text.__ulp    0x08003168       0x4c C:/ST/STM32CubeCLT_1.17.0/GNU-tools-for-STM32/bin/../lib/gcc/arm-none-eabi/12.3.1/../../../../arm-none-eabi/lib/thumb/v7e-m+fp/hard\libc_nano.a(libc_a-mprec.o)
                0x08003168                __ulp
 .text.__b2d    0x080031b4       0x94 C:/ST/STM32CubeCLT_1.17.0/GNU-tools-for-STM32/bin/../lib/gcc/arm-none-eabi/12.3.1/../../../../arm-none-eabi/lib/thumb/v7e-m+fp/hard\libc_nano.a(libc_a-mprec.o)
                0x080031b4                __b2d
 .text.__d2b    0x08003248       0xb0 C:/ST/STM32CubeCLT_1.17.0/GNU-tools-for-STM32/bin/../lib/gcc/arm-none-eabi/12.3.1/../../../../arm-none-eabi/lib/thumb/v7e-m+fp/hard\libc_nano.a(libc_a-mprec.o)
                0x08003248                __d2b
 .text.__ratio  0x080032f8       0x64 C:/ST/STM32CubeCLT_1.17.0/GNU-tools-for-STM32/bin/../lib/gcc/arm-none-eabi/12.3.1/../../../../arm-none-eabi/lib/thumb/v7e-m+fp/hard\libc_nano.a(libc_a-mprec.o)
                0x080032f8                __ratio
 .text.__copybits
                0x0800335c       0x46 C:/ST/STM32CubeCLT_1.17.0/GNU-tools-for-STM32/bin/../lib/gcc/arm-none-eabi/12.3.1/../../../../arm-none-eabi/lib/thumb/v7e-m+fp/hard\libc_nano.a(libc_a-mprec.o)
                0x0800335c                __copybits
 .text.__any_on
                0x080033a2       0x42 C:/ST/STM32CubeCLT_1.17.0/GNU-tools-for-STM32/bin/../lib/gcc/arm-none-eabi/12.3.1/../../../../arm-none-eabi/lib/thumb/v7e-m+fp/hard\libc_nano.a(libc_a-mprec.o)
                0x080033a2                __any_on
 .text.__sflush_r
                0x080033e4      0x108 C:/ST/STM32CubeCLT_1.17.0/GNU-tools-for-STM32/bin/../lib/gcc/arm-none-eabi/12.3.1/../../../../arm-none-eabi/lib/thumb/v7e-m+fp/hard\libc_nano.a(libc_a-fflush.o)
                0x080033e4                __sflush_r
 .text._fflush_r
                0x080034ec       0x50 C:/ST/STM32CubeCLT_1.17.0/GNU-tools-for-STM32/bin/../lib/gcc/arm-none-eabi/12.3.1/../../../../arm-none-eabi/lib/thumb/v7e-m+fp/hard\libc_nano.a(libc_a-fflush.o)
                0x080034ec                _fflush_r
 .text._sbrk_r  0x0800353c       0x20 C:/ST/STM32CubeCLT_1.17.0/GNU-tools-for-STM32/bin/../lib/gcc/arm-none-eabi/12.3.1/../../../../arm-none-eabi/lib/thumb/v7e-m+fp/hard\libc_nano.a(libc_a-sbrkr.o)
                0x0800353c                _sbrk_r
 .text.memcpy   0x0800355c       0x1c C:/ST/STM32CubeCLT_1.17.0/GNU-tools-for-STM32/bin/../lib/gcc/arm-none-eabi/12.3.1/../../../../arm-none-eabi/lib/thumb/v7e-m+fp/hard\libc_nano.a(libc_a-memcpy-stub.o)
                0x0800355c                memcpy
 .text.__assert_func
                0x08003578       0x3c C:/ST/STM32CubeCLT_1.17.0/GNU-tools-for-STM32/bin/../lib/gcc/arm-none-eabi/12.3.1/../../../../arm-none-eabi/lib/thumb/v7e-m+fp/hard\libc_nano.a(libc_a-assert.o)
                0x08003578                __assert_func
 .text._calloc_r
                0x080035b4       0x28 C:/ST/STM32CubeCLT_1.17.0/GNU-tools-for-STM32/bin/../lib/gcc/arm-none-eabi/12.3.1/../../../../arm-none-eabi/lib/thumb/v7e-m+fp/hard\libc_nano.a(libc_a-callocr.o)
                0x080035b4                _calloc_r
 .text.__ascii_mbtowc
                0x080035dc       0x24 C:/ST/STM32CubeCLT_1.17.0/GNU-tools-for-STM32/bin/../lib/gcc/arm-none-eabi/12.3.1/../../../../arm-none-eabi/lib/thumb/v7e-m+fp/hard\libc_nano.a(libc_a-mbtowc_r.o)
                0x080035dc                __ascii_mbtowc
 .text.__ascii_wctomb
                0x08003600       0x1a C:/ST/STM32CubeCLT_1.17.0/GNU-tools-for-STM32/bin/../lib/gcc/arm-none-eabi/12.3.1/../../../../arm-none-eabi/lib/thumb/v7e-m+fp/hard\libc_nano.a(libc_a-wctomb_r.o)
                0x08003600                __ascii_wctomb
 *fill*         0x0800361a        0x2 
 .text.fprintf  0x0800361c       0x24 C:/ST/STM32CubeCLT_1.17.0/GNU-tools-for-STM32/bin/../lib/gcc/arm-none-eabi/12.3.1/../../../../arm-none-eabi/lib/thumb/v7e-m+fp/hard\libc_nano.a(libc_a-fprintf.o)
                0x0800361c                fiprintf
                0x0800361c                fprintf
 .text.abort    0x08003640        0xe C:/ST/STM32CubeCLT_1.17.0/GNU-tools-for-STM32/bin/../lib/gcc/arm-none-eabi/12.3.1/../../../../arm-none-eabi/lib/thumb/v7e-m+fp/hard\libc_nano.a(libc_a-abort.o)
                0x08003640                abort
 .text.__sfputc_r
                0x0800364e       0x2e C:/ST/STM32CubeCLT_1.17.0/GNU-tools-for-STM32/bin/../lib/gcc/arm-none-eabi/12.3.1/../../../../arm-none-eabi/lib/thumb/v7e-m+fp/hard\libc_nano.a(libc_a-nano-vfprintf.o)
 .text.__sfputs_r
                0x0800367c       0x24 C:/ST/STM32CubeCLT_1.17.0/GNU-tools-for-STM32/bin/../lib/gcc/arm-none-eabi/12.3.1/../../../../arm-none-eabi/lib/thumb/v7e-m+fp/hard\libc_nano.a(libc_a-nano-vfprintf.o)
                0x0800367c                __sfputs_r
 .text._vfprintf_r
                0x080036a0      0x230 C:/ST/STM32CubeCLT_1.17.0/GNU-tools-for-STM32/bin/../lib/gcc/arm-none-eabi/12.3.1/../../../../arm-none-eabi/lib/thumb/v7e-m+fp/hard\libc_nano.a(libc_a-nano-vfprintf.o)
                0x080036a0                _vfprintf_r
                0x080036a0                _vfiprintf_r
 .text.__swbuf_r
                0x080038d0       0x7c C:/ST/STM32CubeCLT_1.17.0/GNU-tools-for-STM32/bin/../lib/gcc/arm-none-eabi/12.3.1/../../../../arm-none-eabi/lib/thumb/v7e-m+fp/hard\libc_nano.a(libc_a-wbuf.o)
                0x080038d0                __swbuf_r
 .text.__swsetup_r
                0x0800394c       0xac C:/ST/STM32CubeCLT_1.17.0/GNU-tools-for-STM32/bin/../lib/gcc/arm-none-eabi/12.3.1/../../../../arm-none-eabi/lib/thumb/v7e-m+fp/hard\libc_nano.a(libc_a-wsetup.o)
                0x0800394c                __swsetup_r
 .text.memmove  0x080039f8       0x34 C:/ST/STM32CubeCLT_1.17.0/GNU-tools-for-STM32/bin/../lib/gcc/arm-none-eabi/12.3.1/../../../../arm-none-eabi/lib/thumb/v7e-m+fp/hard\libc_nano.a(libc_a-memmove.o)
                0x080039f8                memmove
 .text._raise_r
                0x08003a2c       0x50 C:/ST/STM32CubeCLT_1.17.0/GNU-tools-for-STM32/bin/../lib/gcc/arm-none-eabi/12.3.1/../../../../arm-none-eabi/lib/thumb/v7e-m+fp/hard\libc_nano.a(libc_a-signal.o)
                0x08003a2c                _raise_r
 .text.raise    0x08003a7c       0x10 C:/ST/STM32CubeCLT_1.17.0/GNU-tools-for-STM32/bin/../lib/gcc/arm-none-eabi/12.3.1/../../../../arm-none-eabi/lib/thumb/v7e-m+fp/hard\libc_nano.a(libc_a-signal.o)
                0x08003a7c                raise
 .text._kill_r  0x08003a8c       0x24 C:/ST/STM32CubeCLT_1.17.0/GNU-tools-for-STM32/bin/../lib/gcc/arm-none-eabi/12.3.1/../../../../arm-none-eabi/lib/thumb/v7e-m+fp/hard\libc_nano.a(libc_a-signalr.o)
                0x08003a8c                _kill_r
 .text._getpid_r
                0x08003ab0        0x4 C:/ST/STM32CubeCLT_1.17.0/GNU-tools-for-STM32/bin/../lib/gcc/arm-none-eabi/12.3.1/../../../../arm-none-eabi/lib/thumb/v7e-m+fp/hard\libc_nano.a(libc_a-signalr.o)
                0x08003ab0                _getpid_r
 .text._realloc_r
                0x08003ab4       0x5c C:/ST/STM32CubeCLT_1.17.0/GNU-tools-for-STM32/bin/../lib/gcc/arm-none-eabi/12.3.1/../../../../arm-none-eabi/lib/thumb/v7e-m+fp/hard\libc_nano.a(libc_a-reallocr.o)
                0x08003ab4                _realloc_r
 .text.__swhatbuf_r
                0x08003b10       0x4c C:/ST/STM32CubeCLT_1.17.0/GNU-tools-for-STM32/bin/../lib/gcc/arm-none-eabi/12.3.1/../../../../arm-none-eabi/lib/thumb/v7e-m+fp/hard\libc_nano.a(libc_a-makebuf.o)
                0x08003b10                __swhatbuf_r
 .text.__smakebuf_r
                0x08003b5c       0x78 C:/ST/STM32CubeCLT_1.17.0/GNU-tools-for-STM32/bin/../lib/gcc/arm-none-eabi/12.3.1/../../../../arm-none-eabi/lib/thumb/v7e-m+fp/hard\libc_nano.a(libc_a-makebuf.o)
                0x08003b5c                __smakebuf_r
 .text._fstat_r
                0x08003bd4       0x24 C:/ST/STM32CubeCLT_1.17.0/GNU-tools-for-STM32/bin/../lib/gcc/arm-none-eabi/12.3.1/../../../../arm-none-eabi/lib/thumb/v7e-m+fp/hard\libc_nano.a(libc_a-fstatr.o)
                0x08003bd4                _fstat_r
 .text._isatty_r
                0x08003bf8       0x20 C:/ST/STM32CubeCLT_1.17.0/GNU-tools-for-STM32/bin/../lib/gcc/arm-none-eabi/12.3.1/../../../../arm-none-eabi/lib/thumb/v7e-m+fp/hard\libc_nano.a(libc_a-isattyr.o)
                0x08003bf8                _isatty_r
 .text._malloc_usable_size_r
                0x08003c18       0x10 C:/ST/STM32CubeCLT_1.17.0/GNU-tools-for-STM32/bin/../lib/gcc/arm-none-eabi/12.3.1/../../../../arm-none-eabi/lib/thumb/v7e-m+fp/hard\libc_nano.a(libc_a-msizer.o)
                0x08003c18                _malloc_usable_size_r
 .text.strtoke  0x08003c28       0x64 CMakeFiles/Kalman_Filter_Comparison_Project_STM32.dir/Core/Src/gps_neo6.c.obj
                0x08003c28                strtoke
 .text.NEO6_ReceiveUartChar
                0x08003c8c       0xa4 CMakeFiles/Kalman_Filter_Comparison_Project_STM32.dir/Core/Src/gps_neo6.c.obj
                0x08003c8c                NEO6_ReceiveUartChar
 .text.NEO6_GetCharFromBuffer
                0x08003d30       0x52 CMakeFiles/Kalman_Filter_Comparison_Project_STM32.dir/Core/Src/gps_neo6.c.obj
                0x08003d30                NEO6_GetCharFromBuffer
 .text.NEO6_GetLineFromBuffer
                0x08003d82       0x62 CMakeFiles/Kalman_Filter_Comparison_Project_STM32.dir/Core/Src/gps_neo6.c.obj
                0x08003d82                NEO6_GetLineFromBuffer
 .text.NEO6_ParseGPRMC
                0x08003de4      0x1b4 CMakeFiles/Kalman_Filter_Comparison_Project_STM32.dir/Core/Src/gps_neo6.c.obj
                0x08003de4                NEO6_ParseGPRMC
 .text.NEO6_ParseGPVTG
                0x08003f98       0x94 CMakeFiles/Kalman_Filter_Comparison_Project_STM32.dir/Core/Src/gps_neo6.c.obj
                0x08003f98                NEO6_ParseGPVTG
 .text.NEO6_ParseGPGGA
                0x0800402c       0xbc CMakeFiles/Kalman_Filter_Comparison_Project_STM32.dir/Core/Src/gps_neo6.c.obj
                0x0800402c                NEO6_ParseGPGGA
 .text.NEO6_ParseGPGSA
                0x080040e8       0xd0 CMakeFiles/Kalman_Filter_Comparison_Project_STM32.dir/Core/Src/gps_neo6.c.obj
                0x080040e8                NEO6_ParseGPGSA
 .text.NEO6_ParseLine
                0x080041b8       0x8c CMakeFiles/Kalman_Filter_Comparison_Project_STM32.dir/Core/Src/gps_neo6.c.obj
                0x080041b8                NEO6_ParseLine
 .text.NEO6_Task
                0x08004244       0x26 CMakeFiles/Kalman_Filter_Comparison_Project_STM32.dir/Core/Src/gps_neo6.c.obj
                0x08004244                NEO6_Task
 *fill*         0x0800426a        0x2 
 .text.NEO6_Init
                0x0800426c       0xf4 CMakeFiles/Kalman_Filter_Comparison_Project_STM32.dir/Core/Src/gps_neo6.c.obj
                0x0800426c                NEO6_Init
 .text.MPU9250_begin
                0x08004360       0x54 CMakeFiles/Kalman_Filter_Comparison_Project_STM32.dir/Core/Src/MPU9250-DMP.c.obj
                0x08004360                MPU9250_begin
 .text.MPU9250_getGyroSens
                0x080043b4       0x2a CMakeFiles/Kalman_Filter_Comparison_Project_STM32.dir/Core/Src/MPU9250-DMP.c.obj
                0x080043b4                MPU9250_getGyroSens
 .text.MPU9250_getAccelSens
                0x080043de       0x22 CMakeFiles/Kalman_Filter_Comparison_Project_STM32.dir/Core/Src/MPU9250-DMP.c.obj
                0x080043de                MPU9250_getAccelSens
 .text.MPU9250_setSensors
                0x08004400       0x1c CMakeFiles/Kalman_Filter_Comparison_Project_STM32.dir/Core/Src/MPU9250-DMP.c.obj
                0x08004400                MPU9250_setSensors
 .text.MPU9250_dataReady
                0x0800441c       0x32 CMakeFiles/Kalman_Filter_Comparison_Project_STM32.dir/Core/Src/MPU9250-DMP.c.obj
                0x0800441c                MPU9250_dataReady
 *fill*         0x0800444e        0x2 
 .text.MPU9250_updateAccel
                0x08004450       0x54 CMakeFiles/Kalman_Filter_Comparison_Project_STM32.dir/Core/Src/MPU9250-DMP.c.obj
                0x08004450                MPU9250_updateAccel
 .text.MPU9250_updateGyro
                0x080044a4       0x54 CMakeFiles/Kalman_Filter_Comparison_Project_STM32.dir/Core/Src/MPU9250-DMP.c.obj
                0x080044a4                MPU9250_updateGyro
 .text.MPU9250_calcAccel
                0x080044f8       0x54 CMakeFiles/Kalman_Filter_Comparison_Project_STM32.dir/Core/Src/MPU9250-DMP.c.obj
                0x080044f8                MPU9250_calcAccel
 .text.MPU9250_calcGyro
                0x0800454c       0x54 CMakeFiles/Kalman_Filter_Comparison_Project_STM32.dir/Core/Src/MPU9250-DMP.c.obj
                0x0800454c                MPU9250_calcGyro
 .text.stm32_get_clock_ms
                0x080045a0       0x1c CMakeFiles/Kalman_Filter_Comparison_Project_STM32.dir/Core/Src/stm32_mpu9250_clk.c.obj
                0x080045a0                stm32_get_clock_ms
 .text.stm32_delay_ms
                0x080045bc       0x18 CMakeFiles/Kalman_Filter_Comparison_Project_STM32.dir/Core/Src/stm32_mpu9250_clk.c.obj
                0x080045bc                stm32_delay_ms
 .text.wait_for_gpio_state_timeout
                0x080045d4       0x66 CMakeFiles/Kalman_Filter_Comparison_Project_STM32.dir/Core/Src/stm32_mpu9250_i2c.c.obj
 *fill*         0x0800463a        0x2 
 .text.I2C_ClearBusyFlagErratum
                0x0800463c      0x15c CMakeFiles/Kalman_Filter_Comparison_Project_STM32.dir/Core/Src/stm32_mpu9250_i2c.c.obj
 .text.stm32_i2c_write
                0x08004798       0xd4 CMakeFiles/Kalman_Filter_Comparison_Project_STM32.dir/Core/Src/stm32_mpu9250_i2c.c.obj
                0x08004798                stm32_i2c_write
 .text.stm32_i2c_read
                0x0800486c       0x78 CMakeFiles/Kalman_Filter_Comparison_Project_STM32.dir/Core/Src/stm32_mpu9250_i2c.c.obj
                0x0800486c                stm32_i2c_read
 .text.reg_int_cb
                0x080048e4       0x16 CMakeFiles/Kalman_Filter_Comparison_Project_STM32.dir/Core/Src/inv_mpu.c.obj
 .text.min      0x080048fa       0x20 CMakeFiles/Kalman_Filter_Comparison_Project_STM32.dir/Core/Src/inv_mpu.c.obj
                0x080048fa                min
 *fill*         0x0800491a        0x2 
 .text.set_int_enable
                0x0800491c       0xb4 CMakeFiles/Kalman_Filter_Comparison_Project_STM32.dir/Core/Src/inv_mpu.c.obj
                0x0800491c                set_int_enable
 .text.mpu_read_reg
                0x080049d0       0x5c CMakeFiles/Kalman_Filter_Comparison_Project_STM32.dir/Core/Src/inv_mpu.c.obj
                0x080049d0                mpu_read_reg
 .text.mpu_init
                0x08004a2c      0x194 CMakeFiles/Kalman_Filter_Comparison_Project_STM32.dir/Core/Src/inv_mpu.c.obj
                0x08004a2c                mpu_init
 .text.mpu_lp_accel_mode
                0x08004bc0      0x13c CMakeFiles/Kalman_Filter_Comparison_Project_STM32.dir/Core/Src/inv_mpu.c.obj
                0x08004bc0                mpu_lp_accel_mode
 .text.mpu_get_gyro_reg
                0x08004cfc       0x94 CMakeFiles/Kalman_Filter_Comparison_Project_STM32.dir/Core/Src/inv_mpu.c.obj
                0x08004cfc                mpu_get_gyro_reg
 .text.mpu_get_accel_reg
                0x08004d90       0x94 CMakeFiles/Kalman_Filter_Comparison_Project_STM32.dir/Core/Src/inv_mpu.c.obj
                0x08004d90                mpu_get_accel_reg
 .text.mpu_reset_fifo
                0x08004e24      0x208 CMakeFiles/Kalman_Filter_Comparison_Project_STM32.dir/Core/Src/inv_mpu.c.obj
                0x08004e24                mpu_reset_fifo
 .text.mpu_set_gyro_fsr
                0x0800502c       0xa8 CMakeFiles/Kalman_Filter_Comparison_Project_STM32.dir/Core/Src/inv_mpu.c.obj
                0x0800502c                mpu_set_gyro_fsr
 .text.mpu_set_accel_fsr
                0x080050d4       0xd0 CMakeFiles/Kalman_Filter_Comparison_Project_STM32.dir/Core/Src/inv_mpu.c.obj
                0x080050d4                mpu_set_accel_fsr
 .text.mpu_set_lpf
                0x080051a4       0x9c CMakeFiles/Kalman_Filter_Comparison_Project_STM32.dir/Core/Src/inv_mpu.c.obj
                0x080051a4                mpu_set_lpf
 .text.mpu_set_sample_rate
                0x08005240       0xe0 CMakeFiles/Kalman_Filter_Comparison_Project_STM32.dir/Core/Src/inv_mpu.c.obj
                0x08005240                mpu_set_sample_rate
 .text.mpu_set_compass_sample_rate
                0x08005320       0x80 CMakeFiles/Kalman_Filter_Comparison_Project_STM32.dir/Core/Src/inv_mpu.c.obj
                0x08005320                mpu_set_compass_sample_rate
 .text.mpu_get_gyro_sens
                0x080053a0       0x70 CMakeFiles/Kalman_Filter_Comparison_Project_STM32.dir/Core/Src/inv_mpu.c.obj
                0x080053a0                mpu_get_gyro_sens
 .text.mpu_get_accel_sens
                0x08005410       0x7c CMakeFiles/Kalman_Filter_Comparison_Project_STM32.dir/Core/Src/inv_mpu.c.obj
                0x08005410                mpu_get_accel_sens
 .text.mpu_configure_fifo
                0x0800548c       0xa4 CMakeFiles/Kalman_Filter_Comparison_Project_STM32.dir/Core/Src/inv_mpu.c.obj
                0x0800548c                mpu_configure_fifo
 .text.mpu_set_sensors
                0x08005530      0x1bc CMakeFiles/Kalman_Filter_Comparison_Project_STM32.dir/Core/Src/inv_mpu.c.obj
                0x08005530                mpu_set_sensors
 .text.mpu_set_bypass
                0x080056ec      0x18c CMakeFiles/Kalman_Filter_Comparison_Project_STM32.dir/Core/Src/inv_mpu.c.obj
                0x080056ec                mpu_set_bypass
 .text.mpu_set_int_latched
                0x08005878       0x88 CMakeFiles/Kalman_Filter_Comparison_Project_STM32.dir/Core/Src/inv_mpu.c.obj
                0x08005878                mpu_set_int_latched
 .text.setup_compass
                0x08005900      0x274 CMakeFiles/Kalman_Filter_Comparison_Project_STM32.dir/Core/Src/inv_mpu.c.obj
 .text.HAL_UART_RxCpltCallback
                0x08005b74       0x24 CMakeFiles/Kalman_Filter_Comparison_Project_STM32.dir/Core/Src/kf_1.c.obj
                0x08005b74                HAL_UART_RxCpltCallback
 .text.yafl_fail_dsc
                0x08005b98      0x108 CMakeFiles/Kalman_Filter_Comparison_Project_STM32.dir/Core/Src/yafl_math.c.obj
                0x08005b98                yafl_fail_dsc
 .text.yafl_math_add_vxn
                0x08005ca0      0x10c CMakeFiles/Kalman_Filter_Comparison_Project_STM32.dir/Core/Src/yafl_math.c.obj
                0x08005ca0                yafl_math_add_vxn
 .text.yafl_math_set_vvtxn
                0x08005dac      0x16c CMakeFiles/Kalman_Filter_Comparison_Project_STM32.dir/Core/Src/yafl_math.c.obj
                0x08005dac                yafl_math_set_vvtxn
 .text.yafl_math_add_vvtxn
                0x08005f18      0x190 CMakeFiles/Kalman_Filter_Comparison_Project_STM32.dir/Core/Src/yafl_math.c.obj
                0x08005f18                yafl_math_add_vvtxn
 .text.yafl_math_set_vtm
                0x080060a8      0x1bc CMakeFiles/Kalman_Filter_Comparison_Project_STM32.dir/Core/Src/yafl_math.c.obj
                0x080060a8                yafl_math_set_vtm
 .text.yafl_math_bset_ut
                0x08006264      0x158 CMakeFiles/Kalman_Filter_Comparison_Project_STM32.dir/Core/Src/yafl_math.c.obj
                0x08006264                yafl_math_bset_ut
 .text.yafl_math_ruv
                0x080063bc      0x14c CMakeFiles/Kalman_Filter_Comparison_Project_STM32.dir/Core/Src/yafl_math.c.obj
                0x080063bc                yafl_math_ruv
 .text.yafl_math_rum
                0x08006508      0x184 CMakeFiles/Kalman_Filter_Comparison_Project_STM32.dir/Core/Src/yafl_math.c.obj
                0x08006508                yafl_math_rum
 *fill*         0x0800668c        0x4 
 .text.yafl_math_udu_up
                0x08006690      0x304 CMakeFiles/Kalman_Filter_Comparison_Project_STM32.dir/Core/Src/yafl_math.c.obj
                0x08006690                yafl_math_udu_up
 *fill*         0x08006994        0x4 
 .text.yafl_math_udu_down
                0x08006998      0x424 CMakeFiles/Kalman_Filter_Comparison_Project_STM32.dir/Core/Src/yafl_math.c.obj
                0x08006998                yafl_math_udu_down
 .text.yafl_ukf_gen_sigmas
                0x08006dbc      0x104 CMakeFiles/Kalman_Filter_Comparison_Project_STM32.dir/Core/Src/yafl.c.obj
 .text._compute_res
                0x08006ec0      0x1e8 CMakeFiles/Kalman_Filter_Comparison_Project_STM32.dir/Core/Src/yafl.c.obj
 .text._unscented_mean
                0x080070a8      0x20c CMakeFiles/Kalman_Filter_Comparison_Project_STM32.dir/Core/Src/yafl.c.obj
 .text._unscented_update
                0x080072b4      0x248 CMakeFiles/Kalman_Filter_Comparison_Project_STM32.dir/Core/Src/yafl.c.obj
 *fill*         0x080074fc        0x4 
 .text._unscented_transform
                0x08007500      0x4b8 CMakeFiles/Kalman_Filter_Comparison_Project_STM32.dir/Core/Src/yafl.c.obj
 .text.yafl_ukf_base_predict
                0x080079b8      0x318 CMakeFiles/Kalman_Filter_Comparison_Project_STM32.dir/Core/Src/yafl.c.obj
                0x080079b8                yafl_ukf_base_predict
 .text._yafl_ukf_compute_sigmas_z_and_zp
                0x08007cd0      0x3ec CMakeFiles/Kalman_Filter_Comparison_Project_STM32.dir/Core/Src/yafl.c.obj
 .text._yafl_ukf_compute_residual
                0x080080bc      0x214 CMakeFiles/Kalman_Filter_Comparison_Project_STM32.dir/Core/Src/yafl.c.obj
 .text._yafl_ukf_compute_pzx
                0x080082d0      0x508 CMakeFiles/Kalman_Filter_Comparison_Project_STM32.dir/Core/Src/yafl.c.obj
 .text._yafl_ukf_compute_ms_zp_s
                0x080087d8      0x708 CMakeFiles/Kalman_Filter_Comparison_Project_STM32.dir/Core/Src/yafl.c.obj
 .text.yafl_ukf_update_epilogue
                0x08008ee0      0x4e0 CMakeFiles/Kalman_Filter_Comparison_Project_STM32.dir/Core/Src/yafl.c.obj
 .text.yafl_ukf_update
                0x080093c0      0x1b4 CMakeFiles/Kalman_Filter_Comparison_Project_STM32.dir/Core/Src/yafl.c.obj
                0x080093c0                yafl_ukf_update
 .text._add_delta
                0x08009574       0xf4 CMakeFiles/Kalman_Filter_Comparison_Project_STM32.dir/Core/Src/yafl.c.obj
 .text._julier_compute_weights
                0x08009668      0x288 CMakeFiles/Kalman_Filter_Comparison_Project_STM32.dir/Core/Src/yafl.c.obj
 .text._julier_generate_points
                0x080098f0      0x450 CMakeFiles/Kalman_Filter_Comparison_Project_STM32.dir/Core/Src/yafl.c.obj
 .text.yafl_ukf_post_init
                0x08009d40       0xfc CMakeFiles/Kalman_Filter_Comparison_Project_STM32.dir/Core/Src/ukf_1.c.obj
 .text.yafl_ukf_predict
                0x08009e3c       0x18 CMakeFiles/Kalman_Filter_Comparison_Project_STM32.dir/Core/Src/ukf_1.c.obj
 .text.UART2_SendString_ukf_1
                0x08009e54       0x2c CMakeFiles/Kalman_Filter_Comparison_Project_STM32.dir/Core/Src/ukf_1.c.obj
                0x08009e54                UART2_SendString_ukf_1
 .text.fx       0x08009e80      0x590 CMakeFiles/Kalman_Filter_Comparison_Project_STM32.dir/Core/Src/ukf_1.c.obj
                0x08009e80                fx
 .text.hx       0x0800a410      0x1b0 CMakeFiles/Kalman_Filter_Comparison_Project_STM32.dir/Core/Src/ukf_1.c.obj
                0x0800a410                hx
 .text.run_ukf_1
                0x0800a5c0      0x4e4 CMakeFiles/Kalman_Filter_Comparison_Project_STM32.dir/Core/Src/ukf_1.c.obj
                0x0800a5c0                run_ukf_1
 .text.main     0x0800aaa4       0x22 CMakeFiles/Kalman_Filter_Comparison_Project_STM32.dir/Core/Src/main.c.obj
                0x0800aaa4                main
 *fill*         0x0800aac6        0x2 
 .text.SystemClock_Config
                0x0800aac8       0xdc CMakeFiles/Kalman_Filter_Comparison_Project_STM32.dir/Core/Src/main.c.obj
                0x0800aac8                SystemClock_Config
 .text.Error_Handler
                0x0800aba4        0xc CMakeFiles/Kalman_Filter_Comparison_Project_STM32.dir/Core/Src/main.c.obj
                0x0800aba4                Error_Handler
 .text.MX_GPIO_Init
                0x0800abb0       0xdc CMakeFiles/Kalman_Filter_Comparison_Project_STM32.dir/Core/Src/gpio.c.obj
                0x0800abb0                MX_GPIO_Init
 .text.MX_I2C1_Init
                0x0800ac8c       0x5c CMakeFiles/Kalman_Filter_Comparison_Project_STM32.dir/Core/Src/i2c.c.obj
                0x0800ac8c                MX_I2C1_Init
 .text.HAL_I2C_MspInit
                0x0800ace8       0x90 CMakeFiles/Kalman_Filter_Comparison_Project_STM32.dir/Core/Src/i2c.c.obj
                0x0800ace8                HAL_I2C_MspInit
 .text.HAL_I2C_MspDeInit
                0x0800ad78       0x48 CMakeFiles/Kalman_Filter_Comparison_Project_STM32.dir/Core/Src/i2c.c.obj
                0x0800ad78                HAL_I2C_MspDeInit
 .text.MX_USART1_UART_Init
                0x0800adc0       0x54 CMakeFiles/Kalman_Filter_Comparison_Project_STM32.dir/Core/Src/usart.c.obj
                0x0800adc0                MX_USART1_UART_Init
 .text.MX_USART2_UART_Init
                0x0800ae14       0x54 CMakeFiles/Kalman_Filter_Comparison_Project_STM32.dir/Core/Src/usart.c.obj
                0x0800ae14                MX_USART2_UART_Init
 .text.HAL_UART_MspInit
                0x0800ae68      0x108 CMakeFiles/Kalman_Filter_Comparison_Project_STM32.dir/Core/Src/usart.c.obj
                0x0800ae68                HAL_UART_MspInit
 .text.NMI_Handler
                0x0800af70        0x8 CMakeFiles/Kalman_Filter_Comparison_Project_STM32.dir/Core/Src/stm32f4xx_it.c.obj
                0x0800af70                NMI_Handler
 .text.HardFault_Handler
                0x0800af78        0x8 CMakeFiles/Kalman_Filter_Comparison_Project_STM32.dir/Core/Src/stm32f4xx_it.c.obj
                0x0800af78                HardFault_Handler
 .text.MemManage_Handler
                0x0800af80        0x8 CMakeFiles/Kalman_Filter_Comparison_Project_STM32.dir/Core/Src/stm32f4xx_it.c.obj
                0x0800af80                MemManage_Handler
 .text.BusFault_Handler
                0x0800af88        0x8 CMakeFiles/Kalman_Filter_Comparison_Project_STM32.dir/Core/Src/stm32f4xx_it.c.obj
                0x0800af88                BusFault_Handler
 .text.UsageFault_Handler
                0x0800af90        0x8 CMakeFiles/Kalman_Filter_Comparison_Project_STM32.dir/Core/Src/stm32f4xx_it.c.obj
                0x0800af90                UsageFault_Handler
 .text.SVC_Handler
                0x0800af98        0xe CMakeFiles/Kalman_Filter_Comparison_Project_STM32.dir/Core/Src/stm32f4xx_it.c.obj
                0x0800af98                SVC_Handler
 .text.DebugMon_Handler
                0x0800afa6        0xe CMakeFiles/Kalman_Filter_Comparison_Project_STM32.dir/Core/Src/stm32f4xx_it.c.obj
                0x0800afa6                DebugMon_Handler
 .text.PendSV_Handler
                0x0800afb4        0xe CMakeFiles/Kalman_Filter_Comparison_Project_STM32.dir/Core/Src/stm32f4xx_it.c.obj
                0x0800afb4                PendSV_Handler
 .text.SysTick_Handler
                0x0800afc2        0xc CMakeFiles/Kalman_Filter_Comparison_Project_STM32.dir/Core/Src/stm32f4xx_it.c.obj
                0x0800afc2                SysTick_Handler
 *fill*         0x0800afce        0x2 
 .text.USART1_IRQHandler
                0x0800afd0       0x14 CMakeFiles/Kalman_Filter_Comparison_Project_STM32.dir/Core/Src/stm32f4xx_it.c.obj
                0x0800afd0                USART1_IRQHandler
 .text.HAL_MspInit
                0x0800afe4       0x50 CMakeFiles/Kalman_Filter_Comparison_Project_STM32.dir/Core/Src/stm32f4xx_hal_msp.c.obj
                0x0800afe4                HAL_MspInit
 .text.HAL_I2C_Init
                0x0800b034      0x288 CMakeFiles/Kalman_Filter_Comparison_Project_STM32.dir/Drivers/STM32F4xx_HAL_Driver/Src/stm32f4xx_hal_i2c.c.obj
                0x0800b034                HAL_I2C_Init
 .text.HAL_I2C_DeInit
                0x0800b2bc       0x5e CMakeFiles/Kalman_Filter_Comparison_Project_STM32.dir/Drivers/STM32F4xx_HAL_Driver/Src/stm32f4xx_hal_i2c.c.obj
                0x0800b2bc                HAL_I2C_DeInit
 *fill*         0x0800b31a        0x2 
 .text.HAL_I2C_Master_Transmit
                0x0800b31c      0x1fc CMakeFiles/Kalman_Filter_Comparison_Project_STM32.dir/Drivers/STM32F4xx_HAL_Driver/Src/stm32f4xx_hal_i2c.c.obj
                0x0800b31c                HAL_I2C_Master_Transmit
 .text.HAL_I2C_Master_Receive
                0x0800b518      0x464 CMakeFiles/Kalman_Filter_Comparison_Project_STM32.dir/Drivers/STM32F4xx_HAL_Driver/Src/stm32f4xx_hal_i2c.c.obj
                0x0800b518                HAL_I2C_Master_Receive
 .text.I2C_MasterRequestWrite
                0x0800b97c      0x104 CMakeFiles/Kalman_Filter_Comparison_Project_STM32.dir/Drivers/STM32F4xx_HAL_Driver/Src/stm32f4xx_hal_i2c.c.obj
 .text.I2C_MasterRequestRead
                0x0800ba80      0x19c CMakeFiles/Kalman_Filter_Comparison_Project_STM32.dir/Drivers/STM32F4xx_HAL_Driver/Src/stm32f4xx_hal_i2c.c.obj
 .text.I2C_WaitOnFlagUntilTimeout
                0x0800bc1c       0xf4 CMakeFiles/Kalman_Filter_Comparison_Project_STM32.dir/Drivers/STM32F4xx_HAL_Driver/Src/stm32f4xx_hal_i2c.c.obj
 .text.I2C_WaitOnMasterAddressFlagUntilTimeout
                0x0800bd10      0x140 CMakeFiles/Kalman_Filter_Comparison_Project_STM32.dir/Drivers/STM32F4xx_HAL_Driver/Src/stm32f4xx_hal_i2c.c.obj
 .text.I2C_WaitOnTXEFlagUntilTimeout
                0x0800be50       0x90 CMakeFiles/Kalman_Filter_Comparison_Project_STM32.dir/Drivers/STM32F4xx_HAL_Driver/Src/stm32f4xx_hal_i2c.c.obj
 .text.I2C_WaitOnBTFFlagUntilTimeout
                0x0800bee0       0x90 CMakeFiles/Kalman_Filter_Comparison_Project_STM32.dir/Drivers/STM32F4xx_HAL_Driver/Src/stm32f4xx_hal_i2c.c.obj
 .text.I2C_WaitOnRXNEFlagUntilTimeout
                0x0800bf70       0xba CMakeFiles/Kalman_Filter_Comparison_Project_STM32.dir/Drivers/STM32F4xx_HAL_Driver/Src/stm32f4xx_hal_i2c.c.obj
 .text.I2C_IsAcknowledgeFailed
                0x0800c02a       0x5e CMakeFiles/Kalman_Filter_Comparison_Project_STM32.dir/Drivers/STM32F4xx_HAL_Driver/Src/stm32f4xx_hal_i2c.c.obj
 .text.HAL_RCC_ClockConfig
                0x0800c088      0x1cc CMakeFiles/Kalman_Filter_Comparison_Project_STM32.dir/Drivers/STM32F4xx_HAL_Driver/Src/stm32f4xx_hal_rcc.c.obj
                0x0800c088                HAL_RCC_ClockConfig
 .text.HAL_RCC_GetHCLKFreq
                0x0800c254       0x18 CMakeFiles/Kalman_Filter_Comparison_Project_STM32.dir/Drivers/STM32F4xx_HAL_Driver/Src/stm32f4xx_hal_rcc.c.obj
                0x0800c254                HAL_RCC_GetHCLKFreq
 .text.HAL_RCC_GetPCLK1Freq
                0x0800c26c       0x28 CMakeFiles/Kalman_Filter_Comparison_Project_STM32.dir/Drivers/STM32F4xx_HAL_Driver/Src/stm32f4xx_hal_rcc.c.obj
                0x0800c26c                HAL_RCC_GetPCLK1Freq
 .text.HAL_RCC_GetPCLK2Freq
                0x0800c294       0x28 CMakeFiles/Kalman_Filter_Comparison_Project_STM32.dir/Drivers/STM32F4xx_HAL_Driver/Src/stm32f4xx_hal_rcc.c.obj
                0x0800c294                HAL_RCC_GetPCLK2Freq
 .text.HAL_RCC_GetSysClockFreq
                0x0800c2bc      0x460 CMakeFiles/Kalman_Filter_Comparison_Project_STM32.dir/Drivers/STM32F4xx_HAL_Driver/Src/stm32f4xx_hal_rcc_ex.c.obj
                0x0800c2bc                HAL_RCC_GetSysClockFreq
 .text.HAL_RCC_OscConfig
                0x0800c71c      0x53c CMakeFiles/Kalman_Filter_Comparison_Project_STM32.dir/Drivers/STM32F4xx_HAL_Driver/Src/stm32f4xx_hal_rcc_ex.c.obj
                0x0800c71c                HAL_RCC_OscConfig
 .text.HAL_GPIO_Init
                0x0800cc58      0x328 CMakeFiles/Kalman_Filter_Comparison_Project_STM32.dir/Drivers/STM32F4xx_HAL_Driver/Src/stm32f4xx_hal_gpio.c.obj
                0x0800cc58                HAL_GPIO_Init
 .text.HAL_GPIO_DeInit
                0x0800cf80      0x1e8 CMakeFiles/Kalman_Filter_Comparison_Project_STM32.dir/Drivers/STM32F4xx_HAL_Driver/Src/stm32f4xx_hal_gpio.c.obj
                0x0800cf80                HAL_GPIO_DeInit
 .text.HAL_GPIO_ReadPin
                0x0800d168       0x30 CMakeFiles/Kalman_Filter_Comparison_Project_STM32.dir/Drivers/STM32F4xx_HAL_Driver/Src/stm32f4xx_hal_gpio.c.obj
                0x0800d168                HAL_GPIO_ReadPin
 .text.HAL_GPIO_WritePin
                0x0800d198       0x32 CMakeFiles/Kalman_Filter_Comparison_Project_STM32.dir/Drivers/STM32F4xx_HAL_Driver/Src/stm32f4xx_hal_gpio.c.obj
                0x0800d198                HAL_GPIO_WritePin
 .text.HAL_DMA_Abort
                0x0800d1ca       0xe0 CMakeFiles/Kalman_Filter_Comparison_Project_STM32.dir/Drivers/STM32F4xx_HAL_Driver/Src/stm32f4xx_hal_dma.c.obj
                0x0800d1ca                HAL_DMA_Abort
 .text.HAL_DMA_Abort_IT
                0x0800d2aa       0x44 CMakeFiles/Kalman_Filter_Comparison_Project_STM32.dir/Drivers/STM32F4xx_HAL_Driver/Src/stm32f4xx_hal_dma.c.obj
                0x0800d2aa                HAL_DMA_Abort_IT
 *fill*         0x0800d2ee        0x2 
 .text.__NVIC_SetPriorityGrouping
                0x0800d2f0       0x48 CMakeFiles/Kalman_Filter_Comparison_Project_STM32.dir/Drivers/STM32F4xx_HAL_Driver/Src/stm32f4xx_hal_cortex.c.obj
 .text.__NVIC_GetPriorityGrouping
                0x0800d338       0x1c CMakeFiles/Kalman_Filter_Comparison_Project_STM32.dir/Drivers/STM32F4xx_HAL_Driver/Src/stm32f4xx_hal_cortex.c.obj
 .text.__NVIC_EnableIRQ
                0x0800d354       0x3c CMakeFiles/Kalman_Filter_Comparison_Project_STM32.dir/Drivers/STM32F4xx_HAL_Driver/Src/stm32f4xx_hal_cortex.c.obj
 .text.__NVIC_SetPriority
                0x0800d390       0x54 CMakeFiles/Kalman_Filter_Comparison_Project_STM32.dir/Drivers/STM32F4xx_HAL_Driver/Src/stm32f4xx_hal_cortex.c.obj
 .text.NVIC_EncodePriority
                0x0800d3e4       0x66 CMakeFiles/Kalman_Filter_Comparison_Project_STM32.dir/Drivers/STM32F4xx_HAL_Driver/Src/stm32f4xx_hal_cortex.c.obj
 *fill*         0x0800d44a        0x2 
 .text.SysTick_Config
                0x0800d44c       0x44 CMakeFiles/Kalman_Filter_Comparison_Project_STM32.dir/Drivers/STM32F4xx_HAL_Driver/Src/stm32f4xx_hal_cortex.c.obj
 .text.HAL_NVIC_SetPriorityGrouping
                0x0800d490       0x16 CMakeFiles/Kalman_Filter_Comparison_Project_STM32.dir/Drivers/STM32F4xx_HAL_Driver/Src/stm32f4xx_hal_cortex.c.obj
                0x0800d490                HAL_NVIC_SetPriorityGrouping
 .text.HAL_NVIC_SetPriority
                0x0800d4a6       0x38 CMakeFiles/Kalman_Filter_Comparison_Project_STM32.dir/Drivers/STM32F4xx_HAL_Driver/Src/stm32f4xx_hal_cortex.c.obj
                0x0800d4a6                HAL_NVIC_SetPriority
 .text.HAL_NVIC_EnableIRQ
                0x0800d4de       0x1c CMakeFiles/Kalman_Filter_Comparison_Project_STM32.dir/Drivers/STM32F4xx_HAL_Driver/Src/stm32f4xx_hal_cortex.c.obj
                0x0800d4de                HAL_NVIC_EnableIRQ
 .text.HAL_SYSTICK_Config
                0x0800d4fa       0x18 CMakeFiles/Kalman_Filter_Comparison_Project_STM32.dir/Drivers/STM32F4xx_HAL_Driver/Src/stm32f4xx_hal_cortex.c.obj
                0x0800d4fa                HAL_SYSTICK_Config
 *fill*         0x0800d512        0x2 
 .text.HAL_Init
                0x0800d514       0x44 CMakeFiles/Kalman_Filter_Comparison_Project_STM32.dir/Drivers/STM32F4xx_HAL_Driver/Src/stm32f4xx_hal.c.obj
                0x0800d514                HAL_Init
 .text.HAL_InitTick
                0x0800d558       0x60 CMakeFiles/Kalman_Filter_Comparison_Project_STM32.dir/Drivers/STM32F4xx_HAL_Driver/Src/stm32f4xx_hal.c.obj
                0x0800d558                HAL_InitTick
 .text.HAL_IncTick
                0x0800d5b8       0x28 CMakeFiles/Kalman_Filter_Comparison_Project_STM32.dir/Drivers/STM32F4xx_HAL_Driver/Src/stm32f4xx_hal.c.obj
                0x0800d5b8                HAL_IncTick
 .text.HAL_GetTick
                0x0800d5e0       0x18 CMakeFiles/Kalman_Filter_Comparison_Project_STM32.dir/Drivers/STM32F4xx_HAL_Driver/Src/stm32f4xx_hal.c.obj
                0x0800d5e0                HAL_GetTick
 .text.HAL_Delay
                0x0800d5f8       0x48 CMakeFiles/Kalman_Filter_Comparison_Project_STM32.dir/Drivers/STM32F4xx_HAL_Driver/Src/stm32f4xx_hal.c.obj
                0x0800d5f8                HAL_Delay
 .text.HAL_UART_Init
                0x0800d640       0xa0 CMakeFiles/Kalman_Filter_Comparison_Project_STM32.dir/Drivers/STM32F4xx_HAL_Driver/Src/stm32f4xx_hal_uart.c.obj
                0x0800d640                HAL_UART_Init
 .text.HAL_UART_Transmit
                0x0800d6e0      0x116 CMakeFiles/Kalman_Filter_Comparison_Project_STM32.dir/Drivers/STM32F4xx_HAL_Driver/Src/stm32f4xx_hal_uart.c.obj
                0x0800d6e0                HAL_UART_Transmit
 .text.HAL_UART_Receive_IT
                0x0800d7f6       0x4a CMakeFiles/Kalman_Filter_Comparison_Project_STM32.dir/Drivers/STM32F4xx_HAL_Driver/Src/stm32f4xx_hal_uart.c.obj
                0x0800d7f6                HAL_UART_Receive_IT
 .text.HAL_UART_IRQHandler
                0x0800d840      0x524 CMakeFiles/Kalman_Filter_Comparison_Project_STM32.dir/Drivers/STM32F4xx_HAL_Driver/Src/stm32f4xx_hal_uart.c.obj
                0x0800d840                HAL_UART_IRQHandler
 .text.HAL_UART_TxCpltCallback
                0x0800dd64       0x14 CMakeFiles/Kalman_Filter_Comparison_Project_STM32.dir/Drivers/STM32F4xx_HAL_Driver/Src/stm32f4xx_hal_uart.c.obj
                0x0800dd64                HAL_UART_TxCpltCallback
 .text.HAL_UART_ErrorCallback
                0x0800dd78       0x14 CMakeFiles/Kalman_Filter_Comparison_Project_STM32.dir/Drivers/STM32F4xx_HAL_Driver/Src/stm32f4xx_hal_uart.c.obj
                0x0800dd78                HAL_UART_ErrorCallback
 .text.HAL_UARTEx_RxEventCallback
                0x0800dd8c       0x18 CMakeFiles/Kalman_Filter_Comparison_Project_STM32.dir/Drivers/STM32F4xx_HAL_Driver/Src/stm32f4xx_hal_uart.c.obj
                0x0800dd8c                HAL_UARTEx_RxEventCallback
 .text.UART_WaitOnFlagUntilTimeout
                0x0800dda4       0xb2 CMakeFiles/Kalman_Filter_Comparison_Project_STM32.dir/Drivers/STM32F4xx_HAL_Driver/Src/stm32f4xx_hal_uart.c.obj
 .text.UART_Start_Receive_IT
                0x0800de56       0x74 CMakeFiles/Kalman_Filter_Comparison_Project_STM32.dir/Drivers/STM32F4xx_HAL_Driver/Src/stm32f4xx_hal_uart.c.obj
                0x0800de56                UART_Start_Receive_IT
 .text.UART_EndRxTransfer
                0x0800deca       0xc6 CMakeFiles/Kalman_Filter_Comparison_Project_STM32.dir/Drivers/STM32F4xx_HAL_Driver/Src/stm32f4xx_hal_uart.c.obj
 .text.UART_DMAAbortOnError
                0x0800df90       0x28 CMakeFiles/Kalman_Filter_Comparison_Project_STM32.dir/Drivers/STM32F4xx_HAL_Driver/Src/stm32f4xx_hal_uart.c.obj
 .text.UART_Transmit_IT
                0x0800dfb8       0xa0 CMakeFiles/Kalman_Filter_Comparison_Project_STM32.dir/Drivers/STM32F4xx_HAL_Driver/Src/stm32f4xx_hal_uart.c.obj
 .text.UART_EndTransmit_IT
                0x0800e058       0x30 CMakeFiles/Kalman_Filter_Comparison_Project_STM32.dir/Drivers/STM32F4xx_HAL_Driver/Src/stm32f4xx_hal_uart.c.obj
 .text.UART_Receive_IT
                0x0800e088      0x17c CMakeFiles/Kalman_Filter_Comparison_Project_STM32.dir/Drivers/STM32F4xx_HAL_Driver/Src/stm32f4xx_hal_uart.c.obj
 .text.UART_SetConfig
                0x0800e204      0x4e8 CMakeFiles/Kalman_Filter_Comparison_Project_STM32.dir/Drivers/STM32F4xx_HAL_Driver/Src/stm32f4xx_hal_uart.c.obj
 .text.SystemInit
                0x0800e6ec       0x24 CMakeFiles/Kalman_Filter_Comparison_Project_STM32.dir/Core/Src/system_stm32f4xx.c.obj
                0x0800e6ec                SystemInit
 .text._sbrk    0x0800e710       0x6c CMakeFiles/Kalman_Filter_Comparison_Project_STM32.dir/Core/Src/sysmem.c.obj
                0x0800e710                _sbrk
 .text._getpid  0x0800e77c       0x10 CMakeFiles/Kalman_Filter_Comparison_Project_STM32.dir/Core/Src/syscalls.c.obj
                0x0800e77c                _getpid
 .text._kill    0x0800e78c       0x20 CMakeFiles/Kalman_Filter_Comparison_Project_STM32.dir/Core/Src/syscalls.c.obj
                0x0800e78c                _kill
 .text._exit    0x0800e7ac       0x16 CMakeFiles/Kalman_Filter_Comparison_Project_STM32.dir/Core/Src/syscalls.c.obj
                0x0800e7ac                _exit
 .text._read    0x0800e7c2       0x3a CMakeFiles/Kalman_Filter_Comparison_Project_STM32.dir/Core/Src/syscalls.c.obj
                0x0800e7c2                _read
 .text._write   0x0800e7fc       0x38 CMakeFiles/Kalman_Filter_Comparison_Project_STM32.dir/Core/Src/syscalls.c.obj
                0x0800e7fc                _write
 .text._close   0x0800e834       0x18 CMakeFiles/Kalman_Filter_Comparison_Project_STM32.dir/Core/Src/syscalls.c.obj
                0x0800e834                _close
 .text._fstat   0x0800e84c       0x20 CMakeFiles/Kalman_Filter_Comparison_Project_STM32.dir/Core/Src/syscalls.c.obj
                0x0800e84c                _fstat
 .text._isatty  0x0800e86c       0x16 CMakeFiles/Kalman_Filter_Comparison_Project_STM32.dir/Core/Src/syscalls.c.obj
                0x0800e86c                _isatty
 .text._lseek   0x0800e882       0x1a CMakeFiles/Kalman_Filter_Comparison_Project_STM32.dir/Core/Src/syscalls.c.obj
                0x0800e882                _lseek
 .text.Reset_Handler
                0x0800e89c       0x50 CMakeFiles/Kalman_Filter_Comparison_Project_STM32.dir/startup_stm32f446xx.s.obj
                0x0800e89c                Reset_Handler
 .text.Default_Handler
                0x0800e8ec        0x2 CMakeFiles/Kalman_Filter_Comparison_Project_STM32.dir/startup_stm32f446xx.s.obj
                0x0800e8ec                RTC_Alarm_IRQHandler
                0x0800e8ec                EXTI2_IRQHandler
                0x0800e8ec                TIM8_CC_IRQHandler
                0x0800e8ec                FMPI2C1_EV_IRQHandler
                0x0800e8ec                SPI4_IRQHandler
                0x0800e8ec                TIM1_CC_IRQHandler
                0x0800e8ec                DMA2_Stream5_IRQHandler
                0x0800e8ec                DMA1_Stream5_IRQHandler
                0x0800e8ec                PVD_IRQHandler
                0x0800e8ec                SDIO_IRQHandler
                0x0800e8ec                TAMP_STAMP_IRQHandler
                0x0800e8ec                CAN2_RX1_IRQHandler
                0x0800e8ec                EXTI3_IRQHandler
                0x0800e8ec                TIM8_TRG_COM_TIM14_IRQHandler
                0x0800e8ec                TIM1_UP_TIM10_IRQHandler
                0x0800e8ec                TIM8_UP_TIM13_IRQHandler
                0x0800e8ec                I2C3_ER_IRQHandler
                0x0800e8ec                EXTI0_IRQHandler
                0x0800e8ec                I2C2_EV_IRQHandler
                0x0800e8ec                DMA1_Stream2_IRQHandler
                0x0800e8ec                CAN1_RX0_IRQHandler
                0x0800e8ec                FPU_IRQHandler
                0x0800e8ec                OTG_HS_WKUP_IRQHandler
                0x0800e8ec                CAN2_SCE_IRQHandler
                0x0800e8ec                DMA2_Stream2_IRQHandler
                0x0800e8ec                SPI1_IRQHandler
                0x0800e8ec                TIM6_DAC_IRQHandler
                0x0800e8ec                TIM1_BRK_TIM9_IRQHandler
                0x0800e8ec                DCMI_IRQHandler
                0x0800e8ec                CAN2_RX0_IRQHandler
                0x0800e8ec                DMA2_Stream3_IRQHandler
                0x0800e8ec                SAI2_IRQHandler
                0x0800e8ec                USART6_IRQHandler
                0x0800e8ec                USART3_IRQHandler
                0x0800e8ec                CAN1_RX1_IRQHandler
                0x0800e8ec                UART5_IRQHandler
                0x0800e8ec                DMA2_Stream0_IRQHandler
                0x0800e8ec                TIM4_IRQHandler
                0x0800e8ec                QUADSPI_IRQHandler
                0x0800e8ec                I2C1_EV_IRQHandler
                0x0800e8ec                DMA1_Stream6_IRQHandler
                0x0800e8ec                DMA1_Stream1_IRQHandler
                0x0800e8ec                UART4_IRQHandler
                0x0800e8ec                TIM3_IRQHandler
                0x0800e8ec                RCC_IRQHandler
                0x0800e8ec                TIM8_BRK_TIM12_IRQHandler
                0x0800e8ec                Default_Handler
                0x0800e8ec                CEC_IRQHandler
                0x0800e8ec                EXTI15_10_IRQHandler
                0x0800e8ec                ADC_IRQHandler
                0x0800e8ec                DMA1_Stream7_IRQHandler
                0x0800e8ec                TIM7_IRQHandler
                0x0800e8ec                CAN2_TX_IRQHandler
                0x0800e8ec                TIM5_IRQHandler
                0x0800e8ec                DMA2_Stream7_IRQHandler
                0x0800e8ec                I2C3_EV_IRQHandler
                0x0800e8ec                EXTI9_5_IRQHandler
                0x0800e8ec                RTC_WKUP_IRQHandler
                0x0800e8ec                SPDIF_RX_IRQHandler
                0x0800e8ec                SPI2_IRQHandler
                0x0800e8ec                OTG_HS_EP1_IN_IRQHandler
                0x0800e8ec                DMA1_Stream0_IRQHandler
                0x0800e8ec                CAN1_TX_IRQHandler
                0x0800e8ec                FMPI2C1_ER_IRQHandler
                0x0800e8ec                EXTI4_IRQHandler
                0x0800e8ec                OTG_HS_EP1_OUT_IRQHandler
                0x0800e8ec                WWDG_IRQHandler
                0x0800e8ec                TIM2_IRQHandler
                0x0800e8ec                OTG_FS_WKUP_IRQHandler
                0x0800e8ec                TIM1_TRG_COM_TIM11_IRQHandler
                0x0800e8ec                OTG_HS_IRQHandler
                0x0800e8ec                EXTI1_IRQHandler
                0x0800e8ec                USART2_IRQHandler
                0x0800e8ec                I2C2_ER_IRQHandler
                0x0800e8ec                DMA2_Stream1_IRQHandler
                0x0800e8ec                CAN1_SCE_IRQHandler
                0x0800e8ec                FLASH_IRQHandler
                0x0800e8ec                DMA2_Stream4_IRQHandler
                0x0800e8ec                OTG_FS_IRQHandler
                0x0800e8ec                SPI3_IRQHandler
                0x0800e8ec                DMA1_Stream4_IRQHandler
                0x0800e8ec                I2C1_ER_IRQHandler
                0x0800e8ec                FMC_IRQHandler
                0x0800e8ec                DMA2_Stream6_IRQHandler
                0x0800e8ec                SAI1_IRQHandler
                0x0800e8ec                DMA1_Stream3_IRQHandler
 .text.atof     0x0800e8ee        0x6 C:/ST/STM32CubeCLT_1.17.0/GNU-tools-for-STM32/bin/../lib/gcc/arm-none-eabi/12.3.1/../../../../arm-none-eabi/lib/thumb/v7e-m+fp/hard\libg_nano.a(libc_a-atof.o)
                0x0800e8ee                atof
 .text.atoi     0x0800e8f4        0x8 C:/ST/STM32CubeCLT_1.17.0/GNU-tools-for-STM32/bin/../lib/gcc/arm-none-eabi/12.3.1/../../../../arm-none-eabi/lib/thumb/v7e-m+fp/hard\libg_nano.a(libc_a-atoi.o)
                0x0800e8f4                atoi
 .text.sulp     0x0800e8fc       0x3c C:/ST/STM32CubeCLT_1.17.0/GNU-tools-for-STM32/bin/../lib/gcc/arm-none-eabi/12.3.1/../../../../arm-none-eabi/lib/thumb/v7e-m+fp/hard\libg_nano.a(libc_a-strtod.o)
 .text._strtod_l
                0x0800e938      0xbc8 C:/ST/STM32CubeCLT_1.17.0/GNU-tools-for-STM32/bin/../lib/gcc/arm-none-eabi/12.3.1/../../../../arm-none-eabi/lib/thumb/v7e-m+fp/hard\libg_nano.a(libc_a-strtod.o)
                0x0800e938                _strtod_l
 .text.strtod   0x0800f500       0x18 C:/ST/STM32CubeCLT_1.17.0/GNU-tools-for-STM32/bin/../lib/gcc/arm-none-eabi/12.3.1/../../../../arm-none-eabi/lib/thumb/v7e-m+fp/hard\libg_nano.a(libc_a-strtod.o)
                0x0800f500                strtod
 .text._strtol_l.constprop.0
                0x0800f518       0xf4 C:/ST/STM32CubeCLT_1.17.0/GNU-tools-for-STM32/bin/../lib/gcc/arm-none-eabi/12.3.1/../../../../arm-none-eabi/lib/thumb/v7e-m+fp/hard\libg_nano.a(libc_a-strtol.o)
 .text.strtol   0x0800f60c       0x14 C:/ST/STM32CubeCLT_1.17.0/GNU-tools-for-STM32/bin/../lib/gcc/arm-none-eabi/12.3.1/../../../../arm-none-eabi/lib/thumb/v7e-m+fp/hard\libg_nano.a(libc_a-strtol.o)
                0x0800f60c                strtol
 .text.sprintf  0x0800f620       0x40 C:/ST/STM32CubeCLT_1.17.0/GNU-tools-for-STM32/bin/../lib/gcc/arm-none-eabi/12.3.1/../../../../arm-none-eabi/lib/thumb/v7e-m+fp/hard\libg_nano.a(libc_a-sprintf.o)
                0x0800f620                siprintf
                0x0800f620                sprintf
 .text.strncmp  0x0800f660       0x24 C:/ST/STM32CubeCLT_1.17.0/GNU-tools-for-STM32/bin/../lib/gcc/arm-none-eabi/12.3.1/../../../../arm-none-eabi/lib/thumb/v7e-m+fp/hard\libg_nano.a(libc_a-strncmp.o)
                0x0800f660                strncmp
 .text.strpbrk  0x0800f684       0x30 C:/ST/STM32CubeCLT_1.17.0/GNU-tools-for-STM32/bin/../lib/gcc/arm-none-eabi/12.3.1/../../../../arm-none-eabi/lib/thumb/v7e-m+fp/hard\libg_nano.a(libc_a-strpbrk.o)
                0x0800f684                strpbrk
 .text.__errno  0x0800f6b4        0xc C:/ST/STM32CubeCLT_1.17.0/GNU-tools-for-STM32/bin/../lib/gcc/arm-none-eabi/12.3.1/../../../../arm-none-eabi/lib/thumb/v7e-m+fp/hard\libg_nano.a(libc_a-errno.o)
                0x0800f6b4                __errno
 .text.nan      0x0800f6c0       0x10 C:/ST/STM32CubeCLT_1.17.0/GNU-tools-for-STM32/bin/../lib/gcc/arm-none-eabi/12.3.1/../../../../arm-none-eabi/lib/thumb/v7e-m+fp/hard\libg_nano.a(libm_a-s_nan.o)
                0x0800f6c0                nan
 .text.nanf     0x0800f6d0        0xc C:/ST/STM32CubeCLT_1.17.0/GNU-tools-for-STM32/bin/../lib/gcc/arm-none-eabi/12.3.1/../../../../arm-none-eabi/lib/thumb/v7e-m+fp/hard\libg_nano.a(libm_a-sf_nan.o)
                0x0800f6d0                nanf
 .text.rshift   0x0800f6dc       0xa4 C:/ST/STM32CubeCLT_1.17.0/GNU-tools-for-STM32/bin/../lib/gcc/arm-none-eabi/12.3.1/../../../../arm-none-eabi/lib/thumb/v7e-m+fp/hard\libg_nano.a(libc_a-gdtoa-gethex.o)
 .text.__hexdig_fun
                0x0800f780       0x2a C:/ST/STM32CubeCLT_1.17.0/GNU-tools-for-STM32/bin/../lib/gcc/arm-none-eabi/12.3.1/../../../../arm-none-eabi/lib/thumb/v7e-m+fp/hard\libg_nano.a(libc_a-gdtoa-gethex.o)
                0x0800f780                __hexdig_fun
 *fill*         0x0800f7aa        0x2 
 .text.__gethex
                0x0800f7ac      0x420 C:/ST/STM32CubeCLT_1.17.0/GNU-tools-for-STM32/bin/../lib/gcc/arm-none-eabi/12.3.1/../../../../arm-none-eabi/lib/thumb/v7e-m+fp/hard\libg_nano.a(libc_a-gdtoa-gethex.o)
                0x0800f7ac                __gethex
 .text.L_shift  0x0800fbcc       0x24 C:/ST/STM32CubeCLT_1.17.0/GNU-tools-for-STM32/bin/../lib/gcc/arm-none-eabi/12.3.1/../../../../arm-none-eabi/lib/thumb/v7e-m+fp/hard\libg_nano.a(libc_a-gdtoa-hexnan.o)
 .text.__match  0x0800fbf0       0x28 C:/ST/STM32CubeCLT_1.17.0/GNU-tools-for-STM32/bin/../lib/gcc/arm-none-eabi/12.3.1/../../../../arm-none-eabi/lib/thumb/v7e-m+fp/hard\libg_nano.a(libc_a-gdtoa-hexnan.o)
                0x0800fbf0                __match
 .text.__hexnan
                0x0800fc18      0x136 C:/ST/STM32CubeCLT_1.17.0/GNU-tools-for-STM32/bin/../lib/gcc/arm-none-eabi/12.3.1/../../../../arm-none-eabi/lib/thumb/v7e-m+fp/hard\libg_nano.a(libc_a-gdtoa-hexnan.o)
                0x0800fc18                __hexnan
 .text.__ssputs_r
                0x0800fd4e       0xb6 C:/ST/STM32CubeCLT_1.17.0/GNU-tools-for-STM32/bin/../lib/gcc/arm-none-eabi/12.3.1/../../../../arm-none-eabi/lib/thumb/v7e-m+fp/hard\libg_nano.a(libc_a-nano-svfprintf.o)
                0x0800fd4e                __ssputs_r
 .text._svfprintf_r
                0x0800fe04      0x1f8 C:/ST/STM32CubeCLT_1.17.0/GNU-tools-for-STM32/bin/../lib/gcc/arm-none-eabi/12.3.1/../../../../arm-none-eabi/lib/thumb/v7e-m+fp/hard\libg_nano.a(libc_a-nano-svfprintf.o)
                0x0800fe04                _svfiprintf_r
                0x0800fe04                _svfprintf_r
 .text.sqrt     0x0800fffc       0x58 C:/ST/STM32CubeCLT_1.17.0/GNU-tools-for-STM32/bin/../lib/gcc/arm-none-eabi/12.3.1/../../../../arm-none-eabi/lib/thumb/v7e-m+fp/hard\libm.a(libm_a-w_sqrt.o)
                0x0800fffc                sqrt
 *fill*         0x08010054        0x4 
 .text.cos      0x08010058       0xa8 C:/ST/STM32CubeCLT_1.17.0/GNU-tools-for-STM32/bin/../lib/gcc/arm-none-eabi/12.3.1/../../../../arm-none-eabi/lib/thumb/v7e-m+fp/hard\libm.a(libm_a-s_cos.o)
                0x08010058                cos
 .text.fabs     0x08010100       0x10 C:/ST/STM32CubeCLT_1.17.0/GNU-tools-for-STM32/bin/../lib/gcc/arm-none-eabi/12.3.1/../../../../arm-none-eabi/lib/thumb/v7e-m+fp/hard\libm.a(libm_a-s_fabs.o)
                0x08010100                fabs
 .text.sin      0x08010110       0xa8 C:/ST/STM32CubeCLT_1.17.0/GNU-tools-for-STM32/bin/../lib/gcc/arm-none-eabi/12.3.1/../../../../arm-none-eabi/lib/thumb/v7e-m+fp/hard\libm.a(libm_a-s_sin.o)
                0x08010110                sin
 .text.logf     0x080101b8       0x5c C:/ST/STM32CubeCLT_1.17.0/GNU-tools-for-STM32/bin/../lib/gcc/arm-none-eabi/12.3.1/../../../../arm-none-eabi/lib/thumb/v7e-m+fp/hard\libm.a(libm_a-wf_log.o)
                0x080101b8                logf
 .text.sqrtf    0x08010214       0x3c C:/ST/STM32CubeCLT_1.17.0/GNU-tools-for-STM32/bin/../lib/gcc/arm-none-eabi/12.3.1/../../../../arm-none-eabi/lib/thumb/v7e-m+fp/hard\libm.a(libm_a-wf_sqrt.o)
                0x08010214                sqrtf
 .text.__ieee754_sqrt
                0x08010250      0x1b4 C:/ST/STM32CubeCLT_1.17.0/GNU-tools-for-STM32/bin/../lib/gcc/arm-none-eabi/12.3.1/../../../../arm-none-eabi/lib/thumb/v7e-m+fp/hard\libm.a(libm_a-e_sqrt.o)
                0x08010250                __ieee754_sqrt
 .text.__ieee754_sqrtf
                0x08010404        0x6 C:/ST/STM32CubeCLT_1.17.0/GNU-tools-for-STM32/bin/../lib/gcc/arm-none-eabi/12.3.1/../../../../arm-none-eabi/lib/thumb/v7e-m+fp/hard\libm.a(libm_a-ef_sqrt.o)
                0x08010404                __ieee754_sqrtf
 *fill*         0x0801040a        0x6 
 .text.__kernel_cos
                0x08010410      0x18c C:/ST/STM32CubeCLT_1.17.0/GNU-tools-for-STM32/bin/../lib/gcc/arm-none-eabi/12.3.1/../../../../arm-none-eabi/lib/thumb/v7e-m+fp/hard\libm.a(libm_a-k_cos.o)
                0x08010410                __kernel_cos
 *fill*         0x0801059c        0x4 
 .text.__kernel_sin
                0x080105a0      0x174 C:/ST/STM32CubeCLT_1.17.0/GNU-tools-for-STM32/bin/../lib/gcc/arm-none-eabi/12.3.1/../../../../arm-none-eabi/lib/thumb/v7e-m+fp/hard\libm.a(libm_a-k_sin.o)
                0x080105a0                __kernel_sin
 *fill*         0x08010714        0x4 
 .text.__ieee754_rem_pio2
                0x08010718      0x3f8 C:/ST/STM32CubeCLT_1.17.0/GNU-tools-for-STM32/bin/../lib/gcc/arm-none-eabi/12.3.1/../../../../arm-none-eabi/lib/thumb/v7e-m+fp/hard\libm.a(libm_a-e_rem_pio2.o)
                0x08010718                __ieee754_rem_pio2
 .text.__ieee754_logf
                0x08010b10      0x1e4 C:/ST/STM32CubeCLT_1.17.0/GNU-tools-for-STM32/bin/../lib/gcc/arm-none-eabi/12.3.1/../../../../arm-none-eabi/lib/thumb/v7e-m+fp/hard\libm.a(libm_a-ef_log.o)
                0x08010b10                __ieee754_logf
 *fill*         0x08010cf4        0x4 
 .text.scalbn   0x08010cf8       0xfc C:/ST/STM32CubeCLT_1.17.0/GNU-tools-for-STM32/bin/../lib/gcc/arm-none-eabi/12.3.1/../../../../arm-none-eabi/lib/thumb/v7e-m+fp/hard\libm.a(libm_a-s_scalbn.o)
                0x08010cf8                scalbn
 *fill*         0x08010df4        0x4 
 .text.__kernel_rem_pio2
                0x08010df8      0x6b0 C:/ST/STM32CubeCLT_1.17.0/GNU-tools-for-STM32/bin/../lib/gcc/arm-none-eabi/12.3.1/../../../../arm-none-eabi/lib/thumb/v7e-m+fp/hard\libm.a(libm_a-k_rem_pio2.o)
                0x08010df8                __kernel_rem_pio2
 .text.floor    0x080114a8       0xf8 C:/ST/STM32CubeCLT_1.17.0/GNU-tools-for-STM32/bin/../lib/gcc/arm-none-eabi/12.3.1/../../../../arm-none-eabi/lib/thumb/v7e-m+fp/hard\libm.a(libm_a-s_floor.o)
                0x080114a8                floor
 *(.glue_7)
 .glue_7        0x080115a0        0x0 linker stubs
 *(.glue_7t)
 .glue_7t       0x080115a0        0x0 linker stubs
 *(.eh_frame)
 .eh_frame      0x080115a0        0x0 C:/ST/STM32CubeCLT_1.17.0/GNU-tools-for-STM32/bin/../lib/gcc/arm-none-eabi/12.3.1/thumb/v7e-m+fp/hard/crtbegin.o
 *(.init)
 .init          0x080115a0        0x4 C:/ST/STM32CubeCLT_1.17.0/GNU-tools-for-STM32/bin/../lib/gcc/arm-none-eabi/12.3.1/thumb/v7e-m+fp/hard/crti.o
                0x080115a0                _init
 .init          0x080115a4        0x8 C:/ST/STM32CubeCLT_1.17.0/GNU-tools-for-STM32/bin/../lib/gcc/arm-none-eabi/12.3.1/thumb/v7e-m+fp/hard/crtn.o
 *(.fini)
 .fini          0x080115ac        0x4 C:/ST/STM32CubeCLT_1.17.0/GNU-tools-for-STM32/bin/../lib/gcc/arm-none-eabi/12.3.1/thumb/v7e-m+fp/hard/crti.o
                0x080115ac                _fini
 .fini          0x080115b0        0x8 C:/ST/STM32CubeCLT_1.17.0/GNU-tools-for-STM32/bin/../lib/gcc/arm-none-eabi/12.3.1/thumb/v7e-m+fp/hard/crtn.o
                0x080115b8                        . = ALIGN (0x4)
                0x080115b8                        _etext = .

.vfp11_veneer   0x080115b8        0x0
 .vfp11_veneer  0x080115b8        0x0 linker stubs

.v4_bx          0x080115b8        0x0
 .v4_bx         0x080115b8        0x0 linker stubs

.iplt           0x080115b8        0x0
 .iplt          0x080115b8        0x0 C:/ST/STM32CubeCLT_1.17.0/GNU-tools-for-STM32/bin/../lib/gcc/arm-none-eabi/12.3.1/thumb/v7e-m+fp/hard/crtbegin.o

.rodata         0x080115b8     0x3e90
                0x080115b8                        . = ALIGN (0x4)
 *(.rodata)
 .rodata        0x080115b8       0x23 CMakeFiles/Kalman_Filter_Comparison_Project_STM32.dir/Core/Src/gps_neo6.c.obj
 *fill*         0x080115db        0x1 
 .rodata        0x080115dc      0x23b CMakeFiles/Kalman_Filter_Comparison_Project_STM32.dir/Core/Src/yafl_math.c.obj
 *fill*         0x08011817        0x1 
 .rodata        0x08011818     0x2e88 CMakeFiles/Kalman_Filter_Comparison_Project_STM32.dir/Core/Src/yafl.c.obj
 .rodata        0x080146a0      0x231 CMakeFiles/Kalman_Filter_Comparison_Project_STM32.dir/Core/Src/ukf_1.c.obj
 *(.rodata*)
 .rodata._printf_float.str1.1
                0x080148d1       0x12 C:/ST/STM32CubeCLT_1.17.0/GNU-tools-for-STM32/bin/../lib/gcc/arm-none-eabi/12.3.1/../../../../arm-none-eabi/lib/thumb/v7e-m+fp/hard\libc_nano.a(libc_a-nano-vfprintf_float.o)
 .rodata._printf_i.str1.1
                0x080148e3       0x22 C:/ST/STM32CubeCLT_1.17.0/GNU-tools-for-STM32/bin/../lib/gcc/arm-none-eabi/12.3.1/../../../../arm-none-eabi/lib/thumb/v7e-m+fp/hard\libc_nano.a(libc_a-nano-vfprintf_i.o)
 .rodata._dtoa_r.str1.1
                0x08014905       0x8d C:/ST/STM32CubeCLT_1.17.0/GNU-tools-for-STM32/bin/../lib/gcc/arm-none-eabi/12.3.1/../../../../arm-none-eabi/lib/thumb/v7e-m+fp/hard\libc_nano.a(libc_a-dtoa.o)
                                 0x8f (size before relaxing)
 .rodata._Balloc.str1.1
                0x08014992       0x59 C:/ST/STM32CubeCLT_1.17.0/GNU-tools-for-STM32/bin/../lib/gcc/arm-none-eabi/12.3.1/../../../../arm-none-eabi/lib/thumb/v7e-m+fp/hard\libc_nano.a(libc_a-mprec.o)
                                 0x70 (size before relaxing)
 .rodata.__multadd.str1.1
                0x080149eb       0x11 C:/ST/STM32CubeCLT_1.17.0/GNU-tools-for-STM32/bin/../lib/gcc/arm-none-eabi/12.3.1/../../../../arm-none-eabi/lib/thumb/v7e-m+fp/hard\libc_nano.a(libc_a-mprec.o)
 *fill*         0x080149eb        0x1 
 .rodata.p05.0  0x080149ec        0xc C:/ST/STM32CubeCLT_1.17.0/GNU-tools-for-STM32/bin/../lib/gcc/arm-none-eabi/12.3.1/../../../../arm-none-eabi/lib/thumb/v7e-m+fp/hard\libc_nano.a(libc_a-mprec.o)
 .rodata.__mprec_bigtens
                0x080149f8       0x28 C:/ST/STM32CubeCLT_1.17.0/GNU-tools-for-STM32/bin/../lib/gcc/arm-none-eabi/12.3.1/../../../../arm-none-eabi/lib/thumb/v7e-m+fp/hard\libc_nano.a(libc_a-mprec.o)
                0x080149f8                __mprec_bigtens
 .rodata.__mprec_tens
                0x08014a20       0xc8 C:/ST/STM32CubeCLT_1.17.0/GNU-tools-for-STM32/bin/../lib/gcc/arm-none-eabi/12.3.1/../../../../arm-none-eabi/lib/thumb/v7e-m+fp/hard\libc_nano.a(libc_a-mprec.o)
                0x08014a20                __mprec_tens
 .rodata._setlocale_r.str1.1
                0x08014ae8        0x8 C:/ST/STM32CubeCLT_1.17.0/GNU-tools-for-STM32/bin/../lib/gcc/arm-none-eabi/12.3.1/../../../../arm-none-eabi/lib/thumb/v7e-m+fp/hard\libc_nano.a(libc_a-locale.o)
                                  0x9 (size before relaxing)
 .rodata.str1.1
                0x08014af0        0x2 C:/ST/STM32CubeCLT_1.17.0/GNU-tools-for-STM32/bin/../lib/gcc/arm-none-eabi/12.3.1/../../../../arm-none-eabi/lib/thumb/v7e-m+fp/hard\libc_nano.a(libc_a-locale.o)
 .rodata.__assert_func.str1.1
                0x08014af2       0x3c C:/ST/STM32CubeCLT_1.17.0/GNU-tools-for-STM32/bin/../lib/gcc/arm-none-eabi/12.3.1/../../../../arm-none-eabi/lib/thumb/v7e-m+fp/hard\libc_nano.a(libc_a-assert.o)
                                 0x3d (size before relaxing)
 .rodata._ctype_
                0x08014b2e      0x101 C:/ST/STM32CubeCLT_1.17.0/GNU-tools-for-STM32/bin/../lib/gcc/arm-none-eabi/12.3.1/../../../../arm-none-eabi/lib/thumb/v7e-m+fp/hard\libc_nano.a(libc_a-ctype_.o)
                0x08014b2e                _ctype_
 .rodata._vfprintf_r.str1.1
                0x08014c2f       0x11 C:/ST/STM32CubeCLT_1.17.0/GNU-tools-for-STM32/bin/../lib/gcc/arm-none-eabi/12.3.1/../../../../arm-none-eabi/lib/thumb/v7e-m+fp/hard\libc_nano.a(libc_a-nano-vfprintf.o)
 .rodata.data_gps
                0x08014c40      0x2d8 CMakeFiles/Kalman_Filter_Comparison_Project_STM32.dir/Core/Src/data_gps.c.obj
                0x08014c40                data_gps
 .rodata.reg    0x08014f18       0x2a CMakeFiles/Kalman_Filter_Comparison_Project_STM32.dir/Core/Src/inv_mpu.c.obj
                0x08014f18                reg
 *fill*         0x08014f42        0x2 
 .rodata.hw     0x08014f44        0xe CMakeFiles/Kalman_Filter_Comparison_Project_STM32.dir/Core/Src/inv_mpu.c.obj
                0x08014f44                hw
 *fill*         0x08014f52        0x2 
 .rodata.test   0x08014f54       0x30 CMakeFiles/Kalman_Filter_Comparison_Project_STM32.dir/Core/Src/inv_mpu.c.obj
                0x08014f54                test
 .rodata.__func__.65
                0x08014f84       0x12 CMakeFiles/Kalman_Filter_Comparison_Project_STM32.dir/Core/Src/yafl_math.c.obj
 *fill*         0x08014f96        0x2 
 .rodata.__func__.50
                0x08014f98       0x14 CMakeFiles/Kalman_Filter_Comparison_Project_STM32.dir/Core/Src/yafl_math.c.obj
 .rodata.__func__.49
                0x08014fac       0x14 CMakeFiles/Kalman_Filter_Comparison_Project_STM32.dir/Core/Src/yafl_math.c.obj
 .rodata.__func__.44
                0x08014fc0       0x12 CMakeFiles/Kalman_Filter_Comparison_Project_STM32.dir/Core/Src/yafl_math.c.obj
 *fill*         0x08014fd2        0x2 
 .rodata.__func__.20
                0x08014fd4       0x12 CMakeFiles/Kalman_Filter_Comparison_Project_STM32.dir/Core/Src/yafl_math.c.obj
 *fill*         0x08014fe6        0x2 
 .rodata.__func__.5
                0x08014fe8        0xe CMakeFiles/Kalman_Filter_Comparison_Project_STM32.dir/Core/Src/yafl_math.c.obj
 *fill*         0x08014ff6        0x2 
 .rodata.__func__.3
                0x08014ff8        0xe CMakeFiles/Kalman_Filter_Comparison_Project_STM32.dir/Core/Src/yafl_math.c.obj
 *fill*         0x08015006        0x2 
 .rodata.__func__.1
                0x08015008       0x11 CMakeFiles/Kalman_Filter_Comparison_Project_STM32.dir/Core/Src/yafl_math.c.obj
 *fill*         0x08015019        0x3 
 .rodata.__func__.0
                0x0801501c       0x13 CMakeFiles/Kalman_Filter_Comparison_Project_STM32.dir/Core/Src/yafl_math.c.obj
 *fill*         0x0801502f        0x1 
 .rodata.yafl_ukf_julier_spm
                0x08015030        0x8 CMakeFiles/Kalman_Filter_Comparison_Project_STM32.dir/Core/Src/yafl.c.obj
                0x08015030                yafl_ukf_julier_spm
 .rodata.__func__.23
                0x08015038       0x15 CMakeFiles/Kalman_Filter_Comparison_Project_STM32.dir/Core/Src/yafl.c.obj
 *fill*         0x0801504d        0x3 
 .rodata.__func__.22
                0x08015050       0x10 CMakeFiles/Kalman_Filter_Comparison_Project_STM32.dir/Core/Src/yafl.c.obj
 .rodata.__func__.21
                0x08015060       0x12 CMakeFiles/Kalman_Filter_Comparison_Project_STM32.dir/Core/Src/yafl.c.obj
 *fill*         0x08015072        0x2 
 .rodata.__func__.20
                0x08015074        0xd CMakeFiles/Kalman_Filter_Comparison_Project_STM32.dir/Core/Src/yafl.c.obj
 *fill*         0x08015081        0x3 
 .rodata.__func__.19
                0x08015084       0x16 CMakeFiles/Kalman_Filter_Comparison_Project_STM32.dir/Core/Src/yafl.c.obj
 *fill*         0x0801509a        0x2 
 .rodata.__func__.18
                0x0801509c       0x14 CMakeFiles/Kalman_Filter_Comparison_Project_STM32.dir/Core/Src/yafl.c.obj
 .rodata.__func__.16
                0x080150b0       0x22 CMakeFiles/Kalman_Filter_Comparison_Project_STM32.dir/Core/Src/yafl.c.obj
 *fill*         0x080150d2        0x2 
 .rodata.__func__.15
                0x080150d4       0x16 CMakeFiles/Kalman_Filter_Comparison_Project_STM32.dir/Core/Src/yafl.c.obj
 *fill*         0x080150ea        0x2 
 .rodata.__func__.14
                0x080150ec       0x1b CMakeFiles/Kalman_Filter_Comparison_Project_STM32.dir/Core/Src/yafl.c.obj
 *fill*         0x08015107        0x1 
 .rodata.__func__.9
                0x08015108       0x10 CMakeFiles/Kalman_Filter_Comparison_Project_STM32.dir/Core/Src/yafl.c.obj
 .rodata.__func__.8
                0x08015118       0x1a CMakeFiles/Kalman_Filter_Comparison_Project_STM32.dir/Core/Src/yafl.c.obj
 *fill*         0x08015132        0x2 
 .rodata.__func__.7
                0x08015134       0x19 CMakeFiles/Kalman_Filter_Comparison_Project_STM32.dir/Core/Src/yafl.c.obj
 *fill*         0x0801514d        0x3 
 .rodata.__func__.2
                0x08015150        0xb CMakeFiles/Kalman_Filter_Comparison_Project_STM32.dir/Core/Src/yafl.c.obj
 *fill*         0x0801515b        0x1 
 .rodata.__func__.1
                0x0801515c       0x18 CMakeFiles/Kalman_Filter_Comparison_Project_STM32.dir/Core/Src/yafl.c.obj
 .rodata.__func__.0
                0x08015174       0x18 CMakeFiles/Kalman_Filter_Comparison_Project_STM32.dir/Core/Src/yafl.c.obj
 .rodata.__func__.2
                0x0801518c        0x3 CMakeFiles/Kalman_Filter_Comparison_Project_STM32.dir/Core/Src/ukf_1.c.obj
 *fill*         0x0801518f        0x1 
 .rodata.__func__.1
                0x08015190        0x3 CMakeFiles/Kalman_Filter_Comparison_Project_STM32.dir/Core/Src/ukf_1.c.obj
 *fill*         0x08015193        0x1 
 .rodata.__func__.0
                0x08015194       0x13 CMakeFiles/Kalman_Filter_Comparison_Project_STM32.dir/Core/Src/ukf_1.c.obj
 *fill*         0x080151a7        0x1 
 .rodata.AHBPrescTable
                0x080151a8       0x10 CMakeFiles/Kalman_Filter_Comparison_Project_STM32.dir/Core/Src/system_stm32f4xx.c.obj
                0x080151a8                AHBPrescTable
 .rodata.APBPrescTable
                0x080151b8        0x8 CMakeFiles/Kalman_Filter_Comparison_Project_STM32.dir/Core/Src/system_stm32f4xx.c.obj
                0x080151b8                APBPrescTable
 .rodata._strtod_l.str1.1
                0x080151c0       0x11 C:/ST/STM32CubeCLT_1.17.0/GNU-tools-for-STM32/bin/../lib/gcc/arm-none-eabi/12.3.1/../../../../arm-none-eabi/lib/thumb/v7e-m+fp/hard\libg_nano.a(libc_a-strtod.o)
                                  0xf (size before relaxing)
 .rodata.fpinan.0
                0x080151c0       0x14 C:/ST/STM32CubeCLT_1.17.0/GNU-tools-for-STM32/bin/../lib/gcc/arm-none-eabi/12.3.1/../../../../arm-none-eabi/lib/thumb/v7e-m+fp/hard\libg_nano.a(libc_a-strtod.o)
 .rodata.fpi.1  0x080151d4       0x14 C:/ST/STM32CubeCLT_1.17.0/GNU-tools-for-STM32/bin/../lib/gcc/arm-none-eabi/12.3.1/../../../../arm-none-eabi/lib/thumb/v7e-m+fp/hard\libg_nano.a(libc_a-strtod.o)
 .rodata.tinytens
                0x080151e8       0x28 C:/ST/STM32CubeCLT_1.17.0/GNU-tools-for-STM32/bin/../lib/gcc/arm-none-eabi/12.3.1/../../../../arm-none-eabi/lib/thumb/v7e-m+fp/hard\libg_nano.a(libc_a-strtod.o)
 .rodata.__gethex.str1.1
                0x08015210       0x60 C:/ST/STM32CubeCLT_1.17.0/GNU-tools-for-STM32/bin/../lib/gcc/arm-none-eabi/12.3.1/../../../../arm-none-eabi/lib/thumb/v7e-m+fp/hard\libg_nano.a(libc_a-gdtoa-gethex.o)
                                 0x73 (size before relaxing)
 .rodata._svfprintf_r.str1.1
                0x08015270       0x11 C:/ST/STM32CubeCLT_1.17.0/GNU-tools-for-STM32/bin/../lib/gcc/arm-none-eabi/12.3.1/../../../../arm-none-eabi/lib/thumb/v7e-m+fp/hard\libg_nano.a(libc_a-nano-svfprintf.o)
 .rodata.logf.str1.1
                0x08015270        0x1 C:/ST/STM32CubeCLT_1.17.0/GNU-tools-for-STM32/bin/../lib/gcc/arm-none-eabi/12.3.1/../../../../arm-none-eabi/lib/thumb/v7e-m+fp/hard\libm.a(libm_a-wf_log.o)
 .rodata.npio2_hw
                0x08015270       0x80 C:/ST/STM32CubeCLT_1.17.0/GNU-tools-for-STM32/bin/../lib/gcc/arm-none-eabi/12.3.1/../../../../arm-none-eabi/lib/thumb/v7e-m+fp/hard\libm.a(libm_a-e_rem_pio2.o)
 .rodata.two_over_pi
                0x080152f0      0x108 C:/ST/STM32CubeCLT_1.17.0/GNU-tools-for-STM32/bin/../lib/gcc/arm-none-eabi/12.3.1/../../../../arm-none-eabi/lib/thumb/v7e-m+fp/hard\libm.a(libm_a-e_rem_pio2.o)
 .rodata.PIo2   0x080153f8       0x40 C:/ST/STM32CubeCLT_1.17.0/GNU-tools-for-STM32/bin/../lib/gcc/arm-none-eabi/12.3.1/../../../../arm-none-eabi/lib/thumb/v7e-m+fp/hard\libm.a(libm_a-k_rem_pio2.o)
 .rodata.init_jk
                0x08015438       0x10 C:/ST/STM32CubeCLT_1.17.0/GNU-tools-for-STM32/bin/../lib/gcc/arm-none-eabi/12.3.1/../../../../arm-none-eabi/lib/thumb/v7e-m+fp/hard\libm.a(libm_a-k_rem_pio2.o)
                0x08015448                        . = ALIGN (0x4)

.ARM.extab
 *(.ARM.extab* .gnu.linkonce.armextab.*)
