Archive member included to satisfy reference by file (symbol)

C:/ST/STM32CubeCLT_1.17.0/GNU-tools-for-STM32/bin/../lib/gcc/arm-none-eabi/12.3.1/../../../../arm-none-eabi/lib/thumb/v7e-m+fp/hard\libc_nano.a(libc_a-exit.o)
                              C:/ST/STM32CubeCLT_1.17.0/GNU-tools-for-STM32/bin/../lib/gcc/arm-none-eabi/12.3.1/../../../../arm-none-eabi/lib/thumb/v7e-m+fp/hard/crt0.o (exit)
C:/ST/STM32CubeCLT_1.17.0/GNU-tools-for-STM32/bin/../lib/gcc/arm-none-eabi/12.3.1/../../../../arm-none-eabi/lib/thumb/v7e-m+fp/hard\libc_nano.a(libc_a-nano-vfprintf_float.o)
                              (_printf_float)
C:/ST/STM32CubeCLT_1.17.0/GNU-tools-for-STM32/bin/../lib/gcc/arm-none-eabi/12.3.1/../../../../arm-none-eabi/lib/thumb/v7e-m+fp/hard\libc_nano.a(libc_a-nano-vfprintf_i.o)
                              C:/ST/STM32CubeCLT_1.17.0/GNU-tools-for-STM32/bin/../lib/gcc/arm-none-eabi/12.3.1/../../../../arm-none-eabi/lib/thumb/v7e-m+fp/hard\libc_nano.a(libc_a-nano-vfprintf_float.o) (_printf_common)
C:/ST/STM32CubeCLT_1.17.0/GNU-tools-for-STM32/bin/../lib/gcc/arm-none-eabi/12.3.1/../../../../arm-none-eabi/lib/thumb/v7e-m+fp/hard\libc_nano.a(libc_a-findfp.o)
                              C:/ST/STM32CubeCLT_1.17.0/GNU-tools-for-STM32/bin/../lib/gcc/arm-none-eabi/12.3.1/../../../../arm-none-eabi/lib/thumb/v7e-m+fp/hard\libc_nano.a(libc_a-exit.o) (__stdio_exit_handler)
C:/ST/STM32CubeCLT_1.17.0/GNU-tools-for-STM32/bin/../lib/gcc/arm-none-eabi/12.3.1/../../../../arm-none-eabi/lib/thumb/v7e-m+fp/hard\libc_nano.a(libc_a-fwalk.o)
                              C:/ST/STM32CubeCLT_1.17.0/GNU-tools-for-STM32/bin/../lib/gcc/arm-none-eabi/12.3.1/../../../../arm-none-eabi/lib/thumb/v7e-m+fp/hard\libc_nano.a(libc_a-findfp.o) (_fwalk_sglue)
C:/ST/STM32CubeCLT_1.17.0/GNU-tools-for-STM32/bin/../lib/gcc/arm-none-eabi/12.3.1/../../../../arm-none-eabi/lib/thumb/v7e-m+fp/hard\libc_nano.a(libc_a-stdio.o)
                              C:/ST/STM32CubeCLT_1.17.0/GNU-tools-for-STM32/bin/../lib/gcc/arm-none-eabi/12.3.1/../../../../arm-none-eabi/lib/thumb/v7e-m+fp/hard\libc_nano.a(libc_a-findfp.o) (__sread)
C:/ST/STM32CubeCLT_1.17.0/GNU-tools-for-STM32/bin/../lib/gcc/arm-none-eabi/12.3.1/../../../../arm-none-eabi/lib/thumb/v7e-m+fp/hard\libc_nano.a(libc_a-memset.o)
                              C:/ST/STM32CubeCLT_1.17.0/GNU-tools-for-STM32/bin/../lib/gcc/arm-none-eabi/12.3.1/../../../../arm-none-eabi/lib/thumb/v7e-m+fp/hard/crt0.o (memset)
C:/ST/STM32CubeCLT_1.17.0/GNU-tools-for-STM32/bin/../lib/gcc/arm-none-eabi/12.3.1/../../../../arm-none-eabi/lib/thumb/v7e-m+fp/hard\libc_nano.a(libc_a-localeconv.o)
                              C:/ST/STM32CubeCLT_1.17.0/GNU-tools-for-STM32/bin/../lib/gcc/arm-none-eabi/12.3.1/../../../../arm-none-eabi/lib/thumb/v7e-m+fp/hard\libc_nano.a(libc_a-nano-vfprintf_float.o) (_localeconv_r)
C:/ST/STM32CubeCLT_1.17.0/GNU-tools-for-STM32/bin/../lib/gcc/arm-none-eabi/12.3.1/../../../../arm-none-eabi/lib/thumb/v7e-m+fp/hard\libc_nano.a(libc_a-closer.o)
                              C:/ST/STM32CubeCLT_1.17.0/GNU-tools-for-STM32/bin/../lib/gcc/arm-none-eabi/12.3.1/../../../../arm-none-eabi/lib/thumb/v7e-m+fp/hard\libc_nano.a(libc_a-stdio.o) (_close_r)
C:/ST/STM32CubeCLT_1.17.0/GNU-tools-for-STM32/bin/../lib/gcc/arm-none-eabi/12.3.1/../../../../arm-none-eabi/lib/thumb/v7e-m+fp/hard\libc_nano.a(libc_a-reent.o)
                              C:/ST/STM32CubeCLT_1.17.0/GNU-tools-for-STM32/bin/../lib/gcc/arm-none-eabi/12.3.1/../../../../arm-none-eabi/lib/thumb/v7e-m+fp/hard\libc_nano.a(libc_a-closer.o) (errno)
C:/ST/STM32CubeCLT_1.17.0/GNU-tools-for-STM32/bin/../lib/gcc/arm-none-eabi/12.3.1/../../../../arm-none-eabi/lib/thumb/v7e-m+fp/hard\libc_nano.a(libc_a-impure.o)
                              C:/ST/STM32CubeCLT_1.17.0/GNU-tools-for-STM32/bin/../lib/gcc/arm-none-eabi/12.3.1/../../../../arm-none-eabi/lib/thumb/v7e-m+fp/hard\libc_nano.a(libc_a-reent.o) (_impure_ptr)
C:/ST/STM32CubeCLT_1.17.0/GNU-tools-for-STM32/bin/../lib/gcc/arm-none-eabi/12.3.1/../../../../arm-none-eabi/lib/thumb/v7e-m+fp/hard\libc_nano.a(libc_a-lseekr.o)
                              C:/ST/STM32CubeCLT_1.17.0/GNU-tools-for-STM32/bin/../lib/gcc/arm-none-eabi/12.3.1/../../../../arm-none-eabi/lib/thumb/v7e-m+fp/hard\libc_nano.a(libc_a-stdio.o) (_lseek_r)
C:/ST/STM32CubeCLT_1.17.0/GNU-tools-for-STM32/bin/../lib/gcc/arm-none-eabi/12.3.1/../../../../arm-none-eabi/lib/thumb/v7e-m+fp/hard\libc_nano.a(libc_a-readr.o)
                              C:/ST/STM32CubeCLT_1.17.0/GNU-tools-for-STM32/bin/../lib/gcc/arm-none-eabi/12.3.1/../../../../arm-none-eabi/lib/thumb/v7e-m+fp/hard\libc_nano.a(libc_a-stdio.o) (_read_r)
C:/ST/STM32CubeCLT_1.17.0/GNU-tools-for-STM32/bin/../lib/gcc/arm-none-eabi/12.3.1/../../../../arm-none-eabi/lib/thumb/v7e-m+fp/hard\libc_nano.a(libc_a-writer.o)
[...]
Memory Configuration

Name             Origin             Length             Attributes
RAM              0x20000000         0x00020000         xrw
FLASH            0x08000000         0x00080000         xr
*default*        0x00000000         0xffffffff

Linker script and memory map

LOAD C:/ST/STM32CubeCLT_1.17.0/GNU-tools-for-STM32/bin/../lib/gcc/arm-none-eabi/12.3.1/thumb/v7e-m+fp/hard/crti.o
LOAD C:/ST/STM32CubeCLT_1.17.0/GNU-tools-for-STM32/bin/../lib/gcc/arm-none-eabi/12.3.1/thumb/v7e-m+fp/hard/crtbegin.o
LOAD C:/ST/STM32CubeCLT_1.17.0/GNU-tools-for-STM32/bin/../lib/gcc/arm-none-eabi/12.3.1/../../../../arm-none-eabi/lib/thumb/v7e-m+fp/hard/crt0.o
START GROUP
LOAD C:/ST/STM32CubeCLT_1.17.0/GNU-tools-for-STM32/bin/../lib/gcc/arm-none-eabi/12.3.1/../../../../arm-none-eabi/lib/thumb/v7e-m+fp/hard\libc_nano.a
LOAD C:/ST/STM32CubeCLT_1.17.0/GNU-tools-for-STM32/bin/../lib/gcc/arm-none-eabi/12.3.1/../../../../arm-none-eabi/lib/thumb/v7e-m+fp/hard\libm.a
END GROUP
LOAD CMakeFiles/Kalman_Filter_Comparison_Project_STM32.dir/Core/Src/mpu6050.c.obj
LOAD CMakeFiles/Kalman_Filter_Comparison_Project_STM32.dir/Core/Src/gps_neo6.c.obj
LOAD CMakeFiles/Kalman_Filter_Comparison_Project_STM32.dir/Core/Src/data_gps.c.obj
LOAD CMakeFiles/Kalman_Filter_Comparison_Project_STM32.dir/Core/Src/data_imu.c.obj
LOAD CMakeFiles/Kalman_Filter_Comparison_Project_STM32.dir/Core/Src/MPU9250-DMP.c.obj
LOAD CMakeFiles/Kalman_Filter_Comparison_Project_STM32.dir/Core/Src/stm32_mpu9250_clk.c.obj
LOAD CMakeFiles/Kalman_Filter_Comparison_Project_STM32.dir/Core/Src/stm32_mpu9250_i2c.c.obj
LOAD CMakeFiles/Kalman_Filter_Comparison_Project_STM32.dir/Core/Src/inv_mpu.c.obj
LOAD CMakeFiles/Kalman_Filter_Comparison_Project_STM32.dir/Core/Src/inv_mpu_dmp_motion_driver.c.obj
LOAD CMakeFiles/Kalman_Filter_Comparison_Project_STM32.dir/Core/Src/eekf_mat.c.obj
LOAD CMakeFiles/Kalman_Filter_Comparison_Project_STM32.dir/Core/Src/eekf.c.obj
LOAD CMakeFiles/Kalman_Filter_Comparison_Project_STM32.dir/Core/Src/ekf_1.c.obj
LOAD CMakeFiles/Kalman_Filter_Comparison_Project_STM32.dir/Core/Src/main.c.obj
LOAD CMakeFiles/Kalman_Filter_Comparison_Project_STM32.dir/Core/Src/gpio.c.obj
LOAD CMakeFiles/Kalman_Filter_Comparison_Project_STM32.dir/Core/Src/i2c.c.obj
LOAD CMakeFiles/Kalman_Filter_Comparison_Project_STM32.dir/Core/Src/usart.c.obj
LOAD CMakeFiles/Kalman_Filter_Comparison_Project_STM32.dir/Core/Src/stm32f4xx_it.c.obj
LOAD CMakeFiles/Kalman_Filter_Comparison_Project_STM32.dir/Core/Src/stm32f4xx_hal_msp.c.obj
LOAD CMakeFiles/Kalman_Filter_Comparison_Project_STM32.dir/Drivers/STM32F4xx_HAL_Driver/Src/stm32f4xx_hal_i2c.c.obj
LOAD CMakeFiles/Kalman_Filter_Comparison_Project_STM32.dir/Drivers/STM32F4xx_HAL_Driver/Src/stm32f4xx_hal_i2c_ex.c.obj
LOAD CMakeFiles/Kalman_Filter_Comparison_Project_STM32.dir/Drivers/STM32F4xx_HAL_Driver/Src/stm32f4xx_hal_rcc.c.obj
LOAD CMakeFiles/Kalman_Filter_Comparison_Project_STM32.dir/Drivers/STM32F4xx_HAL_Driver/Src/stm32f4xx_hal_rcc_ex.c.obj
LOAD CMakeFiles/Kalman_Filter_Comparison_Project_STM32.dir/Drivers/STM32F4xx_HAL_Driver/Src/stm32f4xx_hal_flash.c.obj
LOAD CMakeFiles/Kalman_Filter_Comparison_Project_STM32.dir/Drivers/STM32F4xx_HAL_Driver/Src/stm32f4xx_hal_flash_ex.c.obj
LOAD CMakeFiles/Kalman_Filter_Comparison_Project_STM32.dir/Drivers/STM32F4xx_HAL_Driver/Src/stm32f4xx_hal_flash_ramfunc.c.obj
LOAD CMakeFiles/Kalman_Filter_Comparison_Project_STM32.dir/Drivers/STM32F4xx_HAL_Driver/Src/stm32f4xx_hal_gpio.c.obj
LOAD CMakeFiles/Kalman_Filter_Comparison_Project_STM32.dir/Drivers/STM32F4xx_HAL_Driver/Src/stm32f4xx_hal_dma_ex.c.obj
LOAD CMakeFiles/Kalman_Filter_Comparison_Project_STM32.dir/Drivers/STM32F4xx_HAL_Driver/Src/stm32f4xx_hal_dma.c.obj
LOAD CMakeFiles/Kalman_Filter_Comparison_Project_STM32.dir/Drivers/STM32F4xx_HAL_Driver/Src/stm32f4xx_hal_pwr.c.obj
LOAD CMakeFiles/Kalman_Filter_Comparison_Project_STM32.dir/Drivers/STM32F4xx_HAL_Driver/Src/stm32f4xx_hal_pwr_ex.c.obj
LOAD CMakeFiles/Kalman_Filter_Comparison_Project_STM32.dir/Drivers/STM32F4xx_HAL_Driver/Src/stm32f4xx_hal_cortex.c.obj
LOAD CMakeFiles/Kalman_Filter_Comparison_Project_STM32.dir/Drivers/STM32F4xx_HAL_Driver/Src/stm32f4xx_hal.c.obj
LOAD CMakeFiles/Kalman_Filter_Comparison_Project_STM32.dir/Drivers/STM32F4xx_HAL_Driver/Src/stm32f4xx_hal_exti.c.obj
LOAD CMakeFiles/Kalman_Filter_Comparison_Project_STM32.dir/Drivers/STM32F4xx_HAL_Driver/Src/stm32f4xx_hal_uart.c.obj
LOAD CMakeFiles/Kalman_Filter_Comparison_Project_STM32.dir/Core/Src/system_stm32f4xx.c.obj
LOAD CMakeFiles/Kalman_Filter_Comparison_Project_STM32.dir/Core/Src/sysmem.c.obj
LOAD CMakeFiles/Kalman_Filter_Comparison_Project_STM32.dir/Core/Src/syscalls.c.obj
LOAD CMakeFiles/Kalman_Filter_Comparison_Project_STM32.dir/startup_stm32f446xx.s.obj
START GROUP
LOAD C:/ST/STM32CubeCLT_1.17.0/GNU-tools-for-STM32/bin/../lib/gcc/arm-none-eabi/12.3.1/thumb/v7e-m+fp/hard\libgcc.a
LOAD C:/ST/STM32CubeCLT_1.17.0/GNU-tools-for-STM32/bin/../lib/gcc/arm-none-eabi/12.3.1/../../../../arm-none-eabi/lib/thumb/v7e-m+fp/hard\libg_nano.a
LOAD C:/ST/STM32CubeCLT_1.17.0/GNU-tools-for-STM32/bin/../lib/gcc/arm-none-eabi/12.3.1/../../../../arm-none-eabi/lib/thumb/v7e-m+fp/hard\libc_nano.a
END GROUP
START GROUP
LOAD C:/ST/STM32CubeCLT_1.17.0/GNU-tools-for-STM32/bin/../lib/gcc/arm-none-eabi/12.3.1/thumb/v7e-m+fp/hard\libgcc.a
LOAD C:/ST/STM32CubeCLT_1.17.0/GNU-tools-for-STM32/bin/../lib/gcc/arm-none-eabi/12.3.1/../../../../arm-none-eabi/lib/thumb/v7e-m+fp/hard\libc_nano.a
END GROUP
LOAD C:/ST/STM32CubeCLT_1.17.0/GNU-tools-for-STM32/bin/../lib/gcc/arm-none-eabi/12.3.1/thumb/v7e-m+fp/hard/crtend.o
LOAD C:/ST/STM32CubeCLT_1.17.0/GNU-tools-for-STM32/bin/../lib/gcc/arm-none-eabi/12.3.1/thumb/v7e-m+fp/hard/crtn.o
                0x20020000                        _estack = (ORIGIN (RAM) + LENGTH (RAM))
                0x00000200                        _Min_Heap_Size = 0x200
                0x00000400                        _Min_Stack_Size = 0x400

.isr_vector     0x08000000      0x1c4
                0x08000000                        . = ALIGN (0x4)
 *(.isr_vector)
 .isr_vector    0x08000000      0x1c4 CMakeFiles/Kalman_Filter_Comparison_Project_STM32.dir/startup_stm32f446xx.s.obj
                0x08000000                g_pfnVectors
                0x080001c4                        . = ALIGN (0x4)

.text           0x080001d0     0xec10
                0x080001d0                        . = ALIGN (0x4)
 *(.text)
 .text          0x080001d0       0x40 C:/ST/STM32CubeCLT_1.17.0/GNU-tools-for-STM32/bin/../lib/gcc/arm-none-eabi/12.3.1/thumb/v7e-m+fp/hard/crtbegin.o
 .text          0x08000210       0xa0 C:/ST/STM32CubeCLT_1.17.0/GNU-tools-for-STM32/bin/../lib/gcc/arm-none-eabi/12.3.1/../../../../arm-none-eabi/lib/thumb/v7e-m+fp/hard\libc_nano.a(libc_a-memchr.o)
                0x08000210                memchr
 .text          0x080002b0       0x10 C:/ST/STM32CubeCLT_1.17.0/GNU-tools-for-STM32/bin/../lib/gcc/arm-none-eabi/12.3.1/../../../../arm-none-eabi/lib/thumb/v7e-m+fp/hard\libc_nano.a(libc_a-strlen.o)
                0x080002b0                strlen
 .text          0x080002c0       0x14 C:/ST/STM32CubeCLT_1.17.0/GNU-tools-for-STM32/bin/../lib/gcc/arm-none-eabi/12.3.1/../../../../arm-none-eabi/lib/thumb/v7e-m+fp/hard\libc_nano.a(libc_a-strcmp.o)
                0x080002c0                strcmp
 .text          0x080002d4      0x378 C:/ST/STM32CubeCLT_1.17.0/GNU-tools-for-STM32/bin/../lib/gcc/arm-none-eabi/12.3.1/thumb/v7e-m+fp/hard\libgcc.a(_arm_addsubdf3.o)
                0x080002d4                __aeabi_drsub
                0x080002dc                __aeabi_dsub
                0x080002dc                __subdf3
                0x080002e0                __aeabi_dadd
                0x080002e0                __adddf3
                0x08000558                __floatunsidf
                0x08000558                __aeabi_ui2d
                0x08000578                __floatsidf
                0x08000578                __aeabi_i2d
                0x0800059c                __aeabi_f2d
                0x0800059c                __extendsfdf2
                0x080005e0                __floatundidf
                0x080005e0                __aeabi_ul2d
                0x080005f0                __floatdidf
                0x080005f0                __aeabi_l2d
 .text          0x0800064c      0x424 C:/ST/STM32CubeCLT_1.17.0/GNU-tools-for-STM32/bin/../lib/gcc/arm-none-eabi/12.3.1/thumb/v7e-m+fp/hard\libgcc.a(_arm_muldivdf3.o)
                0x0800064c                __aeabi_dmul
                0x0800064c                __muldf3
                0x080008a0                __divdf3
                0x080008a0                __aeabi_ddiv
 .text          0x08000a70      0x110 C:/ST/STM32CubeCLT_1.17.0/GNU-tools-for-STM32/bin/../lib/gcc/arm-none-eabi/12.3.1/thumb/v7e-m+fp/hard\libgcc.a(_arm_cmpdf2.o)
                0x08000a70                __gtdf2
                0x08000a70                __gedf2
                0x08000a78                __ltdf2
                0x08000a78                __ledf2
                0x08000a80                __nedf2
                0x08000a80                __eqdf2
                0x08000a80                __cmpdf2
                0x08000afc                __aeabi_cdrcmple
                0x08000b0c                __aeabi_cdcmpeq
                0x08000b0c                __aeabi_cdcmple
                0x08000b1c                __aeabi_dcmpeq
                0x08000b30                __aeabi_dcmplt
                0x08000b44                __aeabi_dcmple
                0x08000b58                __aeabi_dcmpge
                0x08000b6c                __aeabi_dcmpgt
 .text          0x08000b80       0x2c C:/ST/STM32CubeCLT_1.17.0/GNU-tools-for-STM32/bin/../lib/gcc/arm-none-eabi/12.3.1/thumb/v7e-m+fp/hard\libgcc.a(_arm_unorddf2.o)
                0x08000b80                __unorddf2
                0x08000b80                __aeabi_dcmpun
 .text          0x08000bac       0x50 C:/ST/STM32CubeCLT_1.17.0/GNU-tools-for-STM32/bin/../lib/gcc/arm-none-eabi/12.3.1/thumb/v7e-m+fp/hard\libgcc.a(_arm_fixdfsi.o)
                0x08000bac                __aeabi_d2iz
                0x08000bac                __fixdfsi
 .text          0x08000bfc       0x30 C:/ST/STM32CubeCLT_1.17.0/GNU-tools-for-STM32/bin/../lib/gcc/arm-none-eabi/12.3.1/thumb/v7e-m+fp/hard\libgcc.a(_aeabi_uldivmod.o)
                0x08000bfc                __aeabi_uldivmod
 .text          0x08000c2c      0x2bc C:/ST/STM32CubeCLT_1.17.0/GNU-tools-for-STM32/bin/../lib/gcc/arm-none-eabi/12.3.1/thumb/v7e-m+fp/hard\libgcc.a(_udivmoddi4.o)
                0x08000c2c                __udivmoddi4
 .text          0x08000ee8        0x4 C:/ST/STM32CubeCLT_1.17.0/GNU-tools-for-STM32/bin/../lib/gcc/arm-none-eabi/12.3.1/thumb/v7e-m+fp/hard\libgcc.a(_dvmd_tls.o)
                0x08000ee8                __aeabi_idiv0
                0x08000ee8                __aeabi_ldiv0
 .text          0x08000eec       0x40 C:/ST/STM32CubeCLT_1.17.0/GNU-tools-for-STM32/bin/../lib/gcc/arm-none-eabi/12.3.1/thumb/v7e-m+fp/hard\libgcc.a(_arm_fixunsdfsi.o)
                0x08000eec                __aeabi_d2uiz
                0x08000eec                __fixunsdfsi
 .text          0x08000f2c       0x30 C:/ST/STM32CubeCLT_1.17.0/GNU-tools-for-STM32/bin/../lib/gcc/arm-none-eabi/12.3.1/thumb/v7e-m+fp/hard\libgcc.a(_fixdfdi.o)
                0x08000f2c                __fixdfdi
                0x08000f2c                __aeabi_d2lz
 .text          0x08000f5c       0x3c C:/ST/STM32CubeCLT_1.17.0/GNU-tools-for-STM32/bin/../lib/gcc/arm-none-eabi/12.3.1/thumb/v7e-m+fp/hard\libgcc.a(_fixunsdfdi.o)
                0x08000f5c                __fixunsdfdi
                0x08000f5c                __aeabi_d2ulz
 *(.text*)
 .text.__cvt    0x08000f98       0xca C:/ST/STM32CubeCLT_1.17.0/GNU-tools-for-STM32/bin/../lib/gcc/arm-none-eabi/12.3.1/../../../../arm-none-eabi/lib/thumb/v7e-m+fp/hard\libc_nano.a(libc_a-nano-vfprintf_float.o)
                0x08000f98                __cvt
 .text.__exponent
                0x08001062       0x74 C:/ST/STM32CubeCLT_1.17.0/GNU-tools-for-STM32/bin/../lib/gcc/arm-none-eabi/12.3.1/../../../../arm-none-eabi/lib/thumb/v7e-m+fp/hard\libc_nano.a(libc_a-nano-vfprintf_float.o)
                0x08001062                __exponent
 *fill*         0x080010d6        0x2 
 .text._printf_float
                0x080010d8      0x454 C:/ST/STM32CubeCLT_1.17.0/GNU-tools-for-STM32/bin/../lib/gcc/arm-none-eabi/12.3.1/../../../../arm-none-eabi/lib/thumb/v7e-m+fp/hard\libc_nano.a(libc_a-nano-vfprintf_float.o)
                0x080010d8                _printf_float
 .text._printf_common
                0x0800152c       0xda C:/ST/STM32CubeCLT_1.17.0/GNU-tools-for-STM32/bin/../lib/gcc/arm-none-eabi/12.3.1/../../../../arm-none-eabi/lib/thumb/v7e-m+fp/hard\libc_nano.a(libc_a-nano-vfprintf_i.o)
                0x0800152c                _printf_common
 *fill*         0x08001606        0x2 
 .text._printf_i
                0x08001608      0x240 C:/ST/STM32CubeCLT_1.17.0/GNU-tools-for-STM32/bin/../lib/gcc/arm-none-eabi/12.3.1/../../../../arm-none-eabi/lib/thumb/v7e-m+fp/hard\libc_nano.a(libc_a-nano-vfprintf_i.o)
                0x08001608                _printf_i
 .text.std      0x08001848       0x6c C:/ST/STM32CubeCLT_1.17.0/GNU-tools-for-STM32/bin/../lib/gcc/arm-none-eabi/12.3.1/../../../../arm-none-eabi/lib/thumb/v7e-m+fp/hard\libc_nano.a(libc_a-findfp.o)
 .text.stdio_exit_handler
                0x080018b4       0x18 C:/ST/STM32CubeCLT_1.17.0/GNU-tools-for-STM32/bin/../lib/gcc/arm-none-eabi/12.3.1/../../../../arm-none-eabi/lib/thumb/v7e-m+fp/hard\libc_nano.a(libc_a-findfp.o)
 .text.cleanup_stdio
                0x080018cc       0x40 C:/ST/STM32CubeCLT_1.17.0/GNU-tools-for-STM32/bin/../lib/gcc/arm-none-eabi/12.3.1/../../../../arm-none-eabi/lib/thumb/v7e-m+fp/hard\libc_nano.a(libc_a-findfp.o)
 .text.global_stdio_init.part.0
                0x0800190c       0x3c C:/ST/STM32CubeCLT_1.17.0/GNU-tools-for-STM32/bin/../lib/gcc/arm-none-eabi/12.3.1/../../../../arm-none-eabi/lib/thumb/v7e-m+fp/hard\libc_nano.a(libc_a-findfp.o)
 .text.__sfp_lock_acquire
                0x08001948        0xc C:/ST/STM32CubeCLT_1.17.0/GNU-tools-for-STM32/bin/../lib/gcc/arm-none-eabi/12.3.1/../../../../arm-none-eabi/lib/thumb/v7e-m+fp/hard\libc_nano.a(libc_a-findfp.o)
                0x08001948                __sfp_lock_acquire
 .text.__sfp_lock_release
                0x08001954        0xc C:/ST/STM32CubeCLT_1.17.0/GNU-tools-for-STM32/bin/../lib/gcc/arm-none-eabi/12.3.1/../../../../arm-none-eabi/lib/thumb/v7e-m+fp/hard\libc_nano.a(libc_a-findfp.o)
                0x08001954                __sfp_lock_release
 .text.__sinit  0x08001960       0x30 C:/ST/STM32CubeCLT_1.17.0/GNU-tools-for-STM32/bin/../lib/gcc/arm-none-eabi/12.3.1/../../../../arm-none-eabi/lib/thumb/v7e-m+fp/hard\libc_nano.a(libc_a-findfp.o)
                0x08001960                __sinit
 .text._fwalk_sglue
                0x08001990       0x3c C:/ST/STM32CubeCLT_1.17.0/GNU-tools-for-STM32/bin/../lib/gcc/arm-none-eabi/12.3.1/../../../../arm-none-eabi/lib/thumb/v7e-m+fp/hard\libc_nano.a(libc_a-fwalk.o)
                0x08001990                _fwalk_sglue
 .text.__sread  0x080019cc       0x22 C:/ST/STM32CubeCLT_1.17.0/GNU-tools-for-STM32/bin/../lib/gcc/arm-none-eabi/12.3.1/../../../../arm-none-eabi/lib/thumb/v7e-m+fp/hard\libc_nano.a(libc_a-stdio.o)
                0x080019cc                __sread
 .text.__swrite
                0x080019ee       0x38 C:/ST/STM32CubeCLT_1.17.0/GNU-tools-for-STM32/bin/../lib/gcc/arm-none-eabi/12.3.1/../../../../arm-none-eabi/lib/thumb/v7e-m+fp/hard\libc_nano.a(libc_a-stdio.o)
                0x080019ee                __swrite
 .text.__sseek  0x08001a26       0x24 C:/ST/STM32CubeCLT_1.17.0/GNU-tools-for-STM32/bin/../lib/gcc/arm-none-eabi/12.3.1/../../../../arm-none-eabi/lib/thumb/v7e-m+fp/hard\libc_nano.a(libc_a-stdio.o)
                0x08001a26                __sseek
 .text.__sclose
                0x08001a4a        0x8 C:/ST/STM32CubeCLT_1.17.0/GNU-tools-for-STM32/bin/../lib/gcc/arm-none-eabi/12.3.1/../../../../arm-none-eabi/lib/thumb/v7e-m+fp/hard\libc_nano.a(libc_a-stdio.o)
                0x08001a4a                __sclose
 .text.memset   0x08001a52       0x10 C:/ST/STM32CubeCLT_1.17.0/GNU-tools-for-STM32/bin/../lib/gcc/arm-none-eabi/12.3.1/../../../../arm-none-eabi/lib/thumb/v7e-m+fp/hard\libc_nano.a(libc_a-memset.o)
                0x08001a52                memset
 *fill*         0x08001a62        0x2 
 .text._localeconv_r
                0x08001a64        0x8 C:/ST/STM32CubeCLT_1.17.0/GNU-tools-for-STM32/bin/../lib/gcc/arm-none-eabi/12.3.1/../../../../arm-none-eabi/lib/thumb/v7e-m+fp/hard\libc_nano.a(libc_a-localeconv.o)
                0x08001a64                _localeconv_r
 .text._close_r
                0x08001a6c       0x20 C:/ST/STM32CubeCLT_1.17.0/GNU-tools-for-STM32/bin/../lib/gcc/arm-none-eabi/12.3.1/../../../../arm-none-eabi/lib/thumb/v7e-m+fp/hard\libc_nano.a(libc_a-closer.o)
                0x08001a6c                _close_r
 .text._lseek_r
                0x08001a8c       0x24 C:/ST/STM32CubeCLT_1.17.0/GNU-tools-for-STM32/bin/../lib/gcc/arm-none-eabi/12.3.1/../../../../arm-none-eabi/lib/thumb/v7e-m+fp/hard\libc_nano.a(libc_a-lseekr.o)
                0x08001a8c                _lseek_r
 .text._read_r  0x08001ab0       0x24 C:/ST/STM32CubeCLT_1.17.0/GNU-tools-for-STM32/bin/../lib/gcc/arm-none-eabi/12.3.1/../../../../arm-none-eabi/lib/thumb/v7e-m+fp/hard\libc_nano.a(libc_a-readr.o)
                0x08001ab0                _read_r
 .text._write_r
                0x08001ad4       0x24 C:/ST/STM32CubeCLT_1.17.0/GNU-tools-for-STM32/bin/../lib/gcc/arm-none-eabi/12.3.1/../../../../arm-none-eabi/lib/thumb/v7e-m+fp/hard\libc_nano.a(libc_a-writer.o)
                0x08001ad4                _write_r
 .text.__libc_init_array
                0x08001af8       0x48 C:/ST/STM32CubeCLT_1.17.0/GNU-tools-for-STM32/bin/../lib/gcc/arm-none-eabi/12.3.1/../../../../arm-none-eabi/lib/thumb/v7e-m+fp/hard\libc_nano.a(libc_a-init.o)
                0x08001af8                __libc_init_array
 .text.__retarget_lock_init_recursive
                0x08001b40        0x2 C:/ST/STM32CubeCLT_1.17.0/GNU-tools-for-STM32/bin/../lib/gcc/arm-none-eabi/12.3.1/../../../../arm-none-eabi/lib/thumb/v7e-m+fp/hard\libc_nano.a(libc_a-lock.o)
                0x08001b40                __retarget_lock_init_recursive
 .text.__retarget_lock_acquire_recursive
                0x08001b42        0x2 C:/ST/STM32CubeCLT_1.17.0/GNU-tools-for-STM32/bin/../lib/gcc/arm-none-eabi/12.3.1/../../../../arm-none-eabi/lib/thumb/v7e-m+fp/hard\libc_nano.a(libc_a-lock.o)
                0x08001b42                __retarget_lock_acquire_recursive
 .text.__retarget_lock_release_recursive
                0x08001b44        0x2 C:/ST/STM32CubeCLT_1.17.0/GNU-tools-for-STM32/bin/../lib/gcc/arm-none-eabi/12.3.1/../../../../arm-none-eabi/lib/thumb/v7e-m+fp/hard\libc_nano.a(libc_a-lock.o)
                0x08001b44                __retarget_lock_release_recursive
 .text.quorem   0x08001b46      0x110 C:/ST/STM32CubeCLT_1.17.0/GNU-tools-for-STM32/bin/../lib/gcc/arm-none-eabi/12.3.1/../../../../arm-none-eabi/lib/thumb/v7e-m+fp/hard\libc_nano.a(libc_a-dtoa.o)
 *fill*         0x08001c56        0x2 
 .text._dtoa_r  0x08001c58      0xb88 C:/ST/STM32CubeCLT_1.17.0/GNU-tools-for-STM32/bin/../lib/gcc/arm-none-eabi/12.3.1/../../../../arm-none-eabi/lib/thumb/v7e-m+fp/hard\libc_nano.a(libc_a-dtoa.o)
                0x08001c58                _dtoa_r
 .text._free_r  0x080027e0       0x94 C:/ST/STM32CubeCLT_1.17.0/GNU-tools-for-STM32/bin/../lib/gcc/arm-none-eabi/12.3.1/../../../../arm-none-eabi/lib/thumb/v7e-m+fp/hard\libc_nano.a(libc_a-freer.o)
                0x080027e0                _free_r
 .text.malloc   0x08002874       0x10 C:/ST/STM32CubeCLT_1.17.0/GNU-tools-for-STM32/bin/../lib/gcc/arm-none-eabi/12.3.1/../../../../arm-none-eabi/lib/thumb/v7e-m+fp/hard\libc_nano.a(libc_a-malloc.o)
                0x08002874                malloc
 .text.sbrk_aligned
                0x08002884       0x44 C:/ST/STM32CubeCLT_1.17.0/GNU-tools-for-STM32/bin/../lib/gcc/arm-none-eabi/12.3.1/../../../../arm-none-eabi/lib/thumb/v7e-m+fp/hard\libc_nano.a(libc_a-mallocr.o)
 .text._malloc_r
                0x080028c8      0x100 C:/ST/STM32CubeCLT_1.17.0/GNU-tools-for-STM32/bin/../lib/gcc/arm-none-eabi/12.3.1/../../../../arm-none-eabi/lib/thumb/v7e-m+fp/hard\libc_nano.a(libc_a-mallocr.o)
                0x080028c8                _malloc_r
 .text.__malloc_lock
                0x080029c8        0xc C:/ST/STM32CubeCLT_1.17.0/GNU-tools-for-STM32/bin/../lib/gcc/arm-none-eabi/12.3.1/../../../../arm-none-eabi/lib/thumb/v7e-m+fp/hard\libc_nano.a(libc_a-mlock.o)
                0x080029c8                __malloc_lock
 .text.__malloc_unlock
                0x080029d4        0xc C:/ST/STM32CubeCLT_1.17.0/GNU-tools-for-STM32/bin/../lib/gcc/arm-none-eabi/12.3.1/../../../../arm-none-eabi/lib/thumb/v7e-m+fp/hard\libc_nano.a(libc_a-mlock.o)
                0x080029d4                __malloc_unlock
 .text._Balloc  0x080029e0       0x80 C:/ST/STM32CubeCLT_1.17.0/GNU-tools-for-STM32/bin/../lib/gcc/arm-none-eabi/12.3.1/../../../../arm-none-eabi/lib/thumb/v7e-m+fp/hard\libc_nano.a(libc_a-mprec.o)
                0x080029e0                _Balloc
 .text._Bfree   0x08002a60       0x44 C:/ST/STM32CubeCLT_1.17.0/GNU-tools-for-STM32/bin/../lib/gcc/arm-none-eabi/12.3.1/../../../../arm-none-eabi/lib/thumb/v7e-m+fp/hard\libc_nano.a(libc_a-mprec.o)
                0x08002a60                _Bfree
 .text.__multadd
                0x08002aa4       0x8c C:/ST/STM32CubeCLT_1.17.0/GNU-tools-for-STM32/bin/../lib/gcc/arm-none-eabi/12.3.1/../../../../arm-none-eabi/lib/thumb/v7e-m+fp/hard\libc_nano.a(libc_a-mprec.o)
                0x08002aa4                __multadd
 .text.__s2b    0x08002b30       0x94 C:/ST/STM32CubeCLT_1.17.0/GNU-tools-for-STM32/bin/../lib/gcc/arm-none-eabi/12.3.1/../../../../arm-none-eabi/lib/thumb/v7e-m+fp/hard\libc_nano.a(libc_a-mprec.o)
                0x08002b30                __s2b
 .text.__hi0bits
                0x08002bc4       0x3e C:/ST/STM32CubeCLT_1.17.0/GNU-tools-for-STM32/bin/../lib/gcc/arm-none-eabi/12.3.1/../../../../arm-none-eabi/lib/thumb/v7e-m+fp/hard\libc_nano.a(libc_a-mprec.o)
                0x08002bc4                __hi0bits
 .text.__lo0bits
                0x08002c02       0x5a C:/ST/STM32CubeCLT_1.17.0/GNU-tools-for-STM32/bin/../lib/gcc/arm-none-eabi/12.3.1/../../../../arm-none-eabi/lib/thumb/v7e-m+fp/hard\libc_nano.a(libc_a-mprec.o)
                0x08002c02                __lo0bits
 .text.__i2b    0x08002c5c       0x2c C:/ST/STM32CubeCLT_1.17.0/GNU-tools-for-STM32/bin/../lib/gcc/arm-none-eabi/12.3.1/../../../../arm-none-eabi/lib/thumb/v7e-m+fp/hard\libc_nano.a(libc_a-mprec.o)
                0x08002c5c                __i2b
 .text.__multiply
                0x08002c88      0x154 C:/ST/STM32CubeCLT_1.17.0/GNU-tools-for-STM32/bin/../lib/gcc/arm-none-eabi/12.3.1/../../../../arm-none-eabi/lib/thumb/v7e-m+fp/hard\libc_nano.a(libc_a-mprec.o)
                0x08002c88                __multiply
 .text.__pow5mult
                0x08002ddc       0xb4 C:/ST/STM32CubeCLT_1.17.0/GNU-tools-for-STM32/bin/../lib/gcc/arm-none-eabi/12.3.1/../../../../arm-none-eabi/lib/thumb/v7e-m+fp/hard\libc_nano.a(libc_a-mprec.o)
                0x08002ddc                __pow5mult
 .text.__lshift
                0x08002e90       0xd8 C:/ST/STM32CubeCLT_1.17.0/GNU-tools-for-STM32/bin/../lib/gcc/arm-none-eabi/12.3.1/../../../../arm-none-eabi/lib/thumb/v7e-m+fp/hard\libc_nano.a(libc_a-mprec.o)
                0x08002e90                __lshift
 .text.__mcmp   0x08002f68       0x36 C:/ST/STM32CubeCLT_1.17.0/GNU-tools-for-STM32/bin/../lib/gcc/arm-none-eabi/12.3.1/../../../../arm-none-eabi/lib/thumb/v7e-m+fp/hard\libc_nano.a(libc_a-mprec.o)
                0x08002f68                __mcmp
 *fill*         0x08002f9e        0x2 
 .text.__mdiff  0x08002fa0      0x128 C:/ST/STM32CubeCLT_1.17.0/GNU-tools-for-STM32/bin/../lib/gcc/arm-none-eabi/12.3.1/../../../../arm-none-eabi/lib/thumb/v7e-m+fp/hard\libc_nano.a(libc_a-mprec.o)
                0x08002fa0                __mdiff
 .text.__ulp    0x080030c8       0x4c C:/ST/STM32CubeCLT_1.17.0/GNU-tools-for-STM32/bin/../lib/gcc/arm-none-eabi/12.3.1/../../../../arm-none-eabi/lib/thumb/v7e-m+fp/hard\libc_nano.a(libc_a-mprec.o)
                0x080030c8                __ulp
 .text.__b2d    0x08003114       0x94 C:/ST/STM32CubeCLT_1.17.0/GNU-tools-for-STM32/bin/../lib/gcc/arm-none-eabi/12.3.1/../../../../arm-none-eabi/lib/thumb/v7e-m+fp/hard\libc_nano.a(libc_a-mprec.o)
                0x08003114                __b2d
 .text.__d2b    0x080031a8       0xb0 C:/ST/STM32CubeCLT_1.17.0/GNU-tools-for-STM32/bin/../lib/gcc/arm-none-eabi/12.3.1/../../../../arm-none-eabi/lib/thumb/v7e-m+fp/hard\libc_nano.a(libc_a-mprec.o)
                0x080031a8                __d2b
 .text.__ratio  0x08003258       0x64 C:/ST/STM32CubeCLT_1.17.0/GNU-tools-for-STM32/bin/../lib/gcc/arm-none-eabi/12.3.1/../../../../arm-none-eabi/lib/thumb/v7e-m+fp/hard\libc_nano.a(libc_a-mprec.o)
                0x08003258                __ratio
 .text.__copybits
                0x080032bc       0x46 C:/ST/STM32CubeCLT_1.17.0/GNU-tools-for-STM32/bin/../lib/gcc/arm-none-eabi/12.3.1/../../../../arm-none-eabi/lib/thumb/v7e-m+fp/hard\libc_nano.a(libc_a-mprec.o)
                0x080032bc                __copybits
 .text.__any_on
                0x08003302       0x42 C:/ST/STM32CubeCLT_1.17.0/GNU-tools-for-STM32/bin/../lib/gcc/arm-none-eabi/12.3.1/../../../../arm-none-eabi/lib/thumb/v7e-m+fp/hard\libc_nano.a(libc_a-mprec.o)
                0x08003302                __any_on
 .text.__sflush_r
                0x08003344      0x108 C:/ST/STM32CubeCLT_1.17.0/GNU-tools-for-STM32/bin/../lib/gcc/arm-none-eabi/12.3.1/../../../../arm-none-eabi/lib/thumb/v7e-m+fp/hard\libc_nano.a(libc_a-fflush.o)
                0x08003344                __sflush_r
 .text._fflush_r
                0x0800344c       0x50 C:/ST/STM32CubeCLT_1.17.0/GNU-tools-for-STM32/bin/../lib/gcc/arm-none-eabi/12.3.1/../../../../arm-none-eabi/lib/thumb/v7e-m+fp/hard\libc_nano.a(libc_a-fflush.o)
                0x0800344c                _fflush_r
 .text._sbrk_r  0x0800349c       0x20 C:/ST/STM32CubeCLT_1.17.0/GNU-tools-for-STM32/bin/../lib/gcc/arm-none-eabi/12.3.1/../../../../arm-none-eabi/lib/thumb/v7e-m+fp/hard\libc_nano.a(libc_a-sbrkr.o)
                0x0800349c                _sbrk_r
 .text.memcpy   0x080034bc       0x1c C:/ST/STM32CubeCLT_1.17.0/GNU-tools-for-STM32/bin/../lib/gcc/arm-none-eabi/12.3.1/../../../../arm-none-eabi/lib/thumb/v7e-m+fp/hard\libc_nano.a(libc_a-memcpy-stub.o)
                0x080034bc                memcpy
 .text.__assert_func
                0x080034d8       0x3c C:/ST/STM32CubeCLT_1.17.0/GNU-tools-for-STM32/bin/../lib/gcc/arm-none-eabi/12.3.1/../../../../arm-none-eabi/lib/thumb/v7e-m+fp/hard\libc_nano.a(libc_a-assert.o)
                0x080034d8                __assert_func
 .text._calloc_r
                0x08003514       0x28 C:/ST/STM32CubeCLT_1.17.0/GNU-tools-for-STM32/bin/../lib/gcc/arm-none-eabi/12.3.1/../../../../arm-none-eabi/lib/thumb/v7e-m+fp/hard\libc_nano.a(libc_a-callocr.o)
                0x08003514                _calloc_r
 .text.__ascii_mbtowc
                0x0800353c       0x24 C:/ST/STM32CubeCLT_1.17.0/GNU-tools-for-STM32/bin/../lib/gcc/arm-none-eabi/12.3.1/../../../../arm-none-eabi/lib/thumb/v7e-m+fp/hard\libc_nano.a(libc_a-mbtowc_r.o)
                0x0800353c                __ascii_mbtowc
 .text.__ascii_wctomb
                0x08003560       0x1a C:/ST/STM32CubeCLT_1.17.0/GNU-tools-for-STM32/bin/../lib/gcc/arm-none-eabi/12.3.1/../../../../arm-none-eabi/lib/thumb/v7e-m+fp/hard\libc_nano.a(libc_a-wctomb_r.o)
                0x08003560                __ascii_wctomb
 *fill*         0x0800357a        0x2 
 .text.fprintf  0x0800357c       0x24 C:/ST/STM32CubeCLT_1.17.0/GNU-tools-for-STM32/bin/../lib/gcc/arm-none-eabi/12.3.1/../../../../arm-none-eabi/lib/thumb/v7e-m+fp/hard\libc_nano.a(libc_a-fprintf.o)
                0x0800357c                fiprintf
                0x0800357c                fprintf
 .text.abort    0x080035a0        0xe C:/ST/STM32CubeCLT_1.17.0/GNU-tools-for-STM32/bin/../lib/gcc/arm-none-eabi/12.3.1/../../../../arm-none-eabi/lib/thumb/v7e-m+fp/hard\libc_nano.a(libc_a-abort.o)
                0x080035a0                abort
 .text.__sfputc_r
                0x080035ae       0x2e C:/ST/STM32CubeCLT_1.17.0/GNU-tools-for-STM32/bin/../lib/gcc/arm-none-eabi/12.3.1/../../../../arm-none-eabi/lib/thumb/v7e-m+fp/hard\libc_nano.a(libc_a-nano-vfprintf.o)
 .text.__sfputs_r
                0x080035dc       0x24 C:/ST/STM32CubeCLT_1.17.0/GNU-tools-for-STM32/bin/../lib/gcc/arm-none-eabi/12.3.1/../../../../arm-none-eabi/lib/thumb/v7e-m+fp/hard\libc_nano.a(libc_a-nano-vfprintf.o)
                0x080035dc                __sfputs_r
 .text._vfprintf_r
                0x08003600      0x230 C:/ST/STM32CubeCLT_1.17.0/GNU-tools-for-STM32/bin/../lib/gcc/arm-none-eabi/12.3.1/../../../../arm-none-eabi/lib/thumb/v7e-m+fp/hard\libc_nano.a(libc_a-nano-vfprintf.o)
                0x08003600                _vfprintf_r
                0x08003600                _vfiprintf_r
 .text.__swbuf_r
                0x08003830       0x7c C:/ST/STM32CubeCLT_1.17.0/GNU-tools-for-STM32/bin/../lib/gcc/arm-none-eabi/12.3.1/../../../../arm-none-eabi/lib/thumb/v7e-m+fp/hard\libc_nano.a(libc_a-wbuf.o)
                0x08003830                __swbuf_r
 .text.__swsetup_r
                0x080038ac       0xac C:/ST/STM32CubeCLT_1.17.0/GNU-tools-for-STM32/bin/../lib/gcc/arm-none-eabi/12.3.1/../../../../arm-none-eabi/lib/thumb/v7e-m+fp/hard\libc_nano.a(libc_a-wsetup.o)
                0x080038ac                __swsetup_r
 .text.memmove  0x08003958       0x34 C:/ST/STM32CubeCLT_1.17.0/GNU-tools-for-STM32/bin/../lib/gcc/arm-none-eabi/12.3.1/../../../../arm-none-eabi/lib/thumb/v7e-m+fp/hard\libc_nano.a(libc_a-memmove.o)
                0x08003958                memmove
 .text._raise_r
                0x0800398c       0x50 C:/ST/STM32CubeCLT_1.17.0/GNU-tools-for-STM32/bin/../lib/gcc/arm-none-eabi/12.3.1/../../../../arm-none-eabi/lib/thumb/v7e-m+fp/hard\libc_nano.a(libc_a-signal.o)
                0x0800398c                _raise_r
 .text.raise    0x080039dc       0x10 C:/ST/STM32CubeCLT_1.17.0/GNU-tools-for-STM32/bin/../lib/gcc/arm-none-eabi/12.3.1/../../../../arm-none-eabi/lib/thumb/v7e-m+fp/hard\libc_nano.a(libc_a-signal.o)
                0x080039dc                raise
 .text._kill_r  0x080039ec       0x24 C:/ST/STM32CubeCLT_1.17.0/GNU-tools-for-STM32/bin/../lib/gcc/arm-none-eabi/12.3.1/../../../../arm-none-eabi/lib/thumb/v7e-m+fp/hard\libc_nano.a(libc_a-signalr.o)
                0x080039ec                _kill_r
 .text._getpid_r
                0x08003a10        0x4 C:/ST/STM32CubeCLT_1.17.0/GNU-tools-for-STM32/bin/../lib/gcc/arm-none-eabi/12.3.1/../../../../arm-none-eabi/lib/thumb/v7e-m+fp/hard\libc_nano.a(libc_a-signalr.o)
                0x08003a10                _getpid_r
 .text._realloc_r
                0x08003a14       0x5c C:/ST/STM32CubeCLT_1.17.0/GNU-tools-for-STM32/bin/../lib/gcc/arm-none-eabi/12.3.1/../../../../arm-none-eabi/lib/thumb/v7e-m+fp/hard\libc_nano.a(libc_a-reallocr.o)
                0x08003a14                _realloc_r
 .text.__swhatbuf_r
                0x08003a70       0x4c C:/ST/STM32CubeCLT_1.17.0/GNU-tools-for-STM32/bin/../lib/gcc/arm-none-eabi/12.3.1/../../../../arm-none-eabi/lib/thumb/v7e-m+fp/hard\libc_nano.a(libc_a-makebuf.o)
                0x08003a70                __swhatbuf_r
 .text.__smakebuf_r
                0x08003abc       0x78 C:/ST/STM32CubeCLT_1.17.0/GNU-tools-for-STM32/bin/../lib/gcc/arm-none-eabi/12.3.1/../../../../arm-none-eabi/lib/thumb/v7e-m+fp/hard\libc_nano.a(libc_a-makebuf.o)
                0x08003abc                __smakebuf_r
 .text._fstat_r
                0x08003b34       0x24 C:/ST/STM32CubeCLT_1.17.0/GNU-tools-for-STM32/bin/../lib/gcc/arm-none-eabi/12.3.1/../../../../arm-none-eabi/lib/thumb/v7e-m+fp/hard\libc_nano.a(libc_a-fstatr.o)
                0x08003b34                _fstat_r
 .text._isatty_r
                0x08003b58       0x20 C:/ST/STM32CubeCLT_1.17.0/GNU-tools-for-STM32/bin/../lib/gcc/arm-none-eabi/12.3.1/../../../../arm-none-eabi/lib/thumb/v7e-m+fp/hard\libc_nano.a(libc_a-isattyr.o)
                0x08003b58                _isatty_r
 .text._malloc_usable_size_r
                0x08003b78       0x10 C:/ST/STM32CubeCLT_1.17.0/GNU-tools-for-STM32/bin/../lib/gcc/arm-none-eabi/12.3.1/../../../../arm-none-eabi/lib/thumb/v7e-m+fp/hard\libc_nano.a(libc_a-msizer.o)
                0x08003b78                _malloc_usable_size_r
 .text.strtoke  0x08003b88       0x64 CMakeFiles/Kalman_Filter_Comparison_Project_STM32.dir/Core/Src/gps_neo6.c.obj
                0x08003b88                strtoke
 .text.NEO6_ReceiveUartChar
                0x08003bec       0xa4 CMakeFiles/Kalman_Filter_Comparison_Project_STM32.dir/Core/Src/gps_neo6.c.obj
                0x08003bec                NEO6_ReceiveUartChar
 .text.NEO6_GetCharFromBuffer
                0x08003c90       0x52 CMakeFiles/Kalman_Filter_Comparison_Project_STM32.dir/Core/Src/gps_neo6.c.obj
                0x08003c90                NEO6_GetCharFromBuffer
 .text.NEO6_GetLineFromBuffer
                0x08003ce2       0x62 CMakeFiles/Kalman_Filter_Comparison_Project_STM32.dir/Core/Src/gps_neo6.c.obj
                0x08003ce2                NEO6_GetLineFromBuffer
 .text.NEO6_ParseGPRMC
                0x08003d44      0x1b4 CMakeFiles/Kalman_Filter_Comparison_Project_STM32.dir/Core/Src/gps_neo6.c.obj
                0x08003d44                NEO6_ParseGPRMC
 .text.NEO6_ParseGPVTG
                0x08003ef8       0x94 CMakeFiles/Kalman_Filter_Comparison_Project_STM32.dir/Core/Src/gps_neo6.c.obj
                0x08003ef8                NEO6_ParseGPVTG
 .text.NEO6_ParseGPGGA
                0x08003f8c       0xbc CMakeFiles/Kalman_Filter_Comparison_Project_STM32.dir/Core/Src/gps_neo6.c.obj
                0x08003f8c                NEO6_ParseGPGGA
 .text.NEO6_ParseGPGSA
                0x08004048       0xd0 CMakeFiles/Kalman_Filter_Comparison_Project_STM32.dir/Core/Src/gps_neo6.c.obj
                0x08004048                NEO6_ParseGPGSA
 .text.NEO6_ParseLine
                0x08004118       0x8c CMakeFiles/Kalman_Filter_Comparison_Project_STM32.dir/Core/Src/gps_neo6.c.obj
                0x08004118                NEO6_ParseLine
 .text.NEO6_IsFix
                0x080041a4       0x1a CMakeFiles/Kalman_Filter_Comparison_Project_STM32.dir/Core/Src/gps_neo6.c.obj
                0x080041a4                NEO6_IsFix
 .text.NEO6_Task
                0x080041be       0x26 CMakeFiles/Kalman_Filter_Comparison_Project_STM32.dir/Core/Src/gps_neo6.c.obj
                0x080041be                NEO6_Task
 .text.NEO6_Init
                0x080041e4       0xf4 CMakeFiles/Kalman_Filter_Comparison_Project_STM32.dir/Core/Src/gps_neo6.c.obj
                0x080041e4                NEO6_Init
 .text.MPU9250_begin
                0x080042d8       0x54 CMakeFiles/Kalman_Filter_Comparison_Project_STM32.dir/Core/Src/MPU9250-DMP.c.obj
                0x080042d8                MPU9250_begin
 .text.MPU9250_getGyroSens
                0x0800432c       0x2a CMakeFiles/Kalman_Filter_Comparison_Project_STM32.dir/Core/Src/MPU9250-DMP.c.obj
                0x0800432c                MPU9250_getGyroSens
 .text.MPU9250_getAccelSens
                0x08004356       0x22 CMakeFiles/Kalman_Filter_Comparison_Project_STM32.dir/Core/Src/MPU9250-DMP.c.obj
                0x08004356                MPU9250_getAccelSens
 .text.MPU9250_setSensors
                0x08004378       0x1c CMakeFiles/Kalman_Filter_Comparison_Project_STM32.dir/Core/Src/MPU9250-DMP.c.obj
                0x08004378                MPU9250_setSensors
 .text.MPU9250_dataReady
                0x08004394       0x32 CMakeFiles/Kalman_Filter_Comparison_Project_STM32.dir/Core/Src/MPU9250-DMP.c.obj
                0x08004394                MPU9250_dataReady
 *fill*         0x080043c6        0x2 
 .text.MPU9250_updateAccel
                0x080043c8       0x54 CMakeFiles/Kalman_Filter_Comparison_Project_STM32.dir/Core/Src/MPU9250-DMP.c.obj
                0x080043c8                MPU9250_updateAccel
 .text.MPU9250_updateGyro
                0x0800441c       0x54 CMakeFiles/Kalman_Filter_Comparison_Project_STM32.dir/Core/Src/MPU9250-DMP.c.obj
                0x0800441c                MPU9250_updateGyro
 .text.MPU9250_calcAccel
                0x08004470       0x4c CMakeFiles/Kalman_Filter_Comparison_Project_STM32.dir/Core/Src/MPU9250-DMP.c.obj
                0x08004470                MPU9250_calcAccel
 .text.MPU9250_calcGyro
                0x080044bc       0x4c CMakeFiles/Kalman_Filter_Comparison_Project_STM32.dir/Core/Src/MPU9250-DMP.c.obj
                0x080044bc                MPU9250_calcGyro
 .text.stm32_get_clock_ms
                0x08004508       0x1c CMakeFiles/Kalman_Filter_Comparison_Project_STM32.dir/Core/Src/stm32_mpu9250_clk.c.obj
                0x08004508                stm32_get_clock_ms
 .text.stm32_delay_ms
                0x08004524       0x18 CMakeFiles/Kalman_Filter_Comparison_Project_STM32.dir/Core/Src/stm32_mpu9250_clk.c.obj
                0x08004524                stm32_delay_ms
 .text.wait_for_gpio_state_timeout
                0x0800453c       0x66 CMakeFiles/Kalman_Filter_Comparison_Project_STM32.dir/Core/Src/stm32_mpu9250_i2c.c.obj
 *fill*         0x080045a2        0x2 
 .text.I2C_ClearBusyFlagErratum
                0x080045a4      0x15c CMakeFiles/Kalman_Filter_Comparison_Project_STM32.dir/Core/Src/stm32_mpu9250_i2c.c.obj
 .text.stm32_i2c_write
                0x08004700       0xd4 CMakeFiles/Kalman_Filter_Comparison_Project_STM32.dir/Core/Src/stm32_mpu9250_i2c.c.obj
                0x08004700                stm32_i2c_write
 .text.stm32_i2c_read
                0x080047d4       0x78 CMakeFiles/Kalman_Filter_Comparison_Project_STM32.dir/Core/Src/stm32_mpu9250_i2c.c.obj
                0x080047d4                stm32_i2c_read
 .text.reg_int_cb
                0x0800484c       0x16 CMakeFiles/Kalman_Filter_Comparison_Project_STM32.dir/Core/Src/inv_mpu.c.obj
 .text.min      0x08004862       0x20 CMakeFiles/Kalman_Filter_Comparison_Project_STM32.dir/Core/Src/inv_mpu.c.obj
                0x08004862                min
 *fill*         0x08004882        0x2 
 .text.set_int_enable
                0x08004884       0xb4 CMakeFiles/Kalman_Filter_Comparison_Project_STM32.dir/Core/Src/inv_mpu.c.obj
                0x08004884                set_int_enable
 .text.mpu_read_reg
                0x08004938       0x5c CMakeFiles/Kalman_Filter_Comparison_Project_STM32.dir/Core/Src/inv_mpu.c.obj
                0x08004938                mpu_read_reg
 .text.mpu_init
                0x08004994      0x194 CMakeFiles/Kalman_Filter_Comparison_Project_STM32.dir/Core/Src/inv_mpu.c.obj
                0x08004994                mpu_init
 .text.mpu_lp_accel_mode
                0x08004b28      0x13c CMakeFiles/Kalman_Filter_Comparison_Project_STM32.dir/Core/Src/inv_mpu.c.obj
                0x08004b28                mpu_lp_accel_mode
 .text.mpu_get_gyro_reg
                0x08004c64       0x94 CMakeFiles/Kalman_Filter_Comparison_Project_STM32.dir/Core/Src/inv_mpu.c.obj
                0x08004c64                mpu_get_gyro_reg
 .text.mpu_get_accel_reg
                0x08004cf8       0x94 CMakeFiles/Kalman_Filter_Comparison_Project_STM32.dir/Core/Src/inv_mpu.c.obj
                0x08004cf8                mpu_get_accel_reg
 .text.mpu_reset_fifo
                0x08004d8c      0x208 CMakeFiles/Kalman_Filter_Comparison_Project_STM32.dir/Core/Src/inv_mpu.c.obj
                0x08004d8c                mpu_reset_fifo
 .text.mpu_set_gyro_fsr
                0x08004f94       0xa8 CMakeFiles/Kalman_Filter_Comparison_Project_STM32.dir/Core/Src/inv_mpu.c.obj
                0x08004f94                mpu_set_gyro_fsr
 .text.mpu_set_accel_fsr
                0x0800503c       0xd0 CMakeFiles/Kalman_Filter_Comparison_Project_STM32.dir/Core/Src/inv_mpu.c.obj
                0x0800503c                mpu_set_accel_fsr
 .text.mpu_set_lpf
                0x0800510c       0x9c CMakeFiles/Kalman_Filter_Comparison_Project_STM32.dir/Core/Src/inv_mpu.c.obj
                0x0800510c                mpu_set_lpf
 .text.mpu_set_sample_rate
                0x080051a8       0xe0 CMakeFiles/Kalman_Filter_Comparison_Project_STM32.dir/Core/Src/inv_mpu.c.obj
                0x080051a8                mpu_set_sample_rate
 .text.mpu_set_compass_sample_rate
                0x08005288       0x80 CMakeFiles/Kalman_Filter_Comparison_Project_STM32.dir/Core/Src/inv_mpu.c.obj
                0x08005288                mpu_set_compass_sample_rate
 .text.mpu_get_gyro_sens
                0x08005308       0x70 CMakeFiles/Kalman_Filter_Comparison_Project_STM32.dir/Core/Src/inv_mpu.c.obj
                0x08005308                mpu_get_gyro_sens
 .text.mpu_get_accel_sens
                0x08005378       0x7c CMakeFiles/Kalman_Filter_Comparison_Project_STM32.dir/Core/Src/inv_mpu.c.obj
                0x08005378                mpu_get_accel_sens
 .text.mpu_configure_fifo
                0x080053f4       0xa4 CMakeFiles/Kalman_Filter_Comparison_Project_STM32.dir/Core/Src/inv_mpu.c.obj
                0x080053f4                mpu_configure_fifo
 .text.mpu_set_sensors
                0x08005498      0x1bc CMakeFiles/Kalman_Filter_Comparison_Project_STM32.dir/Core/Src/inv_mpu.c.obj
                0x08005498                mpu_set_sensors
 .text.mpu_set_bypass
                0x08005654      0x18c CMakeFiles/Kalman_Filter_Comparison_Project_STM32.dir/Core/Src/inv_mpu.c.obj
                0x08005654                mpu_set_bypass
 .text.mpu_set_int_latched
                0x080057e0       0x88 CMakeFiles/Kalman_Filter_Comparison_Project_STM32.dir/Core/Src/inv_mpu.c.obj
                0x080057e0                mpu_set_int_latched
 .text.setup_compass
                0x08005868      0x274 CMakeFiles/Kalman_Filter_Comparison_Project_STM32.dir/Core/Src/inv_mpu.c.obj
 .text.eekf_mat_mul
                0x08005adc      0x13e CMakeFiles/Kalman_Filter_Comparison_Project_STM32.dir/Core/Src/eekf_mat.c.obj
                0x08005adc                eekf_mat_mul
 .text.eekf_mat_add
                0x08005c1a       0xbe CMakeFiles/Kalman_Filter_Comparison_Project_STM32.dir/Core/Src/eekf_mat.c.obj
                0x08005c1a                eekf_mat_add
 .text.eekf_mat_sub
                0x08005cd8       0xbe CMakeFiles/Kalman_Filter_Comparison_Project_STM32.dir/Core/Src/eekf_mat.c.obj
                0x08005cd8                eekf_mat_sub
 .text.eekf_mat_trs
                0x08005d96       0xc2 CMakeFiles/Kalman_Filter_Comparison_Project_STM32.dir/Core/Src/eekf_mat.c.obj
                0x08005d96                eekf_mat_trs
 .text.eekf_mat_chol
                0x08005e58      0x204 CMakeFiles/Kalman_Filter_Comparison_Project_STM32.dir/Core/Src/eekf_mat.c.obj
                0x08005e58                eekf_mat_chol
 .text.eekf_mat_fw_sub
                0x0800605c      0x1a0 CMakeFiles/Kalman_Filter_Comparison_Project_STM32.dir/Core/Src/eekf_mat.c.obj
                0x0800605c                eekf_mat_fw_sub
 .text.eekf_init
                0x080061fc       0x74 CMakeFiles/Kalman_Filter_Comparison_Project_STM32.dir/Core/Src/eekf.c.obj
                0x080061fc                eekf_init
 .text.eekf_predict
                0x08006270      0x2d4 CMakeFiles/Kalman_Filter_Comparison_Project_STM32.dir/Core/Src/eekf.c.obj
                0x08006270                eekf_predict
 .text.eekf_correct
                0x08006544      0xadc CMakeFiles/Kalman_Filter_Comparison_Project_STM32.dir/Core/Src/eekf.c.obj
                0x08006544                eekf_correct
 .text.UART2_SendString_ekf_1
                0x08007020       0x2c CMakeFiles/Kalman_Filter_Comparison_Project_STM32.dir/Core/Src/ekf_1.c.obj
                0x08007020                UART2_SendString_ekf_1
 .text.transition
                0x0800704c      0x150 CMakeFiles/Kalman_Filter_Comparison_Project_STM32.dir/Core/Src/ekf_1.c.obj
                0x0800704c                transition
 .text.measurement
                0x0800719c       0x58 CMakeFiles/Kalman_Filter_Comparison_Project_STM32.dir/Core/Src/ekf_1.c.obj
                0x0800719c                measurement
 *fill*         0x080071f4        0x4 
 .text.run_ekf_1
                0x080071f8      0x68c CMakeFiles/Kalman_Filter_Comparison_Project_STM32.dir/Core/Src/ekf_1.c.obj
                0x080071f8                run_ekf_1
 .text.HAL_UART_RxCpltCallback
                0x08007884       0x24 CMakeFiles/Kalman_Filter_Comparison_Project_STM32.dir/Core/Src/ekf_1.c.obj
                0x08007884                HAL_UART_RxCpltCallback
 .text.main     0x080078a8       0x22 CMakeFiles/Kalman_Filter_Comparison_Project_STM32.dir/Core/Src/main.c.obj
                0x080078a8                main
 *fill*         0x080078ca        0x2 
 .text.SystemClock_Config
                0x080078cc       0xdc CMakeFiles/Kalman_Filter_Comparison_Project_STM32.dir/Core/Src/main.c.obj
                0x080078cc                SystemClock_Config
 .text.Error_Handler
                0x080079a8        0xc CMakeFiles/Kalman_Filter_Comparison_Project_STM32.dir/Core/Src/main.c.obj
                0x080079a8                Error_Handler
 .text.MX_GPIO_Init
                0x080079b4       0xdc CMakeFiles/Kalman_Filter_Comparison_Project_STM32.dir/Core/Src/gpio.c.obj
                0x080079b4                MX_GPIO_Init
 .text.MX_I2C1_Init
                0x08007a90       0x5c CMakeFiles/Kalman_Filter_Comparison_Project_STM32.dir/Core/Src/i2c.c.obj
                0x08007a90                MX_I2C1_Init
 .text.HAL_I2C_MspInit
                0x08007aec       0x90 CMakeFiles/Kalman_Filter_Comparison_Project_STM32.dir/Core/Src/i2c.c.obj
                0x08007aec                HAL_I2C_MspInit
 .text.HAL_I2C_MspDeInit
                0x08007b7c       0x48 CMakeFiles/Kalman_Filter_Comparison_Project_STM32.dir/Core/Src/i2c.c.obj
                0x08007b7c                HAL_I2C_MspDeInit
 .text.MX_USART1_UART_Init
                0x08007bc4       0x54 CMakeFiles/Kalman_Filter_Comparison_Project_STM32.dir/Core/Src/usart.c.obj
                0x08007bc4                MX_USART1_UART_Init
 .text.MX_USART2_UART_Init
                0x08007c18       0x54 CMakeFiles/Kalman_Filter_Comparison_Project_STM32.dir/Core/Src/usart.c.obj
                0x08007c18                MX_USART2_UART_Init
 .text.HAL_UART_MspInit
                0x08007c6c      0x108 CMakeFiles/Kalman_Filter_Comparison_Project_STM32.dir/Core/Src/usart.c.obj
                0x08007c6c                HAL_UART_MspInit
 .text.NMI_Handler
                0x08007d74        0x8 CMakeFiles/Kalman_Filter_Comparison_Project_STM32.dir/Core/Src/stm32f4xx_it.c.obj
                0x08007d74                NMI_Handler
 .text.HardFault_Handler
                0x08007d7c        0x8 CMakeFiles/Kalman_Filter_Comparison_Project_STM32.dir/Core/Src/stm32f4xx_it.c.obj
                0x08007d7c                HardFault_Handler
 .text.MemManage_Handler
                0x08007d84        0x8 CMakeFiles/Kalman_Filter_Comparison_Project_STM32.dir/Core/Src/stm32f4xx_it.c.obj
                0x08007d84                MemManage_Handler
 .text.BusFault_Handler
                0x08007d8c        0x8 CMakeFiles/Kalman_Filter_Comparison_Project_STM32.dir/Core/Src/stm32f4xx_it.c.obj
                0x08007d8c                BusFault_Handler
 .text.UsageFault_Handler
                0x08007d94        0x8 CMakeFiles/Kalman_Filter_Comparison_Project_STM32.dir/Core/Src/stm32f4xx_it.c.obj
                0x08007d94                UsageFault_Handler
 .text.SVC_Handler
                0x08007d9c        0xe CMakeFiles/Kalman_Filter_Comparison_Project_STM32.dir/Core/Src/stm32f4xx_it.c.obj
                0x08007d9c                SVC_Handler
 .text.DebugMon_Handler
                0x08007daa        0xe CMakeFiles/Kalman_Filter_Comparison_Project_STM32.dir/Core/Src/stm32f4xx_it.c.obj
                0x08007daa                DebugMon_Handler
 .text.PendSV_Handler
                0x08007db8        0xe CMakeFiles/Kalman_Filter_Comparison_Project_STM32.dir/Core/Src/stm32f4xx_it.c.obj
                0x08007db8                PendSV_Handler
 .text.SysTick_Handler
                0x08007dc6        0xc CMakeFiles/Kalman_Filter_Comparison_Project_STM32.dir/Core/Src/stm32f4xx_it.c.obj
                0x08007dc6                SysTick_Handler
 *fill*         0x08007dd2        0x2 
 .text.USART1_IRQHandler
                0x08007dd4       0x14 CMakeFiles/Kalman_Filter_Comparison_Project_STM32.dir/Core/Src/stm32f4xx_it.c.obj
                0x08007dd4                USART1_IRQHandler
 .text.HAL_MspInit
                0x08007de8       0x50 CMakeFiles/Kalman_Filter_Comparison_Project_STM32.dir/Core/Src/stm32f4xx_hal_msp.c.obj
                0x08007de8                HAL_MspInit
 .text.HAL_I2C_Init
                0x08007e38      0x288 CMakeFiles/Kalman_Filter_Comparison_Project_STM32.dir/Drivers/STM32F4xx_HAL_Driver/Src/stm32f4xx_hal_i2c.c.obj
                0x08007e38                HAL_I2C_Init
 .text.HAL_I2C_DeInit
                0x080080c0       0x5e CMakeFiles/Kalman_Filter_Comparison_Project_STM32.dir/Drivers/STM32F4xx_HAL_Driver/Src/stm32f4xx_hal_i2c.c.obj
                0x080080c0                HAL_I2C_DeInit
 *fill*         0x0800811e        0x2 
 .text.HAL_I2C_Master_Transmit
                0x08008120      0x1fc CMakeFiles/Kalman_Filter_Comparison_Project_STM32.dir/Drivers/STM32F4xx_HAL_Driver/Src/stm32f4xx_hal_i2c.c.obj
                0x08008120                HAL_I2C_Master_Transmit
 .text.HAL_I2C_Master_Receive
                0x0800831c      0x464 CMakeFiles/Kalman_Filter_Comparison_Project_STM32.dir/Drivers/STM32F4xx_HAL_Driver/Src/stm32f4xx_hal_i2c.c.obj
                0x0800831c                HAL_I2C_Master_Receive
 .text.I2C_MasterRequestWrite
                0x08008780      0x104 CMakeFiles/Kalman_Filter_Comparison_Project_STM32.dir/Drivers/STM32F4xx_HAL_Driver/Src/stm32f4xx_hal_i2c.c.obj
 .text.I2C_MasterRequestRead
                0x08008884      0x19c CMakeFiles/Kalman_Filter_Comparison_Project_STM32.dir/Drivers/STM32F4xx_HAL_Driver/Src/stm32f4xx_hal_i2c.c.obj
 .text.I2C_WaitOnFlagUntilTimeout
                0x08008a20       0xf4 CMakeFiles/Kalman_Filter_Comparison_Project_STM32.dir/Drivers/STM32F4xx_HAL_Driver/Src/stm32f4xx_hal_i2c.c.obj
 .text.I2C_WaitOnMasterAddressFlagUntilTimeout
                0x08008b14      0x140 CMakeFiles/Kalman_Filter_Comparison_Project_STM32.dir/Drivers/STM32F4xx_HAL_Driver/Src/stm32f4xx_hal_i2c.c.obj
 .text.I2C_WaitOnTXEFlagUntilTimeout
                0x08008c54       0x90 CMakeFiles/Kalman_Filter_Comparison_Project_STM32.dir/Drivers/STM32F4xx_HAL_Driver/Src/stm32f4xx_hal_i2c.c.obj
 .text.I2C_WaitOnBTFFlagUntilTimeout
                0x08008ce4       0x90 CMakeFiles/Kalman_Filter_Comparison_Project_STM32.dir/Drivers/STM32F4xx_HAL_Driver/Src/stm32f4xx_hal_i2c.c.obj
 .text.I2C_WaitOnRXNEFlagUntilTimeout
                0x08008d74       0xba CMakeFiles/Kalman_Filter_Comparison_Project_STM32.dir/Drivers/STM32F4xx_HAL_Driver/Src/stm32f4xx_hal_i2c.c.obj
 .text.I2C_IsAcknowledgeFailed
                0x08008e2e       0x5e CMakeFiles/Kalman_Filter_Comparison_Project_STM32.dir/Drivers/STM32F4xx_HAL_Driver/Src/stm32f4xx_hal_i2c.c.obj
 .text.HAL_RCC_ClockConfig
                0x08008e8c      0x1cc CMakeFiles/Kalman_Filter_Comparison_Project_STM32.dir/Drivers/STM32F4xx_HAL_Driver/Src/stm32f4xx_hal_rcc.c.obj
                0x08008e8c                HAL_RCC_ClockConfig
 .text.HAL_RCC_GetHCLKFreq
                0x08009058       0x18 CMakeFiles/Kalman_Filter_Comparison_Project_STM32.dir/Drivers/STM32F4xx_HAL_Driver/Src/stm32f4xx_hal_rcc.c.obj
                0x08009058                HAL_RCC_GetHCLKFreq
 .text.HAL_RCC_GetPCLK1Freq
                0x08009070       0x28 CMakeFiles/Kalman_Filter_Comparison_Project_STM32.dir/Drivers/STM32F4xx_HAL_Driver/Src/stm32f4xx_hal_rcc.c.obj
                0x08009070                HAL_RCC_GetPCLK1Freq
 .text.HAL_RCC_GetPCLK2Freq
                0x08009098       0x28 CMakeFiles/Kalman_Filter_Comparison_Project_STM32.dir/Drivers/STM32F4xx_HAL_Driver/Src/stm32f4xx_hal_rcc.c.obj
                0x08009098                HAL_RCC_GetPCLK2Freq
 .text.HAL_RCC_GetSysClockFreq
                0x080090c0      0x460 CMakeFiles/Kalman_Filter_Comparison_Project_STM32.dir/Drivers/STM32F4xx_HAL_Driver/Src/stm32f4xx_hal_rcc_ex.c.obj
                0x080090c0                HAL_RCC_GetSysClockFreq
 .text.HAL_RCC_OscConfig
                0x08009520      0x53c CMakeFiles/Kalman_Filter_Comparison_Project_STM32.dir/Drivers/STM32F4xx_HAL_Driver/Src/stm32f4xx_hal_rcc_ex.c.obj
                0x08009520                HAL_RCC_OscConfig
 .text.HAL_GPIO_Init
                0x08009a5c      0x328 CMakeFiles/Kalman_Filter_Comparison_Project_STM32.dir/Drivers/STM32F4xx_HAL_Driver/Src/stm32f4xx_hal_gpio.c.obj
                0x08009a5c                HAL_GPIO_Init
 .text.HAL_GPIO_DeInit
                0x08009d84      0x1e8 CMakeFiles/Kalman_Filter_Comparison_Project_STM32.dir/Drivers/STM32F4xx_HAL_Driver/Src/stm32f4xx_hal_gpio.c.obj
                0x08009d84                HAL_GPIO_DeInit
 .text.HAL_GPIO_ReadPin
                0x08009f6c       0x30 CMakeFiles/Kalman_Filter_Comparison_Project_STM32.dir/Drivers/STM32F4xx_HAL_Driver/Src/stm32f4xx_hal_gpio.c.obj
                0x08009f6c                HAL_GPIO_ReadPin
 .text.HAL_GPIO_WritePin
                0x08009f9c       0x32 CMakeFiles/Kalman_Filter_Comparison_Project_STM32.dir/Drivers/STM32F4xx_HAL_Driver/Src/stm32f4xx_hal_gpio.c.obj
                0x08009f9c                HAL_GPIO_WritePin
 .text.HAL_DMA_Abort
                0x08009fce       0xe0 CMakeFiles/Kalman_Filter_Comparison_Project_STM32.dir/Drivers/STM32F4xx_HAL_Driver/Src/stm32f4xx_hal_dma.c.obj
                0x08009fce                HAL_DMA_Abort
 .text.HAL_DMA_Abort_IT
                0x0800a0ae       0x44 CMakeFiles/Kalman_Filter_Comparison_Project_STM32.dir/Drivers/STM32F4xx_HAL_Driver/Src/stm32f4xx_hal_dma.c.obj
                0x0800a0ae                HAL_DMA_Abort_IT
 *fill*         0x0800a0f2        0x2 
 .text.__NVIC_SetPriorityGrouping
                0x0800a0f4       0x48 CMakeFiles/Kalman_Filter_Comparison_Project_STM32.dir/Drivers/STM32F4xx_HAL_Driver/Src/stm32f4xx_hal_cortex.c.obj
 .text.__NVIC_GetPriorityGrouping
                0x0800a13c       0x1c CMakeFiles/Kalman_Filter_Comparison_Project_STM32.dir/Drivers/STM32F4xx_HAL_Driver/Src/stm32f4xx_hal_cortex.c.obj
 .text.__NVIC_EnableIRQ
                0x0800a158       0x3c CMakeFiles/Kalman_Filter_Comparison_Project_STM32.dir/Drivers/STM32F4xx_HAL_Driver/Src/stm32f4xx_hal_cortex.c.obj
 .text.__NVIC_SetPriority
                0x0800a194       0x54 CMakeFiles/Kalman_Filter_Comparison_Project_STM32.dir/Drivers/STM32F4xx_HAL_Driver/Src/stm32f4xx_hal_cortex.c.obj
 .text.NVIC_EncodePriority
                0x0800a1e8       0x66 CMakeFiles/Kalman_Filter_Comparison_Project_STM32.dir/Drivers/STM32F4xx_HAL_Driver/Src/stm32f4xx_hal_cortex.c.obj
 *fill*         0x0800a24e        0x2 
 .text.SysTick_Config
                0x0800a250       0x44 CMakeFiles/Kalman_Filter_Comparison_Project_STM32.dir/Drivers/STM32F4xx_HAL_Driver/Src/stm32f4xx_hal_cortex.c.obj
 .text.HAL_NVIC_SetPriorityGrouping
                0x0800a294       0x16 CMakeFiles/Kalman_Filter_Comparison_Project_STM32.dir/Drivers/STM32F4xx_HAL_Driver/Src/stm32f4xx_hal_cortex.c.obj
                0x0800a294                HAL_NVIC_SetPriorityGrouping
 .text.HAL_NVIC_SetPriority
                0x0800a2aa       0x38 CMakeFiles/Kalman_Filter_Comparison_Project_STM32.dir/Drivers/STM32F4xx_HAL_Driver/Src/stm32f4xx_hal_cortex.c.obj
                0x0800a2aa                HAL_NVIC_SetPriority
 .text.HAL_NVIC_EnableIRQ
                0x0800a2e2       0x1c CMakeFiles/Kalman_Filter_Comparison_Project_STM32.dir/Drivers/STM32F4xx_HAL_Driver/Src/stm32f4xx_hal_cortex.c.obj
                0x0800a2e2                HAL_NVIC_EnableIRQ
 .text.HAL_SYSTICK_Config
                0x0800a2fe       0x18 CMakeFiles/Kalman_Filter_Comparison_Project_STM32.dir/Drivers/STM32F4xx_HAL_Driver/Src/stm32f4xx_hal_cortex.c.obj
                0x0800a2fe                HAL_SYSTICK_Config
 *fill*         0x0800a316        0x2 
 .text.HAL_Init
                0x0800a318       0x44 CMakeFiles/Kalman_Filter_Comparison_Project_STM32.dir/Drivers/STM32F4xx_HAL_Driver/Src/stm32f4xx_hal.c.obj
                0x0800a318                HAL_Init
 .text.HAL_InitTick
                0x0800a35c       0x60 CMakeFiles/Kalman_Filter_Comparison_Project_STM32.dir/Drivers/STM32F4xx_HAL_Driver/Src/stm32f4xx_hal.c.obj
                0x0800a35c                HAL_InitTick
 .text.HAL_IncTick
                0x0800a3bc       0x28 CMakeFiles/Kalman_Filter_Comparison_Project_STM32.dir/Drivers/STM32F4xx_HAL_Driver/Src/stm32f4xx_hal.c.obj
                0x0800a3bc                HAL_IncTick
 .text.HAL_GetTick
                0x0800a3e4       0x18 CMakeFiles/Kalman_Filter_Comparison_Project_STM32.dir/Drivers/STM32F4xx_HAL_Driver/Src/stm32f4xx_hal.c.obj
                0x0800a3e4                HAL_GetTick
 .text.HAL_Delay
                0x0800a3fc       0x48 CMakeFiles/Kalman_Filter_Comparison_Project_STM32.dir/Drivers/STM32F4xx_HAL_Driver/Src/stm32f4xx_hal.c.obj
                0x0800a3fc                HAL_Delay
 .text.HAL_UART_Init
                0x0800a444       0xa0 CMakeFiles/Kalman_Filter_Comparison_Project_STM32.dir/Drivers/STM32F4xx_HAL_Driver/Src/stm32f4xx_hal_uart.c.obj
                0x0800a444                HAL_UART_Init
 .text.HAL_UART_Transmit
                0x0800a4e4      0x116 CMakeFiles/Kalman_Filter_Comparison_Project_STM32.dir/Drivers/STM32F4xx_HAL_Driver/Src/stm32f4xx_hal_uart.c.obj
                0x0800a4e4                HAL_UART_Transmit
 .text.HAL_UART_Receive_IT
                0x0800a5fa       0x4a CMakeFiles/Kalman_Filter_Comparison_Project_STM32.dir/Drivers/STM32F4xx_HAL_Driver/Src/stm32f4xx_hal_uart.c.obj
                0x0800a5fa                HAL_UART_Receive_IT
 .text.HAL_UART_IRQHandler
                0x0800a644      0x524 CMakeFiles/Kalman_Filter_Comparison_Project_STM32.dir/Drivers/STM32F4xx_HAL_Driver/Src/stm32f4xx_hal_uart.c.obj
                0x0800a644                HAL_UART_IRQHandler
 .text.HAL_UART_TxCpltCallback
                0x0800ab68       0x14 CMakeFiles/Kalman_Filter_Comparison_Project_STM32.dir/Drivers/STM32F4xx_HAL_Driver/Src/stm32f4xx_hal_uart.c.obj
                0x0800ab68                HAL_UART_TxCpltCallback
 .text.HAL_UART_ErrorCallback
                0x0800ab7c       0x14 CMakeFiles/Kalman_Filter_Comparison_Project_STM32.dir/Drivers/STM32F4xx_HAL_Driver/Src/stm32f4xx_hal_uart.c.obj
                0x0800ab7c                HAL_UART_ErrorCallback
 .text.HAL_UARTEx_RxEventCallback
                0x0800ab90       0x18 CMakeFiles/Kalman_Filter_Comparison_Project_STM32.dir/Drivers/STM32F4xx_HAL_Driver/Src/stm32f4xx_hal_uart.c.obj
                0x0800ab90                HAL_UARTEx_RxEventCallback
 .text.UART_WaitOnFlagUntilTimeout
                0x0800aba8       0xb2 CMakeFiles/Kalman_Filter_Comparison_Project_STM32.dir/Drivers/STM32F4xx_HAL_Driver/Src/stm32f4xx_hal_uart.c.obj
 .text.UART_Start_Receive_IT
                0x0800ac5a       0x74 CMakeFiles/Kalman_Filter_Comparison_Project_STM32.dir/Drivers/STM32F4xx_HAL_Driver/Src/stm32f4xx_hal_uart.c.obj
                0x0800ac5a                UART_Start_Receive_IT
 .text.UART_EndRxTransfer
                0x0800acce       0xc6 CMakeFiles/Kalman_Filter_Comparison_Project_STM32.dir/Drivers/STM32F4xx_HAL_Driver/Src/stm32f4xx_hal_uart.c.obj
 .text.UART_DMAAbortOnError
                0x0800ad94       0x28 CMakeFiles/Kalman_Filter_Comparison_Project_STM32.dir/Drivers/STM32F4xx_HAL_Driver/Src/stm32f4xx_hal_uart.c.obj
 .text.UART_Transmit_IT
                0x0800adbc       0xa0 CMakeFiles/Kalman_Filter_Comparison_Project_STM32.dir/Drivers/STM32F4xx_HAL_Driver/Src/stm32f4xx_hal_uart.c.obj
 .text.UART_EndTransmit_IT
                0x0800ae5c       0x30 CMakeFiles/Kalman_Filter_Comparison_Project_STM32.dir/Drivers/STM32F4xx_HAL_Driver/Src/stm32f4xx_hal_uart.c.obj
 .text.UART_Receive_IT
                0x0800ae8c      0x17c CMakeFiles/Kalman_Filter_Comparison_Project_STM32.dir/Drivers/STM32F4xx_HAL_Driver/Src/stm32f4xx_hal_uart.c.obj
 .text.UART_SetConfig
                0x0800b008      0x4e8 CMakeFiles/Kalman_Filter_Comparison_Project_STM32.dir/Drivers/STM32F4xx_HAL_Driver/Src/stm32f4xx_hal_uart.c.obj
 .text.SystemInit
                0x0800b4f0       0x24 CMakeFiles/Kalman_Filter_Comparison_Project_STM32.dir/Core/Src/system_stm32f4xx.c.obj
                0x0800b4f0                SystemInit
 .text._sbrk    0x0800b514       0x6c CMakeFiles/Kalman_Filter_Comparison_Project_STM32.dir/Core/Src/sysmem.c.obj
                0x0800b514                _sbrk
 .text._getpid  0x0800b580       0x10 CMakeFiles/Kalman_Filter_Comparison_Project_STM32.dir/Core/Src/syscalls.c.obj
                0x0800b580                _getpid
 .text._kill    0x0800b590       0x20 CMakeFiles/Kalman_Filter_Comparison_Project_STM32.dir/Core/Src/syscalls.c.obj
                0x0800b590                _kill
 .text._exit    0x0800b5b0       0x16 CMakeFiles/Kalman_Filter_Comparison_Project_STM32.dir/Core/Src/syscalls.c.obj
                0x0800b5b0                _exit
 .text._read    0x0800b5c6       0x3a CMakeFiles/Kalman_Filter_Comparison_Project_STM32.dir/Core/Src/syscalls.c.obj
                0x0800b5c6                _read
 .text._write   0x0800b600       0x38 CMakeFiles/Kalman_Filter_Comparison_Project_STM32.dir/Core/Src/syscalls.c.obj
                0x0800b600                _write
 .text._close   0x0800b638       0x18 CMakeFiles/Kalman_Filter_Comparison_Project_STM32.dir/Core/Src/syscalls.c.obj
                0x0800b638                _close
 .text._fstat   0x0800b650       0x20 CMakeFiles/Kalman_Filter_Comparison_Project_STM32.dir/Core/Src/syscalls.c.obj
                0x0800b650                _fstat
 .text._isatty  0x0800b670       0x16 CMakeFiles/Kalman_Filter_Comparison_Project_STM32.dir/Core/Src/syscalls.c.obj
                0x0800b670                _isatty
 .text._lseek   0x0800b686       0x1a CMakeFiles/Kalman_Filter_Comparison_Project_STM32.dir/Core/Src/syscalls.c.obj
                0x0800b686                _lseek
 .text.Reset_Handler
                0x0800b6a0       0x50 CMakeFiles/Kalman_Filter_Comparison_Project_STM32.dir/startup_stm32f446xx.s.obj
                0x0800b6a0                Reset_Handler
 .text.Default_Handler
                0x0800b6f0        0x2 CMakeFiles/Kalman_Filter_Comparison_Project_STM32.dir/startup_stm32f446xx.s.obj
                0x0800b6f0                RTC_Alarm_IRQHandler
                0x0800b6f0                EXTI2_IRQHandler
                0x0800b6f0                TIM8_CC_IRQHandler
                0x0800b6f0                FMPI2C1_EV_IRQHandler
                0x0800b6f0                SPI4_IRQHandler
                0x0800b6f0                TIM1_CC_IRQHandler
                0x0800b6f0                DMA2_Stream5_IRQHandler
                0x0800b6f0                DMA1_Stream5_IRQHandler
                0x0800b6f0                PVD_IRQHandler
                0x0800b6f0                SDIO_IRQHandler
                0x0800b6f0                TAMP_STAMP_IRQHandler
                0x0800b6f0                CAN2_RX1_IRQHandler
                0x0800b6f0                EXTI3_IRQHandler
                0x0800b6f0                TIM8_TRG_COM_TIM14_IRQHandler
                0x0800b6f0                TIM1_UP_TIM10_IRQHandler
                0x0800b6f0                TIM8_UP_TIM13_IRQHandler
                0x0800b6f0                I2C3_ER_IRQHandler
                0x0800b6f0                EXTI0_IRQHandler
                0x0800b6f0                I2C2_EV_IRQHandler
                0x0800b6f0                DMA1_Stream2_IRQHandler
                0x0800b6f0                CAN1_RX0_IRQHandler
                0x0800b6f0                FPU_IRQHandler
                0x0800b6f0                OTG_HS_WKUP_IRQHandler
                0x0800b6f0                CAN2_SCE_IRQHandler
                0x0800b6f0                DMA2_Stream2_IRQHandler
                0x0800b6f0                SPI1_IRQHandler
                0x0800b6f0                TIM6_DAC_IRQHandler
                0x0800b6f0                TIM1_BRK_TIM9_IRQHandler
                0x0800b6f0                DCMI_IRQHandler
                0x0800b6f0                CAN2_RX0_IRQHandler
                0x0800b6f0                DMA2_Stream3_IRQHandler
                0x0800b6f0                SAI2_IRQHandler
                0x0800b6f0                USART6_IRQHandler
                0x0800b6f0                USART3_IRQHandler
                0x0800b6f0                CAN1_RX1_IRQHandler
                0x0800b6f0                UART5_IRQHandler
                0x0800b6f0                DMA2_Stream0_IRQHandler
                0x0800b6f0                TIM4_IRQHandler
                0x0800b6f0                QUADSPI_IRQHandler
                0x0800b6f0                I2C1_EV_IRQHandler
                0x0800b6f0                DMA1_Stream6_IRQHandler
                0x0800b6f0                DMA1_Stream1_IRQHandler
                0x0800b6f0                UART4_IRQHandler
                0x0800b6f0                TIM3_IRQHandler
                0x0800b6f0                RCC_IRQHandler
                0x0800b6f0                TIM8_BRK_TIM12_IRQHandler
                0x0800b6f0                Default_Handler
                0x0800b6f0                CEC_IRQHandler
                0x0800b6f0                EXTI15_10_IRQHandler
                0x0800b6f0                ADC_IRQHandler
                0x0800b6f0                DMA1_Stream7_IRQHandler
                0x0800b6f0                TIM7_IRQHandler
                0x0800b6f0                CAN2_TX_IRQHandler
                0x0800b6f0                TIM5_IRQHandler
                0x0800b6f0                DMA2_Stream7_IRQHandler
                0x0800b6f0                I2C3_EV_IRQHandler
                0x0800b6f0                EXTI9_5_IRQHandler
                0x0800b6f0                RTC_WKUP_IRQHandler
                0x0800b6f0                SPDIF_RX_IRQHandler
                0x0800b6f0                SPI2_IRQHandler
                0x0800b6f0                OTG_HS_EP1_IN_IRQHandler
                0x0800b6f0                DMA1_Stream0_IRQHandler
                0x0800b6f0                CAN1_TX_IRQHandler
                0x0800b6f0                FMPI2C1_ER_IRQHandler
                0x0800b6f0                EXTI4_IRQHandler
                0x0800b6f0                OTG_HS_EP1_OUT_IRQHandler
                0x0800b6f0                WWDG_IRQHandler
                0x0800b6f0                TIM2_IRQHandler
                0x0800b6f0                OTG_FS_WKUP_IRQHandler
                0x0800b6f0                TIM1_TRG_COM_TIM11_IRQHandler
                0x0800b6f0                OTG_HS_IRQHandler
                0x0800b6f0                EXTI1_IRQHandler
                0x0800b6f0                USART2_IRQHandler
                0x0800b6f0                I2C2_ER_IRQHandler
                0x0800b6f0                DMA2_Stream1_IRQHandler
                0x0800b6f0                CAN1_SCE_IRQHandler
                0x0800b6f0                FLASH_IRQHandler
                0x0800b6f0                DMA2_Stream4_IRQHandler
                0x0800b6f0                OTG_FS_IRQHandler
                0x0800b6f0                SPI3_IRQHandler
                0x0800b6f0                DMA1_Stream4_IRQHandler
                0x0800b6f0                I2C1_ER_IRQHandler
                0x0800b6f0                FMC_IRQHandler
                0x0800b6f0                DMA2_Stream6_IRQHandler
                0x0800b6f0                SAI1_IRQHandler
                0x0800b6f0                DMA1_Stream3_IRQHandler
 .text.atof     0x0800b6f2        0x6 C:/ST/STM32CubeCLT_1.17.0/GNU-tools-for-STM32/bin/../lib/gcc/arm-none-eabi/12.3.1/../../../../arm-none-eabi/lib/thumb/v7e-m+fp/hard\libg_nano.a(libc_a-atof.o)
                0x0800b6f2                atof
 .text.atoi     0x0800b6f8        0x8 C:/ST/STM32CubeCLT_1.17.0/GNU-tools-for-STM32/bin/../lib/gcc/arm-none-eabi/12.3.1/../../../../arm-none-eabi/lib/thumb/v7e-m+fp/hard\libg_nano.a(libc_a-atoi.o)
                0x0800b6f8                atoi
 .text.sulp     0x0800b700       0x3c C:/ST/STM32CubeCLT_1.17.0/GNU-tools-for-STM32/bin/../lib/gcc/arm-none-eabi/12.3.1/../../../../arm-none-eabi/lib/thumb/v7e-m+fp/hard\libg_nano.a(libc_a-strtod.o)
 *fill*         0x0800b73c        0x4 
 .text._strtod_l
                0x0800b740      0xbc8 C:/ST/STM32CubeCLT_1.17.0/GNU-tools-for-STM32/bin/../lib/gcc/arm-none-eabi/12.3.1/../../../../arm-none-eabi/lib/thumb/v7e-m+fp/hard\libg_nano.a(libc_a-strtod.o)
                0x0800b740                _strtod_l
 .text.strtod   0x0800c308       0x18 C:/ST/STM32CubeCLT_1.17.0/GNU-tools-for-STM32/bin/../lib/gcc/arm-none-eabi/12.3.1/../../../../arm-none-eabi/lib/thumb/v7e-m+fp/hard\libg_nano.a(libc_a-strtod.o)
                0x0800c308                strtod
 .text._strtol_l.constprop.0
                0x0800c320       0xf4 C:/ST/STM32CubeCLT_1.17.0/GNU-tools-for-STM32/bin/../lib/gcc/arm-none-eabi/12.3.1/../../../../arm-none-eabi/lib/thumb/v7e-m+fp/hard\libg_nano.a(libc_a-strtol.o)
 .text.strtol   0x0800c414       0x14 C:/ST/STM32CubeCLT_1.17.0/GNU-tools-for-STM32/bin/../lib/gcc/arm-none-eabi/12.3.1/../../../../arm-none-eabi/lib/thumb/v7e-m+fp/hard\libg_nano.a(libc_a-strtol.o)
                0x0800c414                strtol
 .text._puts_r  0x0800c428       0xaa C:/ST/STM32CubeCLT_1.17.0/GNU-tools-for-STM32/bin/../lib/gcc/arm-none-eabi/12.3.1/../../../../arm-none-eabi/lib/thumb/v7e-m+fp/hard\libg_nano.a(libc_a-puts.o)
                0x0800c428                _puts_r
 *fill*         0x0800c4d2        0x2 
 .text.puts     0x0800c4d4       0x10 C:/ST/STM32CubeCLT_1.17.0/GNU-tools-for-STM32/bin/../lib/gcc/arm-none-eabi/12.3.1/../../../../arm-none-eabi/lib/thumb/v7e-m+fp/hard\libg_nano.a(libc_a-puts.o)
                0x0800c4d4                puts
 .text.sprintf  0x0800c4e4       0x40 C:/ST/STM32CubeCLT_1.17.0/GNU-tools-for-STM32/bin/../lib/gcc/arm-none-eabi/12.3.1/../../../../arm-none-eabi/lib/thumb/v7e-m+fp/hard\libg_nano.a(libc_a-sprintf.o)
                0x0800c4e4                siprintf
                0x0800c4e4                sprintf
 .text.strncmp  0x0800c524       0x24 C:/ST/STM32CubeCLT_1.17.0/GNU-tools-for-STM32/bin/../lib/gcc/arm-none-eabi/12.3.1/../../../../arm-none-eabi/lib/thumb/v7e-m+fp/hard\libg_nano.a(libc_a-strncmp.o)
                0x0800c524                strncmp
 .text.strpbrk  0x0800c548       0x30 C:/ST/STM32CubeCLT_1.17.0/GNU-tools-for-STM32/bin/../lib/gcc/arm-none-eabi/12.3.1/../../../../arm-none-eabi/lib/thumb/v7e-m+fp/hard\libg_nano.a(libc_a-strpbrk.o)
                0x0800c548                strpbrk
 .text.__errno  0x0800c578        0xc C:/ST/STM32CubeCLT_1.17.0/GNU-tools-for-STM32/bin/../lib/gcc/arm-none-eabi/12.3.1/../../../../arm-none-eabi/lib/thumb/v7e-m+fp/hard\libg_nano.a(libc_a-errno.o)
                0x0800c578                __errno
 *fill*         0x0800c584        0x4 
 .text.nan      0x0800c588       0x10 C:/ST/STM32CubeCLT_1.17.0/GNU-tools-for-STM32/bin/../lib/gcc/arm-none-eabi/12.3.1/../../../../arm-none-eabi/lib/thumb/v7e-m+fp/hard\libg_nano.a(libm_a-s_nan.o)
                0x0800c588                nan
 .text.rshift   0x0800c598       0xa4 C:/ST/STM32CubeCLT_1.17.0/GNU-tools-for-STM32/bin/../lib/gcc/arm-none-eabi/12.3.1/../../../../arm-none-eabi/lib/thumb/v7e-m+fp/hard\libg_nano.a(libc_a-gdtoa-gethex.o)
 .text.__hexdig_fun
                0x0800c63c       0x2a C:/ST/STM32CubeCLT_1.17.0/GNU-tools-for-STM32/bin/../lib/gcc/arm-none-eabi/12.3.1/../../../../arm-none-eabi/lib/thumb/v7e-m+fp/hard\libg_nano.a(libc_a-gdtoa-gethex.o)
                0x0800c63c                __hexdig_fun
 *fill*         0x0800c666        0x2 
 .text.__gethex
                0x0800c668      0x420 C:/ST/STM32CubeCLT_1.17.0/GNU-tools-for-STM32/bin/../lib/gcc/arm-none-eabi/12.3.1/../../../../arm-none-eabi/lib/thumb/v7e-m+fp/hard\libg_nano.a(libc_a-gdtoa-gethex.o)
                0x0800c668                __gethex
 .text.L_shift  0x0800ca88       0x24 C:/ST/STM32CubeCLT_1.17.0/GNU-tools-for-STM32/bin/../lib/gcc/arm-none-eabi/12.3.1/../../../../arm-none-eabi/lib/thumb/v7e-m+fp/hard\libg_nano.a(libc_a-gdtoa-hexnan.o)
 .text.__match  0x0800caac       0x28 C:/ST/STM32CubeCLT_1.17.0/GNU-tools-for-STM32/bin/../lib/gcc/arm-none-eabi/12.3.1/../../../../arm-none-eabi/lib/thumb/v7e-m+fp/hard\libg_nano.a(libc_a-gdtoa-hexnan.o)
                0x0800caac                __match
 .text.__hexnan
                0x0800cad4      0x136 C:/ST/STM32CubeCLT_1.17.0/GNU-tools-for-STM32/bin/../lib/gcc/arm-none-eabi/12.3.1/../../../../arm-none-eabi/lib/thumb/v7e-m+fp/hard\libg_nano.a(libc_a-gdtoa-hexnan.o)
                0x0800cad4                __hexnan
 .text.__ssputs_r
                0x0800cc0a       0xb6 C:/ST/STM32CubeCLT_1.17.0/GNU-tools-for-STM32/bin/../lib/gcc/arm-none-eabi/12.3.1/../../../../arm-none-eabi/lib/thumb/v7e-m+fp/hard\libg_nano.a(libc_a-nano-svfprintf.o)
                0x0800cc0a                __ssputs_r
 .text._svfprintf_r
                0x0800ccc0      0x1f8 C:/ST/STM32CubeCLT_1.17.0/GNU-tools-for-STM32/bin/../lib/gcc/arm-none-eabi/12.3.1/../../../../arm-none-eabi/lib/thumb/v7e-m+fp/hard\libg_nano.a(libc_a-nano-svfprintf.o)
                0x0800ccc0                _svfiprintf_r
                0x0800ccc0                _svfprintf_r
 .text.pow      0x0800ceb8       0xe0 C:/ST/STM32CubeCLT_1.17.0/GNU-tools-for-STM32/bin/../lib/gcc/arm-none-eabi/12.3.1/../../../../arm-none-eabi/lib/thumb/v7e-m+fp/hard\libm.a(libm_a-w_pow.o)
                0x0800ceb8                pow
 .text.sqrt     0x0800cf98       0x58 C:/ST/STM32CubeCLT_1.17.0/GNU-tools-for-STM32/bin/../lib/gcc/arm-none-eabi/12.3.1/../../../../arm-none-eabi/lib/thumb/v7e-m+fp/hard\libm.a(libm_a-w_sqrt.o)
                0x0800cf98                sqrt
 .text.cos      0x0800cff0       0xa8 C:/ST/STM32CubeCLT_1.17.0/GNU-tools-for-STM32/bin/../lib/gcc/arm-none-eabi/12.3.1/../../../../arm-none-eabi/lib/thumb/v7e-m+fp/hard\libm.a(libm_a-s_cos.o)
                0x0800cff0                cos
 .text.fabs     0x0800d098       0x10 C:/ST/STM32CubeCLT_1.17.0/GNU-tools-for-STM32/bin/../lib/gcc/arm-none-eabi/12.3.1/../../../../arm-none-eabi/lib/thumb/v7e-m+fp/hard\libm.a(libm_a-s_fabs.o)
                0x0800d098                fabs
 .text.sin      0x0800d0a8       0xa8 C:/ST/STM32CubeCLT_1.17.0/GNU-tools-for-STM32/bin/../lib/gcc/arm-none-eabi/12.3.1/../../../../arm-none-eabi/lib/thumb/v7e-m+fp/hard\libm.a(libm_a-s_sin.o)
                0x0800d0a8                sin
 .text.finite   0x0800d150       0x16 C:/ST/STM32CubeCLT_1.17.0/GNU-tools-for-STM32/bin/../lib/gcc/arm-none-eabi/12.3.1/../../../../arm-none-eabi/lib/thumb/v7e-m+fp/hard\libm.a(libm_a-s_finite.o)
                0x0800d150                finite
 *fill*         0x0800d166        0x2 
 .text.__ieee754_sqrt
                0x0800d168      0x1b4 C:/ST/STM32CubeCLT_1.17.0/GNU-tools-for-STM32/bin/../lib/gcc/arm-none-eabi/12.3.1/../../../../arm-none-eabi/lib/thumb/v7e-m+fp/hard\libm.a(libm_a-e_sqrt.o)
                0x0800d168                __ieee754_sqrt
 *fill*         0x0800d31c        0x4 
 .text.__kernel_cos
                0x0800d320      0x18c C:/ST/STM32CubeCLT_1.17.0/GNU-tools-for-STM32/bin/../lib/gcc/arm-none-eabi/12.3.1/../../../../arm-none-eabi/lib/thumb/v7e-m+fp/hard\libm.a(libm_a-k_cos.o)
                0x0800d320                __kernel_cos
 *fill*         0x0800d4ac        0x4 
 .text.__kernel_sin
                0x0800d4b0      0x174 C:/ST/STM32CubeCLT_1.17.0/GNU-tools-for-STM32/bin/../lib/gcc/arm-none-eabi/12.3.1/../../../../arm-none-eabi/lib/thumb/v7e-m+fp/hard\libm.a(libm_a-k_sin.o)
                0x0800d4b0                __kernel_sin
 *fill*         0x0800d624        0x4 
 .text.__ieee754_pow
                0x0800d628      0xa88 C:/ST/STM32CubeCLT_1.17.0/GNU-tools-for-STM32/bin/../lib/gcc/arm-none-eabi/12.3.1/../../../../arm-none-eabi/lib/thumb/v7e-m+fp/hard\libm.a(libm_a-e_pow.o)
                0x0800d628                __ieee754_pow
 .text.__ieee754_rem_pio2
                0x0800e0b0      0x3f8 C:/ST/STM32CubeCLT_1.17.0/GNU-tools-for-STM32/bin/../lib/gcc/arm-none-eabi/12.3.1/../../../../arm-none-eabi/lib/thumb/v7e-m+fp/hard\libm.a(libm_a-e_rem_pio2.o)
                0x0800e0b0                __ieee754_rem_pio2
 .text.scalbn   0x0800e4a8       0xfc C:/ST/STM32CubeCLT_1.17.0/GNU-tools-for-STM32/bin/../lib/gcc/arm-none-eabi/12.3.1/../../../../arm-none-eabi/lib/thumb/v7e-m+fp/hard\libm.a(libm_a-s_scalbn.o)
                0x0800e4a8                scalbn
 .text.with_errno
                0x0800e5a4       0x24 C:/ST/STM32CubeCLT_1.17.0/GNU-tools-for-STM32/bin/../lib/gcc/arm-none-eabi/12.3.1/../../../../arm-none-eabi/lib/thumb/v7e-m+fp/hard\libm.a(libm_a-math_err.o)
 .text.xflow    0x0800e5c8       0x32 C:/ST/STM32CubeCLT_1.17.0/GNU-tools-for-STM32/bin/../lib/gcc/arm-none-eabi/12.3.1/../../../../arm-none-eabi/lib/thumb/v7e-m+fp/hard\libm.a(libm_a-math_err.o)
 *fill*         0x0800e5fa        0x6 
 .text.__math_uflow
                0x0800e600       0x10 C:/ST/STM32CubeCLT_1.17.0/GNU-tools-for-STM32/bin/../lib/gcc/arm-none-eabi/12.3.1/../../../../arm-none-eabi/lib/thumb/v7e-m+fp/hard\libm.a(libm_a-math_err.o)
                0x0800e600                __math_uflow
 .text.__math_oflow
                0x0800e610       0x10 C:/ST/STM32CubeCLT_1.17.0/GNU-tools-for-STM32/bin/../lib/gcc/arm-none-eabi/12.3.1/../../../../arm-none-eabi/lib/thumb/v7e-m+fp/hard\libm.a(libm_a-math_err.o)
                0x0800e610                __math_oflow
 .text.__kernel_rem_pio2
                0x0800e620      0x6b0 C:/ST/STM32CubeCLT_1.17.0/GNU-tools-for-STM32/bin/../lib/gcc/arm-none-eabi/12.3.1/../../../../arm-none-eabi/lib/thumb/v7e-m+fp/hard\libm.a(libm_a-k_rem_pio2.o)
                0x0800e620                __kernel_rem_pio2
 .text.floor    0x0800ecd0       0xf8 C:/ST/STM32CubeCLT_1.17.0/GNU-tools-for-STM32/bin/../lib/gcc/arm-none-eabi/12.3.1/../../../../arm-none-eabi/lib/thumb/v7e-m+fp/hard\libm.a(libm_a-s_floor.o)
                0x0800ecd0                floor
 *(.glue_7)
 .glue_7        0x0800edc8        0x0 linker stubs
 *(.glue_7t)
 .glue_7t       0x0800edc8        0x0 linker stubs
 *(.eh_frame)
 .eh_frame      0x0800edc8        0x0 C:/ST/STM32CubeCLT_1.17.0/GNU-tools-for-STM32/bin/../lib/gcc/arm-none-eabi/12.3.1/thumb/v7e-m+fp/hard/crtbegin.o
 *(.init)
 .init          0x0800edc8        0x4 C:/ST/STM32CubeCLT_1.17.0/GNU-tools-for-STM32/bin/../lib/gcc/arm-none-eabi/12.3.1/thumb/v7e-m+fp/hard/crti.o
                0x0800edc8                _init
 .init          0x0800edcc        0x8 C:/ST/STM32CubeCLT_1.17.0/GNU-tools-for-STM32/bin/../lib/gcc/arm-none-eabi/12.3.1/thumb/v7e-m+fp/hard/crtn.o
 *(.fini)
 .fini          0x0800edd4        0x4 C:/ST/STM32CubeCLT_1.17.0/GNU-tools-for-STM32/bin/../lib/gcc/arm-none-eabi/12.3.1/thumb/v7e-m+fp/hard/crti.o
                0x0800edd4                _fini
 .fini          0x0800edd8        0x8 C:/ST/STM32CubeCLT_1.17.0/GNU-tools-for-STM32/bin/../lib/gcc/arm-none-eabi/12.3.1/thumb/v7e-m+fp/hard/crtn.o
                0x0800ede0                        . = ALIGN (0x4)
                0x0800ede0                        _etext = .

.vfp11_veneer   0x0800ede0        0x0
 .vfp11_veneer  0x0800ede0        0x0 linker stubs

.v4_bx          0x0800ede0        0x0
 .v4_bx         0x0800ede0        0x0 linker stubs

.iplt           0x0800ede0        0x0
 .iplt          0x0800ede0        0x0 C:/ST/STM32CubeCLT_1.17.0/GNU-tools-for-STM32/bin/../lib/gcc/arm-none-eabi/12.3.1/thumb/v7e-m+fp/hard/crtbegin.o

.rodata         0x0800ede0      0x700
                0x0800ede0                        . = ALIGN (0x4)
 *(.rodata)
 .rodata        0x0800ede0       0x23 CMakeFiles/Kalman_Filter_Comparison_Project_STM32.dir/Core/Src/gps_neo6.c.obj
 *fill*         0x0800ee03        0x1 
 .rodata        0x0800ee04       0x28 CMakeFiles/Kalman_Filter_Comparison_Project_STM32.dir/Core/Src/ekf_1.c.obj
 *(.rodata*)
 .rodata._printf_float.str1.1
                0x0800ee2c       0x12 C:/ST/STM32CubeCLT_1.17.0/GNU-tools-for-STM32/bin/../lib/gcc/arm-none-eabi/12.3.1/../../../../arm-none-eabi/lib/thumb/v7e-m+fp/hard\libc_nano.a(libc_a-nano-vfprintf_float.o)
 .rodata._printf_i.str1.1
                0x0800ee3e       0x22 C:/ST/STM32CubeCLT_1.17.0/GNU-tools-for-STM32/bin/../lib/gcc/arm-none-eabi/12.3.1/../../../../arm-none-eabi/lib/thumb/v7e-m+fp/hard\libc_nano.a(libc_a-nano-vfprintf_i.o)
 .rodata._dtoa_r.str1.1
                0x0800ee60       0x8d C:/ST/STM32CubeCLT_1.17.0/GNU-tools-for-STM32/bin/../lib/gcc/arm-none-eabi/12.3.1/../../../../arm-none-eabi/lib/thumb/v7e-m+fp/hard\libc_nano.a(libc_a-dtoa.o)
                                 0x8f (size before relaxing)
 .rodata._Balloc.str1.1
                0x0800eeed       0x59 C:/ST/STM32CubeCLT_1.17.0/GNU-tools-for-STM32/bin/../lib/gcc/arm-none-eabi/12.3.1/../../../../arm-none-eabi/lib/thumb/v7e-m+fp/hard\libc_nano.a(libc_a-mprec.o)
                                 0x70 (size before relaxing)
 .rodata.__multadd.str1.1
                0x0800ef46       0x11 C:/ST/STM32CubeCLT_1.17.0/GNU-tools-for-STM32/bin/../lib/gcc/arm-none-eabi/12.3.1/../../../../arm-none-eabi/lib/thumb/v7e-m+fp/hard\libc_nano.a(libc_a-mprec.o)
 *fill*         0x0800ef46        0x2 
 .rodata.p05.0  0x0800ef48        0xc C:/ST/STM32CubeCLT_1.17.0/GNU-tools-for-STM32/bin/../lib/gcc/arm-none-eabi/12.3.1/../../../../arm-none-eabi/lib/thumb/v7e-m+fp/hard\libc_nano.a(libc_a-mprec.o)
 *fill*         0x0800ef54        0x4 
 .rodata.__mprec_bigtens
                0x0800ef58       0x28 C:/ST/STM32CubeCLT_1.17.0/GNU-tools-for-STM32/bin/../lib/gcc/arm-none-eabi/12.3.1/../../../../arm-none-eabi/lib/thumb/v7e-m+fp/hard\libc_nano.a(libc_a-mprec.o)
                0x0800ef58                __mprec_bigtens
 .rodata.__mprec_tens
                0x0800ef80       0xc8 C:/ST/STM32CubeCLT_1.17.0/GNU-tools-for-STM32/bin/../lib/gcc/arm-none-eabi/12.3.1/../../../../arm-none-eabi/lib/thumb/v7e-m+fp/hard\libc_nano.a(libc_a-mprec.o)
                0x0800ef80                __mprec_tens
 .rodata._setlocale_r.str1.1
                0x0800f048        0x8 C:/ST/STM32CubeCLT_1.17.0/GNU-tools-for-STM32/bin/../lib/gcc/arm-none-eabi/12.3.1/../../../../arm-none-eabi/lib/thumb/v7e-m+fp/hard\libc_nano.a(libc_a-locale.o)
                                  0x9 (size before relaxing)
 .rodata.str1.1
                0x0800f050        0x2 C:/ST/STM32CubeCLT_1.17.0/GNU-tools-for-STM32/bin/../lib/gcc/arm-none-eabi/12.3.1/../../../../arm-none-eabi/lib/thumb/v7e-m+fp/hard\libc_nano.a(libc_a-locale.o)
 .rodata.__assert_func.str1.1
                0x0800f052       0x3c C:/ST/STM32CubeCLT_1.17.0/GNU-tools-for-STM32/bin/../lib/gcc/arm-none-eabi/12.3.1/../../../../arm-none-eabi/lib/thumb/v7e-m+fp/hard\libc_nano.a(libc_a-assert.o)
                                 0x3d (size before relaxing)
 .rodata._ctype_
                0x0800f08e      0x101 C:/ST/STM32CubeCLT_1.17.0/GNU-tools-for-STM32/bin/../lib/gcc/arm-none-eabi/12.3.1/../../../../arm-none-eabi/lib/thumb/v7e-m+fp/hard\libc_nano.a(libc_a-ctype_.o)
                0x0800f08e                _ctype_
 .rodata._vfprintf_r.str1.1
                0x0800f18f       0x11 C:/ST/STM32CubeCLT_1.17.0/GNU-tools-for-STM32/bin/../lib/gcc/arm-none-eabi/12.3.1/../../../../arm-none-eabi/lib/thumb/v7e-m+fp/hard\libc_nano.a(libc_a-nano-vfprintf.o)
 .rodata.reg    0x0800f1a0       0x2a CMakeFiles/Kalman_Filter_Comparison_Project_STM32.dir/Core/Src/inv_mpu.c.obj
                0x0800f1a0                reg
 *fill*         0x0800f1ca        0x2 
 .rodata.hw     0x0800f1cc        0xe CMakeFiles/Kalman_Filter_Comparison_Project_STM32.dir/Core/Src/inv_mpu.c.obj
                0x0800f1cc                hw
 *fill*         0x0800f1da        0x2 
 .rodata.test   0x0800f1dc       0x30 CMakeFiles/Kalman_Filter_Comparison_Project_STM32.dir/Core/Src/inv_mpu.c.obj
                0x0800f1dc                test
 .rodata.AHBPrescTable
                0x0800f20c       0x10 CMakeFiles/Kalman_Filter_Comparison_Project_STM32.dir/Core/Src/system_stm32f4xx.c.obj
                0x0800f20c                AHBPrescTable
 .rodata.APBPrescTable
                0x0800f21c        0x8 CMakeFiles/Kalman_Filter_Comparison_Project_STM32.dir/Core/Src/system_stm32f4xx.c.obj
                0x0800f21c                APBPrescTable
 .rodata._strtod_l.str1.1
                0x0800f224       0x11 C:/ST/STM32CubeCLT_1.17.0/GNU-tools-for-STM32/bin/../lib/gcc/arm-none-eabi/12.3.1/../../../../arm-none-eabi/lib/thumb/v7e-m+fp/hard\libg_nano.a(libc_a-strtod.o)
                                  0xf (size before relaxing)
 .rodata.fpinan.0
                0x0800f224       0x14 C:/ST/STM32CubeCLT_1.17.0/GNU-tools-for-STM32/bin/../lib/gcc/arm-none-eabi/12.3.1/../../../../arm-none-eabi/lib/thumb/v7e-m+fp/hard\libg_nano.a(libc_a-strtod.o)
 .rodata.fpi.1  0x0800f238       0x14 C:/ST/STM32CubeCLT_1.17.0/GNU-tools-for-STM32/bin/../lib/gcc/arm-none-eabi/12.3.1/../../../../arm-none-eabi/lib/thumb/v7e-m+fp/hard\libg_nano.a(libc_a-strtod.o)
 *fill*         0x0800f24c        0x4 
 .rodata.tinytens
                0x0800f250       0x28 C:/ST/STM32CubeCLT_1.17.0/GNU-tools-for-STM32/bin/../lib/gcc/arm-none-eabi/12.3.1/../../../../arm-none-eabi/lib/thumb/v7e-m+fp/hard\libg_nano.a(libc_a-strtod.o)
 .rodata.__gethex.str1.1
                0x0800f278       0x60 C:/ST/STM32CubeCLT_1.17.0/GNU-tools-for-STM32/bin/../lib/gcc/arm-none-eabi/12.3.1/../../../../arm-none-eabi/lib/thumb/v7e-m+fp/hard\libg_nano.a(libc_a-gdtoa-gethex.o)
                                 0x73 (size before relaxing)
 .rodata._svfprintf_r.str1.1
                0x0800f2d8       0x11 C:/ST/STM32CubeCLT_1.17.0/GNU-tools-for-STM32/bin/../lib/gcc/arm-none-eabi/12.3.1/../../../../arm-none-eabi/lib/thumb/v7e-m+fp/hard\libg_nano.a(libc_a-nano-svfprintf.o)
 .rodata.dp_l   0x0800f2d8       0x10 C:/ST/STM32CubeCLT_1.17.0/GNU-tools-for-STM32/bin/../lib/gcc/arm-none-eabi/12.3.1/../../../../arm-none-eabi/lib/thumb/v7e-m+fp/hard\libm.a(libm_a-e_pow.o)
 .rodata.dp_h   0x0800f2e8       0x10 C:/ST/STM32CubeCLT_1.17.0/GNU-tools-for-STM32/bin/../lib/gcc/arm-none-eabi/12.3.1/../../../../arm-none-eabi/lib/thumb/v7e-m+fp/hard\libm.a(libm_a-e_pow.o)
 .rodata.bp     0x0800f2f8       0x10 C:/ST/STM32CubeCLT_1.17.0/GNU-tools-for-STM32/bin/../lib/gcc/arm-none-eabi/12.3.1/../../../../arm-none-eabi/lib/thumb/v7e-m+fp/hard\libm.a(libm_a-e_pow.o)
 .rodata.npio2_hw
                0x0800f308       0x80 C:/ST/STM32CubeCLT_1.17.0/GNU-tools-for-STM32/bin/../lib/gcc/arm-none-eabi/12.3.1/../../../../arm-none-eabi/lib/thumb/v7e-m+fp/hard\libm.a(libm_a-e_rem_pio2.o)
 .rodata.two_over_pi
                0x0800f388      0x108 C:/ST/STM32CubeCLT_1.17.0/GNU-tools-for-STM32/bin/../lib/gcc/arm-none-eabi/12.3.1/../../../../arm-none-eabi/lib/thumb/v7e-m+fp/hard\libm.a(libm_a-e_rem_pio2.o)
 .rodata.PIo2   0x0800f490       0x40 C:/ST/STM32CubeCLT_1.17.0/GNU-tools-for-STM32/bin/../lib/gcc/arm-none-eabi/12.3.1/../../../../arm-none-eabi/lib/thumb/v7e-m+fp/hard\libm.a(libm_a-k_rem_pio2.o)
 .rodata.init_jk
                0x0800f4d0       0x10 C:/ST/STM32CubeCLT_1.17.0/GNU-tools-for-STM32/bin/../lib/gcc/arm-none-eabi/12.3.1/../../../../arm-none-eabi/lib/thumb/v7e-m+fp/hard\libm.a(libm_a-k_rem_pio2.o)
                0x0800f4e0                        . = ALIGN (0x4)

.ARM.extab
 *(.ARM.extab* .gnu.linkonce.armextab.*)

.ARM            0x0800f4e0        0x8
                0x0800f4e0                        __exidx_start = .
 *(.ARM.exidx*)
 .ARM.exidx     0x0800f4e0        0x8 C:/ST/STM32CubeCLT_1.17.0/GNU-tools-for-STM32/bin/../lib/gcc/arm-none-eabi/12.3.1/../../../../arm-none-eabi/lib/thumb/v7e-m+fp/hard\libc_nano.a(libc_a-memchr.o)
 .ARM.exidx     0x0800f4e8        0x0 C:/ST/STM32CubeCLT_1.17.0/GNU-tools-for-STM32/bin/../lib/gcc/arm-none-eabi/12.3.1/../../../../arm-none-eabi/lib/thumb/v7e-m+fp/hard\libc_nano.a(libc_a-strlen.o)
                                  0x8 (size before relaxing)
 .ARM.exidx     0x0800f4e8        0x0 C:/ST/STM32CubeCLT_1.17.0/GNU-tools-for-STM32/bin/../lib/gcc/arm-none-eabi/12.3.1/../../../../arm-none-eabi/lib/thumb/v7e-m+fp/hard\libc_nano.a(libc_a-strcmp.o)
                                  0x8 (size before relaxing)
 .ARM.exidx     0x0800f4e8        0x0 C:/ST/STM32CubeCLT_1.17.0/GNU-tools-for-STM32/bin/../lib/gcc/arm-none-eabi/12.3.1/thumb/v7e-m+fp/hard\libgcc.a(_udivmoddi4.o)
                                  0x8 (size before relaxing)
                0x0800f4e8                        __exidx_end = .

.rel.dyn        0x0800f4e8        0x0
 .rel.iplt      0x0800f4e8        0x0 C:/ST/STM32CubeCLT_1.17.0/GNU-tools-for-STM32/bin/../lib/gcc/arm-none-eabi/12.3.1/thumb/v7e-m+fp/hard/crtbegin.o

.preinit_array  0x0800f4e8        0x0
                0x0800f4e8                        PROVIDE (__preinit_array_start = .)
 *(.preinit_array*)
                0x0800f4e8                        PROVIDE (__preinit_array_end = .)

.init_array     0x0800f4e8        0x4
                0x0800f4e8                        PROVIDE (__init_array_start = .)
 *(SORT_BY_NAME(.init_array.*))
 *(.init_array*)
 .init_array    0x0800f4e8        0x4 C:/ST/STM32CubeCLT_1.17.0/GNU-tools-for-STM32/bin/../lib/gcc/arm-none-eabi/12.3.1/thumb/v7e-m+fp/hard/crtbegin.o
                0x0800f4ec                        PROVIDE (__init_array_end = .)

.fini_array     0x0800f4ec        0x4
                [!provide]                        PROVIDE (__fini_array_start = .)
 *(SORT_BY_NAME(.fini_array.*))
 *(.fini_array*)
 .fini_array    0x0800f4ec        0x4 C:/ST/STM32CubeCLT_1.17.0/GNU-tools-for-STM32/bin/../lib/gcc/arm-none-eabi/12.3.1/thumb/v7e-m+fp/hard/crtbegin.o
                [!provide]                        PROVIDE (__fini_array_end = .)
                0x0800f4f0                        _sidata = LOADADDR (.data)

.data           0x20000000      0x238 load address 0x0800f4f0
                0x20000000                        . = ALIGN (0x4)
                0x20000000                        _sdata = .
 *(.data)
 *(.data*)
 .data.__sglue  0x20000000        0xc C:/ST/STM32CubeCLT_1.17.0/GNU-tools-for-STM32/bin/../lib/gcc/arm-none-eabi/12.3.1/../../../../arm-none-eabi/lib/thumb/v7e-m+fp/hard\libc_nano.a(libc_a-findfp.o)
                0x20000000                __sglue
 .data._impure_ptr
                0x2000000c        0x4 C:/ST/STM32CubeCLT_1.17.0/GNU-tools-for-STM32/bin/../lib/gcc/arm-none-eabi/12.3.1/../../../../arm-none-eabi/lib/thumb/v7e-m+fp/hard\libc_nano.a(libc_a-impure.o)
                0x2000000c                _impure_ptr
 .data._impure_data
                0x20000010       0x4c C:/ST/STM32CubeCLT_1.17.0/GNU-tools-for-STM32/bin/../lib/gcc/arm-none-eabi/12.3.1/../../../../arm-none-eabi/lib/thumb/v7e-m+fp/hard\libc_nano.a(libc_a-impure.o)
                0x20000010                _impure_data
 .data.__global_locale
                0x2000005c      0x16c C:/ST/STM32CubeCLT_1.17.0/GNU-tools-for-STM32/bin/../lib/gcc/arm-none-eabi/12.3.1/../../../../arm-none-eabi/lib/thumb/v7e-m+fp/hard\libc_nano.a(libc_a-locale.o)
                0x2000005c                __global_locale
 .data.st       0x200001c8       0x38 CMakeFiles/Kalman_Filter_Comparison_Project_STM32.dir/Core/Src/inv_mpu.c.obj
 .data.dT       0x20000200        0x8 CMakeFiles/Kalman_Filter_Comparison_Project_STM32.dir/Core/Src/ekf_1.c.obj
                0x20000200                dT
 .data.s_w      0x20000208        0x8 CMakeFiles/Kalman_Filter_Comparison_Project_STM32.dir/Core/Src/ekf_1.c.obj
                0x20000208                s_w
 .data.s_z      0x20000210        0x8 CMakeFiles/Kalman_Filter_Comparison_Project_STM32.dir/Core/Src/ekf_1.c.obj
                0x20000210                s_z
 .data.uwTickPrio
                0x20000218        0x4 CMakeFiles/Kalman_Filter_Comparison_Project_STM32.dir/Drivers/STM32F4xx_HAL_Driver/Src/stm32f4xx_hal.c.obj
                0x20000218                uwTickPrio
 .data.uwTickFreq
                0x2000021c        0x1 CMakeFiles/Kalman_Filter_Comparison_Project_STM32.dir/Drivers/STM32F4xx_HAL_Driver/Src/stm32f4xx_hal.c.obj
                0x2000021c                uwTickFreq
 *fill*         0x2000021d        0x3 
 .data.SystemCoreClock
                0x20000220        0x4 CMakeFiles/Kalman_Filter_Comparison_Project_STM32.dir/Core/Src/system_stm32f4xx.c.obj
                0x20000220                SystemCoreClock
 *fill*         0x20000224        0x4 
 .data.tiny     0x20000228        0x8 C:/ST/STM32CubeCLT_1.17.0/GNU-tools-for-STM32/bin/../lib/gcc/arm-none-eabi/12.3.1/../../../../arm-none-eabi/lib/thumb/v7e-m+fp/hard\libm.a(libm_a-e_sqrt.o)
 .data.one      0x20000230        0x8 C:/ST/STM32CubeCLT_1.17.0/GNU-tools-for-STM32/bin/../lib/gcc/arm-none-eabi/12.3.1/../../../../arm-none-eabi/lib/thumb/v7e-m+fp/hard\libm.a(libm_a-e_sqrt.o)
                0x20000238                        . = ALIGN (0x4)
                0x20000238                        _edata = .

.igot.plt       0x20000238        0x0 load address 0x0800f728
 .igot.plt      0x20000238        0x0 C:/ST/STM32CubeCLT_1.17.0/GNU-tools-for-STM32/bin/../lib/gcc/arm-none-eabi/12.3.1/thumb/v7e-m+fp/hard/crtbegin.o
                0x20000238                        . = ALIGN (0x4)

.bss            0x20000238      0x4f0 load address 0x0800f728
                0x20000238                        _sbss = .
                0x20000238                        __bss_start__ = _sbss
 *(.bss)
 .bss           0x20000238       0x1c C:/ST/STM32CubeCLT_1.17.0/GNU-tools-for-STM32/bin/../lib/gcc/arm-none-eabi/12.3.1/thumb/v7e-m+fp/hard/crtbegin.o
 *(.bss*)
 .bss.__sf      0x20000254      0x138 C:/ST/STM32CubeCLT_1.17.0/GNU-tools-for-STM32/bin/../lib/gcc/arm-none-eabi/12.3.1/../../../../arm-none-eabi/lib/thumb/v7e-m+fp/hard\libc_nano.a(libc_a-findfp.o)
                0x20000254                __sf
 .bss.__stdio_exit_handler
                0x2000038c        0x4 C:/ST/STM32CubeCLT_1.17.0/GNU-tools-for-STM32/bin/../lib/gcc/arm-none-eabi/12.3.1/../../../../arm-none-eabi/lib/thumb/v7e-m+fp/hard\libc_nano.a(libc_a-findfp.o)
                0x2000038c                __stdio_exit_handler
 .bss.errno     0x20000390        0x4 C:/ST/STM32CubeCLT_1.17.0/GNU-tools-for-STM32/bin/../lib/gcc/arm-none-eabi/12.3.1/../../../../arm-none-eabi/lib/thumb/v7e-m+fp/hard\libc_nano.a(libc_a-reent.o)
                0x20000390                errno